Archive member included to satisfy reference by file (symbol)

c:/Users/P Ngubo/AppData/Roaming/Code/User/globalStorage/bmd.stm32-for-vscode/@xpack-dev-tools/arm-none-eabi-gcc/14.2.1-1.1.1/.content/bin/../lib/gcc/arm-none-eabi/14.2.1/../../../../arm-none-eabi/lib/thumb/v7e-m+fp/hard\libc_nano.a(libc_a-atexit.o)
                              c:/Users/P Ngubo/AppData/Roaming/Code/User/globalStorage/bmd.stm32-for-vscode/@xpack-dev-tools/arm-none-eabi-gcc/14.2.1-1.1.1/.content/bin/../lib/gcc/arm-none-eabi/14.2.1/../../../../arm-none-eabi/lib/thumb/v7e-m+fp/hard/crt0.o (atexit)
c:/Users/P Ngubo/AppData/Roaming/Code/User/globalStorage/bmd.stm32-for-vscode/@xpack-dev-tools/arm-none-eabi-gcc/14.2.1-1.1.1/.content/bin/../lib/gcc/arm-none-eabi/14.2.1/../../../../arm-none-eabi/lib/thumb/v7e-m+fp/hard\libc_nano.a(libc_a-exit.o)
                              c:/Users/P Ngubo/AppData/Roaming/Code/User/globalStorage/bmd.stm32-for-vscode/@xpack-dev-tools/arm-none-eabi-gcc/14.2.1-1.1.1/.content/bin/../lib/gcc/arm-none-eabi/14.2.1/../../../../arm-none-eabi/lib/thumb/v7e-m+fp/hard/crt0.o (exit)
c:/Users/P Ngubo/AppData/Roaming/Code/User/globalStorage/bmd.stm32-for-vscode/@xpack-dev-tools/arm-none-eabi-gcc/14.2.1-1.1.1/.content/bin/../lib/gcc/arm-none-eabi/14.2.1/../../../../arm-none-eabi/lib/thumb/v7e-m+fp/hard\libc_nano.a(libc_a-findfp.o)
                              c:/Users/P Ngubo/AppData/Roaming/Code/User/globalStorage/bmd.stm32-for-vscode/@xpack-dev-tools/arm-none-eabi-gcc/14.2.1-1.1.1/.content/bin/../lib/gcc/arm-none-eabi/14.2.1/../../../../arm-none-eabi/lib/thumb/v7e-m+fp/hard\libc_nano.a(libc_a-exit.o) (__stdio_exit_handler)
c:/Users/P Ngubo/AppData/Roaming/Code/User/globalStorage/bmd.stm32-for-vscode/@xpack-dev-tools/arm-none-eabi-gcc/14.2.1-1.1.1/.content/bin/../lib/gcc/arm-none-eabi/14.2.1/../../../../arm-none-eabi/lib/thumb/v7e-m+fp/hard\libc_nano.a(libc_a-fwalk.o)
                              c:/Users/P Ngubo/AppData/Roaming/Code/User/globalStorage/bmd.stm32-for-vscode/@xpack-dev-tools/arm-none-eabi-gcc/14.2.1-1.1.1/.content/bin/../lib/gcc/arm-none-eabi/14.2.1/../../../../arm-none-eabi/lib/thumb/v7e-m+fp/hard\libc_nano.a(libc_a-findfp.o) (_fwalk_sglue)
c:/Users/P Ngubo/AppData/Roaming/Code/User/globalStorage/bmd.stm32-for-vscode/@xpack-dev-tools/arm-none-eabi-gcc/14.2.1-1.1.1/.content/bin/../lib/gcc/arm-none-eabi/14.2.1/../../../../arm-none-eabi/lib/thumb/v7e-m+fp/hard\libc_nano.a(libc_a-stdio.o)
                              c:/Users/P Ngubo/AppData/Roaming/Code/User/globalStorage/bmd.stm32-for-vscode/@xpack-dev-tools/arm-none-eabi-gcc/14.2.1-1.1.1/.content/bin/../lib/gcc/arm-none-eabi/14.2.1/../../../../arm-none-eabi/lib/thumb/v7e-m+fp/hard\libc_nano.a(libc_a-findfp.o) (__sread)
c:/Users/P Ngubo/AppData/Roaming/Code/User/globalStorage/bmd.stm32-for-vscode/@xpack-dev-tools/arm-none-eabi-gcc/14.2.1-1.1.1/.content/bin/../lib/gcc/arm-none-eabi/14.2.1/../../../../arm-none-eabi/lib/thumb/v7e-m+fp/hard\libc_nano.a(libc_a-memset.o)
                              c:/Users/P Ngubo/AppData/Roaming/Code/User/globalStorage/bmd.stm32-for-vscode/@xpack-dev-tools/arm-none-eabi-gcc/14.2.1-1.1.1/.content/bin/../lib/gcc/arm-none-eabi/14.2.1/../../../../arm-none-eabi/lib/thumb/v7e-m+fp/hard/crt0.o (memset)
c:/Users/P Ngubo/AppData/Roaming/Code/User/globalStorage/bmd.stm32-for-vscode/@xpack-dev-tools/arm-none-eabi-gcc/14.2.1-1.1.1/.content/bin/../lib/gcc/arm-none-eabi/14.2.1/../../../../arm-none-eabi/lib/thumb/v7e-m+fp/hard\libc_nano.a(libc_a-closer.o)
                              c:/Users/P Ngubo/AppData/Roaming/Code/User/globalStorage/bmd.stm32-for-vscode/@xpack-dev-tools/arm-none-eabi-gcc/14.2.1-1.1.1/.content/bin/../lib/gcc/arm-none-eabi/14.2.1/../../../../arm-none-eabi/lib/thumb/v7e-m+fp/hard\libc_nano.a(libc_a-stdio.o) (_close_r)
c:/Users/P Ngubo/AppData/Roaming/Code/User/globalStorage/bmd.stm32-for-vscode/@xpack-dev-tools/arm-none-eabi-gcc/14.2.1-1.1.1/.content/bin/../lib/gcc/arm-none-eabi/14.2.1/../../../../arm-none-eabi/lib/thumb/v7e-m+fp/hard\libc_nano.a(libc_a-reent.o)
                              c:/Users/P Ngubo/AppData/Roaming/Code/User/globalStorage/bmd.stm32-for-vscode/@xpack-dev-tools/arm-none-eabi-gcc/14.2.1-1.1.1/.content/bin/../lib/gcc/arm-none-eabi/14.2.1/../../../../arm-none-eabi/lib/thumb/v7e-m+fp/hard\libc_nano.a(libc_a-closer.o) (errno)
c:/Users/P Ngubo/AppData/Roaming/Code/User/globalStorage/bmd.stm32-for-vscode/@xpack-dev-tools/arm-none-eabi-gcc/14.2.1-1.1.1/.content/bin/../lib/gcc/arm-none-eabi/14.2.1/../../../../arm-none-eabi/lib/thumb/v7e-m+fp/hard\libc_nano.a(libc_a-impure.o)
                              c:/Users/P Ngubo/AppData/Roaming/Code/User/globalStorage/bmd.stm32-for-vscode/@xpack-dev-tools/arm-none-eabi-gcc/14.2.1-1.1.1/.content/bin/../lib/gcc/arm-none-eabi/14.2.1/../../../../arm-none-eabi/lib/thumb/v7e-m+fp/hard\libc_nano.a(libc_a-reent.o) (_impure_ptr)
[...]
Memory Configuration

Name             Origin             Length             Attributes
RAM              0x20000000         0x00020000         xrw
FLASH            0x08000000         0x00040000         xr
*default*        0x00000000         0xffffffff

Linker script and memory map

LOAD c:/Users/P Ngubo/AppData/Roaming/Code/User/globalStorage/bmd.stm32-for-vscode/@xpack-dev-tools/arm-none-eabi-gcc/14.2.1-1.1.1/.content/bin/../lib/gcc/arm-none-eabi/14.2.1/thumb/v7e-m+fp/hard/crti.o
LOAD c:/Users/P Ngubo/AppData/Roaming/Code/User/globalStorage/bmd.stm32-for-vscode/@xpack-dev-tools/arm-none-eabi-gcc/14.2.1-1.1.1/.content/bin/../lib/gcc/arm-none-eabi/14.2.1/thumb/v7e-m+fp/hard/crtbegin.o
LOAD c:/Users/P Ngubo/AppData/Roaming/Code/User/globalStorage/bmd.stm32-for-vscode/@xpack-dev-tools/arm-none-eabi-gcc/14.2.1-1.1.1/.content/bin/../lib/gcc/arm-none-eabi/14.2.1/../../../../arm-none-eabi/lib/thumb/v7e-m+fp/hard/crt0.o
LOAD build/debug/lcd_stm32f4.o
LOAD build/debug/main.o
LOAD build/debug/stm32f4xx_hal.o
LOAD build/debug/stm32f4xx_hal_cortex.o
LOAD build/debug/stm32f4xx_hal_dma.o
LOAD build/debug/stm32f4xx_hal_dma_ex.o
LOAD build/debug/stm32f4xx_hal_exti.o
LOAD build/debug/stm32f4xx_hal_flash.o
LOAD build/debug/stm32f4xx_hal_flash_ex.o
LOAD build/debug/stm32f4xx_hal_flash_ramfunc.o
LOAD build/debug/stm32f4xx_hal_gpio.o
LOAD build/debug/stm32f4xx_hal_msp.o
LOAD build/debug/stm32f4xx_hal_pwr.o
LOAD build/debug/stm32f4xx_hal_pwr_ex.o
LOAD build/debug/stm32f4xx_hal_rcc.o
LOAD build/debug/stm32f4xx_hal_rcc_ex.o
LOAD build/debug/stm32f4xx_hal_tim.o
LOAD build/debug/stm32f4xx_hal_tim_ex.o
LOAD build/debug/stm32f4xx_hal_uart.o
LOAD build/debug/stm32f4xx_it.o
LOAD build/debug/syscalls.o
LOAD build/debug/sysmem.o
LOAD build/debug/system_stm32f4xx.o
LOAD build/debug/startup_stm32f446xx.o
LOAD c:/Users/P Ngubo/AppData/Roaming/Code/User/globalStorage/bmd.stm32-for-vscode/@xpack-dev-tools/arm-none-eabi-gcc/14.2.1-1.1.1/.content/bin/../lib/gcc/arm-none-eabi/14.2.1/../../../../arm-none-eabi/lib/thumb/v7e-m+fp/hard\libc_nano.a
LOAD c:/Users/P Ngubo/AppData/Roaming/Code/User/globalStorage/bmd.stm32-for-vscode/@xpack-dev-tools/arm-none-eabi-gcc/14.2.1-1.1.1/.content/bin/../lib/gcc/arm-none-eabi/14.2.1/../../../../arm-none-eabi/lib/thumb/v7e-m+fp/hard\libm.a
LOAD c:/Users/P Ngubo/AppData/Roaming/Code/User/globalStorage/bmd.stm32-for-vscode/@xpack-dev-tools/arm-none-eabi-gcc/14.2.1-1.1.1/.content/bin/../lib/gcc/arm-none-eabi/14.2.1/../../../../arm-none-eabi/lib/thumb/v7e-m+fp/hard\libnosys.a
START GROUP
LOAD c:/Users/P Ngubo/AppData/Roaming/Code/User/globalStorage/bmd.stm32-for-vscode/@xpack-dev-tools/arm-none-eabi-gcc/14.2.1-1.1.1/.content/bin/../lib/gcc/arm-none-eabi/14.2.1/thumb/v7e-m+fp/hard\libgcc.a
LOAD c:/Users/P Ngubo/AppData/Roaming/Code/User/globalStorage/bmd.stm32-for-vscode/@xpack-dev-tools/arm-none-eabi-gcc/14.2.1-1.1.1/.content/bin/../lib/gcc/arm-none-eabi/14.2.1/../../../../arm-none-eabi/lib/thumb/v7e-m+fp/hard\libc_nano.a
END GROUP
START GROUP
LOAD c:/Users/P Ngubo/AppData/Roaming/Code/User/globalStorage/bmd.stm32-for-vscode/@xpack-dev-tools/arm-none-eabi-gcc/14.2.1-1.1.1/.content/bin/../lib/gcc/arm-none-eabi/14.2.1/thumb/v7e-m+fp/hard\libgcc.a
LOAD c:/Users/P Ngubo/AppData/Roaming/Code/User/globalStorage/bmd.stm32-for-vscode/@xpack-dev-tools/arm-none-eabi-gcc/14.2.1-1.1.1/.content/bin/../lib/gcc/arm-none-eabi/14.2.1/../../../../arm-none-eabi/lib/thumb/v7e-m+fp/hard\libc_nano.a
END GROUP
LOAD c:/Users/P Ngubo/AppData/Roaming/Code/User/globalStorage/bmd.stm32-for-vscode/@xpack-dev-tools/arm-none-eabi-gcc/14.2.1-1.1.1/.content/bin/../lib/gcc/arm-none-eabi/14.2.1/thumb/v7e-m+fp/hard/crtend.o
LOAD c:/Users/P Ngubo/AppData/Roaming/Code/User/globalStorage/bmd.stm32-for-vscode/@xpack-dev-tools/arm-none-eabi-gcc/14.2.1-1.1.1/.content/bin/../lib/gcc/arm-none-eabi/14.2.1/thumb/v7e-m+fp/hard/crtn.o
                0x20020000                        _estack = (ORIGIN (RAM) + LENGTH (RAM))
                0x00000200                        _Min_Heap_Size = 0x200
                0x00000400                        _Min_Stack_Size = 0x400

.isr_vector     0x08000000      0x1c4
                0x08000000                        . = ALIGN (0x4)
 *(.isr_vector)
 .isr_vector    0x08000000      0x1c4 build/debug/startup_stm32f446xx.o
                0x08000000                g_pfnVectors
                0x080001c4                        . = ALIGN (0x4)

.text           0x080001c4     0x1a38
                0x080001c4                        . = ALIGN (0x4)
 *(.text)
 .text          0x080001c4       0x10 c:/Users/P Ngubo/AppData/Roaming/Code/User/globalStorage/bmd.stm32-for-vscode/@xpack-dev-tools/arm-none-eabi-gcc/14.2.1-1.1.1/.content/bin/../lib/gcc/arm-none-eabi/14.2.1/../../../../arm-none-eabi/lib/thumb/v7e-m+fp/hard\libc_nano.a(libc_a-strlen.o)
                0x080001c4                strlen
 .text          0x080001d4       0x30 c:/Users/P Ngubo/AppData/Roaming/Code/User/globalStorage/bmd.stm32-for-vscode/@xpack-dev-tools/arm-none-eabi-gcc/14.2.1-1.1.1/.content/bin/../lib/gcc/arm-none-eabi/14.2.1/thumb/v7e-m+fp/hard\libgcc.a(_aeabi_uldivmod.o)
                0x080001d4                __aeabi_uldivmod
 .text          0x08000204        0x4 c:/Users/P Ngubo/AppData/Roaming/Code/User/globalStorage/bmd.stm32-for-vscode/@xpack-dev-tools/arm-none-eabi-gcc/14.2.1-1.1.1/.content/bin/../lib/gcc/arm-none-eabi/14.2.1/thumb/v7e-m+fp/hard\libgcc.a(_dvmd_tls.o)
                0x08000204                __aeabi_idiv0
                0x08000204                __aeabi_ldiv0
 *(.text*)
 .text.__do_global_dtors_aux
                0x08000208       0x24 c:/Users/P Ngubo/AppData/Roaming/Code/User/globalStorage/bmd.stm32-for-vscode/@xpack-dev-tools/arm-none-eabi-gcc/14.2.1-1.1.1/.content/bin/../lib/gcc/arm-none-eabi/14.2.1/thumb/v7e-m+fp/hard/crtbegin.o
 .text.frame_dummy
                0x0800022c       0x1c c:/Users/P Ngubo/AppData/Roaming/Code/User/globalStorage/bmd.stm32-for-vscode/@xpack-dev-tools/arm-none-eabi-gcc/14.2.1-1.1.1/.content/bin/../lib/gcc/arm-none-eabi/14.2.1/thumb/v7e-m+fp/hard/crtbegin.o
 .text.delay    0x08000248       0x20 build/debug/lcd_stm32f4.o
                0x08000248                delay
 .text.pulse_strobe
                0x08000268       0x34 build/debug/lcd_stm32f4.o
                0x08000268                pulse_strobe
 .text.lcd_command
                0x0800029c      0x110 build/debug/lcd_stm32f4.o
                0x0800029c                lcd_command
 .text.init_LCD
                0x080003ac       0x70 build/debug/lcd_stm32f4.o
                0x080003ac                init_LCD
 .text.MX_GPIO_Init
                0x0800041c      0x14c build/debug/main.o
 .text.MX_DMA_Init
                0x08000568       0x34 build/debug/main.o
 .text.EXTI0_IRQHandler
                0x0800059c        0xa build/debug/main.o
                0x0800059c                EXTI0_IRQHandler
 .text.EXTI1_IRQHandler
                0x080005a6        0xa build/debug/main.o
                0x080005a6                EXTI1_IRQHandler
 .text.EXTI2_IRQHandler
                0x080005b0        0xa build/debug/main.o
                0x080005b0                EXTI2_IRQHandler
 .text.EXTI3_IRQHandler
                0x080005ba        0xa build/debug/main.o
                0x080005ba                EXTI3_IRQHandler
 .text.HAL_GPIO_EXTI_Callback
                0x080005c4      0x110 build/debug/main.o
                0x080005c4                HAL_GPIO_EXTI_Callback
 .text.Error_Handler
                0x080006d4        0x4 build/debug/main.o
                0x080006d4                Error_Handler
 .text.UART1_Init
                0x080006d8       0x8c build/debug/main.o
 .text.SystemClock_Config
                0x08000764       0x8c build/debug/main.o
                0x08000764                SystemClock_Config
 .text.main     0x080007f0       0x22 build/debug/main.o
                0x080007f0                main
 *fill*         0x08000812        0x2 
 .text.HAL_InitTick
                0x08000814       0x4c build/debug/stm32f4xx_hal.o
                0x08000814                HAL_InitTick
 .text.HAL_Init
                0x08000860       0x34 build/debug/stm32f4xx_hal.o
                0x08000860                HAL_Init
 .text.HAL_IncTick
                0x08000894       0x18 build/debug/stm32f4xx_hal.o
                0x08000894                HAL_IncTick
 .text.HAL_GetTick
                0x080008ac        0xc build/debug/stm32f4xx_hal.o
                0x080008ac                HAL_GetTick
 .text.__NVIC_EnableIRQ
                0x080008b8       0x1c build/debug/stm32f4xx_hal_cortex.o
 .text.__NVIC_SetPriority
                0x080008d4       0x28 build/debug/stm32f4xx_hal_cortex.o
 .text.NVIC_EncodePriority
                0x080008fc       0x3e build/debug/stm32f4xx_hal_cortex.o
 *fill*         0x0800093a        0x2 
 .text.HAL_NVIC_SetPriorityGrouping
                0x0800093c       0x24 build/debug/stm32f4xx_hal_cortex.o
                0x0800093c                HAL_NVIC_SetPriorityGrouping
 .text.HAL_NVIC_SetPriority
                0x08000960       0x20 build/debug/stm32f4xx_hal_cortex.o
                0x08000960                HAL_NVIC_SetPriority
 .text.HAL_NVIC_EnableIRQ
                0x08000980        0x8 build/debug/stm32f4xx_hal_cortex.o
                0x08000980                HAL_NVIC_EnableIRQ
 .text.HAL_SYSTICK_Config
                0x08000988       0x28 build/debug/stm32f4xx_hal_cortex.o
                0x08000988                HAL_SYSTICK_Config
 .text.HAL_DMA_IRQHandler
                0x080009b0      0x1dc build/debug/stm32f4xx_hal_dma.o
                0x080009b0                HAL_DMA_IRQHandler
 .text.HAL_GPIO_Init
                0x08000b8c      0x1e0 build/debug/stm32f4xx_hal_gpio.o
                0x08000b8c                HAL_GPIO_Init
 .text.HAL_GPIO_WritePin
                0x08000d6c        0xc build/debug/stm32f4xx_hal_gpio.o
                0x08000d6c                HAL_GPIO_WritePin
 .text.HAL_GPIO_EXTI_IRQHandler
                0x08000d78       0x1c build/debug/stm32f4xx_hal_gpio.o
                0x08000d78                HAL_GPIO_EXTI_IRQHandler
 .text.HAL_MspInit
                0x08000d94       0x38 build/debug/stm32f4xx_hal_msp.o
                0x08000d94                HAL_MspInit
 .text.HAL_RCC_ClockConfig
                0x08000dcc      0x160 build/debug/stm32f4xx_hal_rcc.o
                0x08000dcc                HAL_RCC_ClockConfig
 .text.HAL_RCC_GetHCLKFreq
                0x08000f2c        0xc build/debug/stm32f4xx_hal_rcc.o
                0x08000f2c                HAL_RCC_GetHCLKFreq
 .text.HAL_RCC_GetPCLK1Freq
                0x08000f38       0x20 build/debug/stm32f4xx_hal_rcc.o
                0x08000f38                HAL_RCC_GetPCLK1Freq
 .text.HAL_RCC_GetPCLK2Freq
                0x08000f58       0x20 build/debug/stm32f4xx_hal_rcc.o
                0x08000f58                HAL_RCC_GetPCLK2Freq
 .text.HAL_RCC_GetSysClockFreq
                0x08000f78      0x128 build/debug/stm32f4xx_hal_rcc_ex.o
                0x08000f78                HAL_RCC_GetSysClockFreq
 .text.HAL_RCC_OscConfig
                0x080010a0      0x444 build/debug/stm32f4xx_hal_rcc_ex.o
                0x080010a0                HAL_RCC_OscConfig
 .text.UART_EndRxTransfer
                0x080014e4       0x5c build/debug/stm32f4xx_hal_uart.o
 .text.UART_SetConfig
                0x08001540      0x110 build/debug/stm32f4xx_hal_uart.o
 .text.UART_WaitOnFlagUntilTimeout
                0x08001650       0x86 build/debug/stm32f4xx_hal_uart.o
 .text.HAL_UART_MspInit
                0x080016d6        0x2 build/debug/stm32f4xx_hal_uart.o
                0x080016d6                HAL_UART_MspInit
 .text.HAL_UART_Init
                0x080016d8       0x60 build/debug/stm32f4xx_hal_uart.o
                0x080016d8                HAL_UART_Init
 .text.HAL_UART_Transmit
                0x08001738       0xca build/debug/stm32f4xx_hal_uart.o
                0x08001738                HAL_UART_Transmit
 .text.NMI_Handler
                0x08001802        0x2 build/debug/stm32f4xx_it.o
                0x08001802                NMI_Handler
 .text.HardFault_Handler
                0x08001804        0x2 build/debug/stm32f4xx_it.o
                0x08001804                HardFault_Handler
 .text.MemManage_Handler
                0x08001806        0x2 build/debug/stm32f4xx_it.o
                0x08001806                MemManage_Handler
 .text.BusFault_Handler
                0x08001808        0x2 build/debug/stm32f4xx_it.o
                0x08001808                BusFault_Handler
 .text.UsageFault_Handler
                0x0800180a        0x2 build/debug/stm32f4xx_it.o
                0x0800180a                UsageFault_Handler
 .text.SVC_Handler
                0x0800180c        0x2 build/debug/stm32f4xx_it.o
                0x0800180c                SVC_Handler
 .text.DebugMon_Handler
                0x0800180e        0x2 build/debug/stm32f4xx_it.o
                0x0800180e                DebugMon_Handler
 .text.PendSV_Handler
                0x08001810        0x2 build/debug/stm32f4xx_it.o
                0x08001810                PendSV_Handler
 .text.SysTick_Handler
                0x08001812        0x8 build/debug/stm32f4xx_it.o
                0x08001812                SysTick_Handler
 *fill*         0x0800181a        0x2 
 .text.DMA1_Stream5_IRQHandler
                0x0800181c       0x10 build/debug/stm32f4xx_it.o
                0x0800181c                DMA1_Stream5_IRQHandler
 .text.SystemInit
                0x0800182c       0x14 build/debug/system_stm32f4xx.o
                0x0800182c                SystemInit
 .text.Reset_Handler
                0x08001840       0x50 build/debug/startup_stm32f446xx.o
                0x08001840                Reset_Handler
 .text.Default_Handler
                0x08001890        0x2 build/debug/startup_stm32f446xx.o
                0x08001890                RTC_Alarm_IRQHandler
                0x08001890                TIM8_CC_IRQHandler
                0x08001890                FMPI2C1_EV_IRQHandler
                0x08001890                SPI4_IRQHandler
                0x08001890                TIM1_CC_IRQHandler
                0x08001890                DMA2_Stream5_IRQHandler
                0x08001890                PVD_IRQHandler
                0x08001890                SDIO_IRQHandler
                0x08001890                TAMP_STAMP_IRQHandler
                0x08001890                CAN2_RX1_IRQHandler
                0x08001890                TIM8_TRG_COM_TIM14_IRQHandler
                0x08001890                TIM1_UP_TIM10_IRQHandler
                0x08001890                TIM8_UP_TIM13_IRQHandler
                0x08001890                I2C3_ER_IRQHandler
                0x08001890                I2C2_EV_IRQHandler
                0x08001890                DMA1_Stream2_IRQHandler
                0x08001890                CAN1_RX0_IRQHandler
                0x08001890                FPU_IRQHandler
                0x08001890                OTG_HS_WKUP_IRQHandler
                0x08001890                CAN2_SCE_IRQHandler
                0x08001890                DMA2_Stream2_IRQHandler
                0x08001890                SPI1_IRQHandler
                0x08001890                TIM6_DAC_IRQHandler
                0x08001890                TIM1_BRK_TIM9_IRQHandler
                0x08001890                DCMI_IRQHandler
                0x08001890                CAN2_RX0_IRQHandler
                0x08001890                DMA2_Stream3_IRQHandler
                0x08001890                SAI2_IRQHandler
                0x08001890                USART6_IRQHandler
                0x08001890                USART3_IRQHandler
                0x08001890                CAN1_RX1_IRQHandler
                0x08001890                UART5_IRQHandler
                0x08001890                DMA2_Stream0_IRQHandler
                0x08001890                TIM4_IRQHandler
                0x08001890                QUADSPI_IRQHandler
                0x08001890                I2C1_EV_IRQHandler
                0x08001890                DMA1_Stream6_IRQHandler
                0x08001890                DMA1_Stream1_IRQHandler
                0x08001890                UART4_IRQHandler
                0x08001890                TIM3_IRQHandler
                0x08001890                RCC_IRQHandler
                0x08001890                TIM8_BRK_TIM12_IRQHandler
                0x08001890                Default_Handler
                0x08001890                CEC_IRQHandler
                0x08001890                EXTI15_10_IRQHandler
                0x08001890                ADC_IRQHandler
                0x08001890                DMA1_Stream7_IRQHandler
                0x08001890                TIM7_IRQHandler
                0x08001890                CAN2_TX_IRQHandler
                0x08001890                TIM5_IRQHandler
                0x08001890                DMA2_Stream7_IRQHandler
                0x08001890                I2C3_EV_IRQHandler
                0x08001890                EXTI9_5_IRQHandler
                0x08001890                RTC_WKUP_IRQHandler
                0x08001890                SPDIF_RX_IRQHandler
                0x08001890                SPI2_IRQHandler
                0x08001890                OTG_HS_EP1_IN_IRQHandler
                0x08001890                DMA1_Stream0_IRQHandler
                0x08001890                CAN1_TX_IRQHandler
                0x08001890                FMPI2C1_ER_IRQHandler
                0x08001890                EXTI4_IRQHandler
                0x08001890                OTG_HS_EP1_OUT_IRQHandler
                0x08001890                WWDG_IRQHandler
                0x08001890                TIM2_IRQHandler
                0x08001890                OTG_FS_WKUP_IRQHandler
                0x08001890                TIM1_TRG_COM_TIM11_IRQHandler
                0x08001890                OTG_HS_IRQHandler
                0x08001890                USART2_IRQHandler
                0x08001890                I2C2_ER_IRQHandler
                0x08001890                DMA2_Stream1_IRQHandler
                0x08001890                CAN1_SCE_IRQHandler
                0x08001890                FLASH_IRQHandler
                0x08001890                DMA2_Stream4_IRQHandler
                0x08001890                USART1_IRQHandler
                0x08001890                OTG_FS_IRQHandler
                0x08001890                SPI3_IRQHandler
                0x08001890                DMA1_Stream4_IRQHandler
                0x08001890                I2C1_ER_IRQHandler
                0x08001890                FMC_IRQHandler
                0x08001890                DMA2_Stream6_IRQHandler
                0x08001890                SAI1_IRQHandler
                0x08001890                DMA1_Stream3_IRQHandler
 .text.memset   0x08001892       0x10 c:/Users/P Ngubo/AppData/Roaming/Code/User/globalStorage/bmd.stm32-for-vscode/@xpack-dev-tools/arm-none-eabi-gcc/14.2.1-1.1.1/.content/bin/../lib/gcc/arm-none-eabi/14.2.1/../../../../arm-none-eabi/lib/thumb/v7e-m+fp/hard\libc_nano.a(libc_a-memset.o)
                0x08001892                memset
 *fill*         0x080018a2        0x2 
 .text.__libc_init_array
                0x080018a4       0x48 c:/Users/P Ngubo/AppData/Roaming/Code/User/globalStorage/bmd.stm32-for-vscode/@xpack-dev-tools/arm-none-eabi-gcc/14.2.1-1.1.1/.content/bin/../lib/gcc/arm-none-eabi/14.2.1/../../../../arm-none-eabi/lib/thumb/v7e-m+fp/hard\libc_nano.a(libc_a-init.o)
                0x080018a4                __libc_init_array
 .text.__udivmoddi4
                0x080018ec      0x2f8 c:/Users/P Ngubo/AppData/Roaming/Code/User/globalStorage/bmd.stm32-for-vscode/@xpack-dev-tools/arm-none-eabi-gcc/14.2.1-1.1.1/.content/bin/../lib/gcc/arm-none-eabi/14.2.1/thumb/v7e-m+fp/hard\libgcc.a(_udivmoddi4.o)
                0x080018ec                __udivmoddi4
 *(.glue_7)
 .glue_7        0x08001be4        0x0 linker stubs
 *(.glue_7t)
 .glue_7t       0x08001be4        0x0 linker stubs
 *(.eh_frame)
 .eh_frame      0x08001be4        0x0 c:/Users/P Ngubo/AppData/Roaming/Code/User/globalStorage/bmd.stm32-for-vscode/@xpack-dev-tools/arm-none-eabi-gcc/14.2.1-1.1.1/.content/bin/../lib/gcc/arm-none-eabi/14.2.1/thumb/v7e-m+fp/hard/crtbegin.o
 *(.init)
 .init          0x08001be4        0x4 c:/Users/P Ngubo/AppData/Roaming/Code/User/globalStorage/bmd.stm32-for-vscode/@xpack-dev-tools/arm-none-eabi-gcc/14.2.1-1.1.1/.content/bin/../lib/gcc/arm-none-eabi/14.2.1/thumb/v7e-m+fp/hard/crti.o
                0x08001be4                _init
 .init          0x08001be8        0x8 c:/Users/P Ngubo/AppData/Roaming/Code/User/globalStorage/bmd.stm32-for-vscode/@xpack-dev-tools/arm-none-eabi-gcc/14.2.1-1.1.1/.content/bin/../lib/gcc/arm-none-eabi/14.2.1/thumb/v7e-m+fp/hard/crtn.o
 *(.fini)
 .fini          0x08001bf0        0x4 c:/Users/P Ngubo/AppData/Roaming/Code/User/globalStorage/bmd.stm32-for-vscode/@xpack-dev-tools/arm-none-eabi-gcc/14.2.1-1.1.1/.content/bin/../lib/gcc/arm-none-eabi/14.2.1/thumb/v7e-m+fp/hard/crti.o
                0x08001bf0                _fini
 .fini          0x08001bf4        0x8 c:/Users/P Ngubo/AppData/Roaming/Code/User/globalStorage/bmd.stm32-for-vscode/@xpack-dev-tools/arm-none-eabi-gcc/14.2.1-1.1.1/.content/bin/../lib/gcc/arm-none-eabi/14.2.1/thumb/v7e-m+fp/hard/crtn.o
                0x08001bfc                        . = ALIGN (0x4)
                0x08001bfc                        _etext = .

.vfp11_veneer   0x08001bfc        0x0
 .vfp11_veneer  0x08001bfc        0x0 linker stubs

.v4_bx          0x08001bfc        0x0
 .v4_bx         0x08001bfc        0x0 linker stubs

.iplt           0x08001bfc        0x0
 .iplt          0x08001bfc        0x0 c:/Users/P Ngubo/AppData/Roaming/Code/User/globalStorage/bmd.stm32-for-vscode/@xpack-dev-tools/arm-none-eabi-gcc/14.2.1-1.1.1/.content/bin/../lib/gcc/arm-none-eabi/14.2.1/thumb/v7e-m+fp/hard/crtbegin.o

.rodata         0x08001bfc       0x38
                0x08001bfc                        . = ALIGN (0x4)
 *(.rodata)
 *(.rodata*)
 .rodata.HAL_GPIO_EXTI_Callback.str1.4
                0x08001bfc       0x1f build/debug/main.o
 *fill*         0x08001c1b        0x1 
 .rodata.APBPrescTable
                0x08001c1c        0x8 build/debug/system_stm32f4xx.o
                0x08001c1c                APBPrescTable
 .rodata.AHBPrescTable
                0x08001c24       0x10 build/debug/system_stm32f4xx.o
                0x08001c24                AHBPrescTable
                0x08001c34                        . = ALIGN (0x4)

.ARM.extab      0x08001c34        0x0
                0x08001c34                        . = ALIGN (0x4)
 *(.ARM.extab* .gnu.linkonce.armextab.*)
                0x08001c34                        . = ALIGN (0x4)

.ARM            0x08001c34        0x8
                0x08001c34                        . = ALIGN (0x4)
                0x08001c34                        __exidx_start = .
 *(.ARM.exidx*)
 .ARM.exidx     0x08001c34        0x8 c:/Users/P Ngubo/AppData/Roaming/Code/User/globalStorage/bmd.stm32-for-vscode/@xpack-dev-tools/arm-none-eabi-gcc/14.2.1-1.1.1/.content/bin/../lib/gcc/arm-none-eabi/14.2.1/../../../../arm-none-eabi/lib/thumb/v7e-m+fp/hard\libc_nano.a(libc_a-strlen.o)
 .ARM.exidx.text.__udivmoddi4
                0x08001c3c        0x0 c:/Users/P Ngubo/AppData/Roaming/Code/User/globalStorage/bmd.stm32-for-vscode/@xpack-dev-tools/arm-none-eabi-gcc/14.2.1-1.1.1/.content/bin/../lib/gcc/arm-none-eabi/14.2.1/thumb/v7e-m+fp/hard\libgcc.a(_udivmoddi4.o)
                                  0x8 (size before relaxing)
                0x08001c3c                        __exidx_end = .
                0x08001c3c                        . = ALIGN (0x4)

.preinit_array  0x08001c3c        0x0
                0x08001c3c                        . = ALIGN (0x4)
                0x08001c3c                        PROVIDE (__preinit_array_start = .)
 *(.preinit_array*)
                0x08001c3c                        PROVIDE (__preinit_array_end = .)
                0x08001c3c                        . = ALIGN (0x4)

.init_array     0x08001c3c        0x4
                0x08001c3c                        . = ALIGN (0x4)
                0x08001c3c                        PROVIDE (__init_array_start = .)
 *(SORT_BY_NAME(.init_array.*))
 *(.init_array*)
 .init_array    0x08001c3c        0x4 c:/Users/P Ngubo/AppData/Roaming/Code/User/globalStorage/bmd.stm32-for-vscode/@xpack-dev-tools/arm-none-eabi-gcc/14.2.1-1.1.1/.content/bin/../lib/gcc/arm-none-eabi/14.2.1/thumb/v7e-m+fp/hard/crtbegin.o
                0x08001c40                        PROVIDE (__init_array_end = .)
                0x08001c40                        . = ALIGN (0x4)

.fini_array     0x08001c40        0x4
                0x08001c40                        . = ALIGN (0x4)
                0x08001c40                        PROVIDE (__fini_array_start = .)
 *(SORT_BY_NAME(.fini_array.*))
 *(.fini_array*)
 .fini_array    0x08001c40        0x4 c:/Users/P Ngubo/AppData/Roaming/Code/User/globalStorage/bmd.stm32-for-vscode/@xpack-dev-tools/arm-none-eabi-gcc/14.2.1-1.1.1/.content/bin/../lib/gcc/arm-none-eabi/14.2.1/thumb/v7e-m+fp/hard/crtbegin.o
                0x08001c44                        PROVIDE (__fini_array_end = .)
                0x08001c44                        . = ALIGN (0x4)
                0x08001c44                        _sidata = LOADADDR (.data)

.rel.dyn        0x08001c44        0x0
 .rel.iplt      0x08001c44        0x0 c:/Users/P Ngubo/AppData/Roaming/Code/User/globalStorage/bmd.stm32-for-vscode/@xpack-dev-tools/arm-none-eabi-gcc/14.2.1-1.1.1/.content/bin/../lib/gcc/arm-none-eabi/14.2.1/thumb/v7e-m+fp/hard/crtbegin.o

.data           0x20000000        0xc load address 0x08001c44
                0x20000000                        . = ALIGN (0x4)
                0x20000000                        _sdata = .
 *(.data)
 *(.data*)
 .data.uwTickFreq
                0x20000000        0x1 build/debug/stm32f4xx_hal.o
                0x20000000                uwTickFreq
 *fill*         0x20000001        0x3 
 .data.uwTickPrio
                0x20000004        0x4 build/debug/stm32f4xx_hal.o
                0x20000004                uwTickPrio
 .data.SystemCoreClock
                0x20000008        0x4 build/debug/system_stm32f4xx.o
                0x20000008                SystemCoreClock
 *(.RamFunc)
 *(.RamFunc*)
                0x2000000c                        . = ALIGN (0x4)
                0x2000000c                        _edata = .

.igot.plt       0x2000000c        0x0 load address 0x08001c50
 .igot.plt      0x2000000c        0x0 c:/Users/P Ngubo/AppData/Roaming/Code/User/globalStorage/bmd.stm32-for-vscode/@xpack-dev-tools/arm-none-eabi-gcc/14.2.1-1.1.1/.content/bin/../lib/gcc/arm-none-eabi/14.2.1/thumb/v7e-m+fp/hard/crtbegin.o
                0x2000000c                        . = ALIGN (0x4)

.bss            0x2000000c       0xd8 load address 0x08001c50
                0x2000000c                        _sbss = .
                0x2000000c                        __bss_start__ = _sbss
 *(.bss)
 *(.bss*)
 .bss.completed.1
                0x2000000c        0x1 c:/Users/P Ngubo/AppData/Roaming/Code/User/globalStorage/bmd.stm32-for-vscode/@xpack-dev-tools/arm-none-eabi-gcc/14.2.1-1.1.1/.content/bin/../lib/gcc/arm-none-eabi/14.2.1/thumb/v7e-m+fp/hard/crtbegin.o
 *fill*         0x2000000d        0x3 
 .bss.object.0  0x20000010       0x18 c:/Users/P Ngubo/AppData/Roaming/Code/User/globalStorage/bmd.stm32-for-vscode/@xpack-dev-tools/arm-none-eabi-gcc/14.2.1-1.1.1/.content/bin/../lib/gcc/arm-none-eabi/14.2.1/thumb/v7e-m+fp/hard/crtbegin.o
 .bss.lastInterruptTime
                0x20000028       0x10 build/debug/main.o
                0x20000028                lastInterruptTime
 .bss.huart1    0x20000038       0x48 build/debug/main.o
                0x20000038                huart1
 .bss.hdma_tim2_ch1
                0x20000080       0x60 build/debug/main.o
                0x20000080                hdma_tim2_ch1
 .bss.uwTick    0x200000e0        0x4 build/debug/stm32f4xx_hal.o
                0x200000e0                uwTick
 *(COMMON)
                0x200000e4                        . = ALIGN (0x4)
                0x200000e4                        _ebss = .
                0x200000e4                        __bss_end__ = _ebss

._user_heap_stack
                0x200000e4      0x604 load address 0x08001c50
                0x200000e8                        . = ALIGN (0x8)
 *fill*         0x200000e4        0x4 
                [!provide]                        PROVIDE (end = .)
                0x200000e8                        PROVIDE (_end = .)
                0x200002e8                        . = (. + _Min_Heap_Size)
 *fill*         0x200000e8      0x200 
                0x200006e8                        . = (. + _Min_Stack_Size)
 *fill*         0x200002e8      0x400 
                0x200006e8                        . = ALIGN (0x8)

/DISCARD/
 libc.a(*)
 libm.a(*)
 libgcc.a(*)
OUTPUT(build/debug/Practical_4.elf elf32-littlearm)
LOAD linker stubs
LOAD c:/Users/P Ngubo/AppData/Roaming/Code/User/globalStorage/bmd.stm32-for-vscode/@xpack-dev-tools/arm-none-eabi-gcc/14.2.1-1.1.1/.content/bin/../lib/gcc/arm-none-eabi/14.2.1/../../../../arm-none-eabi/lib/thumb/v7e-m+fp/hard\libc.a
LOAD c:/Users/P Ngubo/AppData/Roaming/Code/User/globalStorage/bmd.stm32-for-vscode/@xpack-dev-tools/arm-none-eabi-gcc/14.2.1-1.1.1/.content/bin/../lib/gcc/arm-none-eabi/14.2.1/../../../../arm-none-eabi/lib/thumb/v7e-m+fp/hard\libm.a
LOAD c:/Users/P Ngubo/AppData/Roaming/Code/User/globalStorage/bmd.stm32-for-vscode/@xpack-dev-tools/arm-none-eabi-gcc/14.2.1-1.1.1/.content/bin/../lib/gcc/arm-none-eabi/14.2.1/thumb/v7e-m+fp/hard\libgcc.a

.ARM.attributes
                0x00000000       0x30
 .ARM.attributes
                0x00000000       0x22 c:/Users/P Ngubo/AppData/Roaming/Code/User/globalStorage/bmd.stm32-for-vscode/@xpack-dev-tools/arm-none-eabi-gcc/14.2.1-1.1.1/.content/bin/../lib/gcc/arm-none-eabi/14.2.1/thumb/v7e-m+fp/hard/crti.o
 .ARM.attributes
                0x00000022       0x34 c:/Users/P Ngubo/AppData/Roaming/Code/User/globalStorage/bmd.stm32-for-vscode/@xpack-dev-tools/arm-none-eabi-gcc/14.2.1-1.1.1/.content/bin/../lib/gcc/arm-none-eabi/14.2.1/thumb/v7e-m+fp/hard/crtbegin.o
 .ARM.attributes
                0x00000056       0x34 build/debug/lcd_stm32f4.o
 .ARM.attributes
                0x0000008a       0x34 build/debug/main.o
 .ARM.attributes
                0x000000be       0x34 build/debug/stm32f4xx_hal.o
 .ARM.attributes
                0x000000f2       0x34 build/debug/stm32f4xx_hal_cortex.o
 .ARM.attributes
                0x00000126       0x34 build/debug/stm32f4xx_hal_dma.o
 .ARM.attributes
                0x0000015a       0x34 build/debug/stm32f4xx_hal_gpio.o
 .ARM.attributes
                0x0000018e       0x34 build/debug/stm32f4xx_hal_msp.o
 .ARM.attributes
                0x000001c2       0x34 build/debug/stm32f4xx_hal_rcc.o
 .ARM.attributes
                0x000001f6       0x34 build/debug/stm32f4xx_hal_rcc_ex.o
 .ARM.attributes
                0x0000022a       0x34 build/debug/stm32f4xx_hal_uart.o
 .ARM.attributes
                0x0000025e       0x34 build/debug/stm32f4xx_it.o
 .ARM.attributes
                0x00000292       0x34 build/debug/system_stm32f4xx.o
 .ARM.attributes
                0x000002c6       0x21 build/debug/startup_stm32f446xx.o
 .ARM.attributes
                0x000002e7       0x34 c:/Users/P Ngubo/AppData/Roaming/Code/User/globalStorage/bmd.stm32-for-vscode/@xpack-dev-tools/arm-none-eabi-gcc/14.2.1-1.1.1/.content/bin/../lib/gcc/arm-none-eabi/14.2.1/../../../../arm-none-eabi/lib/thumb/v7e-m+fp/hard\libc_nano.a(libc_a-memset.o)
 .ARM.attributes
                0x0000031b       0x34 c:/Users/P Ngubo/AppData/Roaming/Code/User/globalStorage/bmd.stm32-for-vscode/@xpack-dev-tools/arm-none-eabi-gcc/14.2.1-1.1.1/.content/bin/../lib/gcc/arm-none-eabi/14.2.1/../../../../arm-none-eabi/lib/thumb/v7e-m+fp/hard\libc_nano.a(libc_a-init.o)
 .ARM.attributes
                0x0000034f       0x17 c:/Users/P Ngubo/AppData/Roaming/Code/User/globalStorage/bmd.stm32-for-vscode/@xpack-dev-tools/arm-none-eabi-gcc/14.2.1-1.1.1/.content/bin/../lib/gcc/arm-none-eabi/14.2.1/../../../../arm-none-eabi/lib/thumb/v7e-m+fp/hard\libc_nano.a(libc_a-strlen.o)
 .ARM.attributes
                0x00000366       0x22 c:/Users/P Ngubo/AppData/Roaming/Code/User/globalStorage/bmd.stm32-for-vscode/@xpack-dev-tools/arm-none-eabi-gcc/14.2.1-1.1.1/.content/bin/../lib/gcc/arm-none-eabi/14.2.1/thumb/v7e-m+fp/hard\libgcc.a(_aeabi_uldivmod.o)
 .ARM.attributes
                0x00000388       0x34 c:/Users/P Ngubo/AppData/Roaming/Code/User/globalStorage/bmd.stm32-for-vscode/@xpack-dev-tools/arm-none-eabi-gcc/14.2.1-1.1.1/.content/bin/../lib/gcc/arm-none-eabi/14.2.1/thumb/v7e-m+fp/hard\libgcc.a(_udivmoddi4.o)
 .ARM.attributes
                0x000003bc       0x22 c:/Users/P Ngubo/AppData/Roaming/Code/User/globalStorage/bmd.stm32-for-vscode/@xpack-dev-tools/arm-none-eabi-gcc/14.2.1-1.1.1/.content/bin/../lib/gcc/arm-none-eabi/14.2.1/thumb/v7e-m+fp/hard\libgcc.a(_dvmd_tls.o)
 .ARM.attributes
                0x000003de       0x22 c:/Users/P Ngubo/AppData/Roaming/Code/User/globalStorage/bmd.stm32-for-vscode/@xpack-dev-tools/arm-none-eabi-gcc/14.2.1-1.1.1/.content/bin/../lib/gcc/arm-none-eabi/14.2.1/thumb/v7e-m+fp/hard/crtn.o

.comment        0x00000000       0x39
 .comment       0x00000000       0x39 c:/Users/P Ngubo/AppData/Roaming/Code/User/globalStorage/bmd.stm32-for-vscode/@xpack-dev-tools/arm-none-eabi-gcc/14.2.1-1.1.1/.content/bin/../lib/gcc/arm-none-eabi/14.2.1/thumb/v7e-m+fp/hard/crtbegin.o
                                 0x3a (size before relaxing)
 .comment       0x00000039       0x3a build/debug/lcd_stm32f4.o
 .comment       0x00000039       0x3a build/debug/main.o
 .comment       0x00000039       0x3a build/debug/stm32f4xx_hal.o
 .comment       0x00000039       0x3a build/debug/stm32f4xx_hal_cortex.o
 .comment       0x00000039       0x3a build/debug/stm32f4xx_hal_dma.o
 .comment       0x00000039       0x3a build/debug/stm32f4xx_hal_gpio.o
 .comment       0x00000039       0x3a build/debug/stm32f4xx_hal_msp.o
 .comment       0x00000039       0x3a build/debug/stm32f4xx_hal_rcc.o
 .comment       0x00000039       0x3a build/debug/stm32f4xx_hal_rcc_ex.o
 .comment       0x00000039       0x3a build/debug/stm32f4xx_hal_uart.o
 .comment       0x00000039       0x3a build/debug/stm32f4xx_it.o
 .comment       0x00000039       0x3a build/debug/system_stm32f4xx.o
 .comment       0x00000039       0x3a c:/Users/P Ngubo/AppData/Roaming/Code/User/globalStorage/bmd.stm32-for-vscode/@xpack-dev-tools/arm-none-eabi-gcc/14.2.1-1.1.1/.content/bin/../lib/gcc/arm-none-eabi/14.2.1/../../../../arm-none-eabi/lib/thumb/v7e-m+fp/hard\libc_nano.a(libc_a-memset.o)
 .comment       0x00000039       0x3a c:/Users/P Ngubo/AppData/Roaming/Code/User/globalStorage/bmd.stm32-for-vscode/@xpack-dev-tools/arm-none-eabi-gcc/14.2.1-1.1.1/.content/bin/../lib/gcc/arm-none-eabi/14.2.1/../../../../arm-none-eabi/lib/thumb/v7e-m+fp/hard\libc_nano.a(libc_a-init.o)
 .comment       0x00000039       0x3a c:/Users/P Ngubo/AppData/Roaming/Code/User/globalStorage/bmd.stm32-for-vscode/@xpack-dev-tools/arm-none-eabi-gcc/14.2.1-1.1.1/.content/bin/../lib/gcc/arm-none-eabi/14.2.1/thumb/v7e-m+fp/hard\libgcc.a(_udivmoddi4.o)

.debug_info     0x00000000     0xbcfb
 .debug_info    0x00000000      0x55f build/debug/lcd_stm32f4.o
 .debug_info    0x0000055f     0x182d build/debug/main.o
 .debug_info    0x00001d8c      0xa38 build/debug/stm32f4xx_hal.o
 .debug_info    0x000027c4     0x1013 build/debug/stm32f4xx_hal_cortex.o
 .debug_info    0x000037d7      0xad9 build/debug/stm32f4xx_hal_dma.o
 .debug_info    0x000042b0      0x74c build/debug/stm32f4xx_hal_gpio.o
 .debug_info    0x000049fc      0xb1e build/debug/stm32f4xx_hal_msp.o
 .debug_info    0x0000551a      0xabd build/debug/stm32f4xx_hal_rcc.o
 .debug_info    0x00005fd7      0xc59 build/debug/stm32f4xx_hal_rcc_ex.o
 .debug_info    0x00006c30     0x4018 build/debug/stm32f4xx_hal_uart.o
 .debug_info    0x0000ac48      0x3c1 build/debug/stm32f4xx_it.o
 .debug_info    0x0000b009      0x55f build/debug/system_stm32f4xx.o
 .debug_info    0x0000b568       0x30 build/debug/startup_stm32f446xx.o
 .debug_info    0x0000b598       0x24 c:/Users/P Ngubo/AppData/Roaming/Code/User/globalStorage/bmd.stm32-for-vscode/@xpack-dev-tools/arm-none-eabi-gcc/14.2.1-1.1.1/.content/bin/../lib/gcc/arm-none-eabi/14.2.1/thumb/v7e-m+fp/hard\libgcc.a(_aeabi_uldivmod.o)
 .debug_info    0x0000b5bc      0x703 c:/Users/P Ngubo/AppData/Roaming/Code/User/globalStorage/bmd.stm32-for-vscode/@xpack-dev-tools/arm-none-eabi-gcc/14.2.1-1.1.1/.content/bin/../lib/gcc/arm-none-eabi/14.2.1/thumb/v7e-m+fp/hard\libgcc.a(_udivmoddi4.o)
 .debug_info    0x0000bcbf       0x3c c:/Users/P Ngubo/AppData/Roaming/Code/User/globalStorage/bmd.stm32-for-vscode/@xpack-dev-tools/arm-none-eabi-gcc/14.2.1-1.1.1/.content/bin/../lib/gcc/arm-none-eabi/14.2.1/thumb/v7e-m+fp/hard\libgcc.a(_dvmd_tls.o)

.debug_abbrev   0x00000000     0x1dd2
 .debug_abbrev  0x00000000      0x16b build/debug/lcd_stm32f4.o
 .debug_abbrev  0x0000016b      0x329 build/debug/main.o
 .debug_abbrev  0x00000494      0x240 build/debug/stm32f4xx_hal.o
 .debug_abbrev  0x000006d4      0x391 build/debug/stm32f4xx_hal_cortex.o
 .debug_abbrev  0x00000a65      0x2c0 build/debug/stm32f4xx_hal_dma.o
 .debug_abbrev  0x00000d25      0x202 build/debug/stm32f4xx_hal_gpio.o
 .debug_abbrev  0x00000f27      0x210 build/debug/stm32f4xx_hal_msp.o
 .debug_abbrev  0x00001137      0x2c7 build/debug/stm32f4xx_hal_rcc.o
 .debug_abbrev  0x000013fe      0x256 build/debug/stm32f4xx_hal_rcc_ex.o
 .debug_abbrev  0x00001654      0x326 build/debug/stm32f4xx_hal_uart.o
 .debug_abbrev  0x0000197a      0x172 build/debug/stm32f4xx_it.o
 .debug_abbrev  0x00001aec      0x11e build/debug/system_stm32f4xx.o
 .debug_abbrev  0x00001c0a       0x24 build/debug/startup_stm32f446xx.o
 .debug_abbrev  0x00001c2e       0x14 c:/Users/P Ngubo/AppData/Roaming/Code/User/globalStorage/bmd.stm32-for-vscode/@xpack-dev-tools/arm-none-eabi-gcc/14.2.1-1.1.1/.content/bin/../lib/gcc/arm-none-eabi/14.2.1/thumb/v7e-m+fp/hard\libgcc.a(_aeabi_uldivmod.o)
 .debug_abbrev  0x00001c42      0x16a c:/Users/P Ngubo/AppData/Roaming/Code/User/globalStorage/bmd.stm32-for-vscode/@xpack-dev-tools/arm-none-eabi-gcc/14.2.1-1.1.1/.content/bin/../lib/gcc/arm-none-eabi/14.2.1/thumb/v7e-m+fp/hard\libgcc.a(_udivmoddi4.o)
 .debug_abbrev  0x00001dac       0x26 c:/Users/P Ngubo/AppData/Roaming/Code/User/globalStorage/bmd.stm32-for-vscode/@xpack-dev-tools/arm-none-eabi-gcc/14.2.1-1.1.1/.content/bin/../lib/gcc/arm-none-eabi/14.2.1/thumb/v7e-m+fp/hard\libgcc.a(_dvmd_tls.o)

.debug_loclists
                0x00000000     0x59f0
 .debug_loclists
                0x00000000       0xbb build/debug/lcd_stm32f4.o
 .debug_loclists
                0x000000bb       0x8e build/debug/main.o
 .debug_loclists
                0x00000149       0xe1 build/debug/stm32f4xx_hal.o
 .debug_loclists
                0x0000022a      0x54d build/debug/stm32f4xx_hal_cortex.o
 .debug_loclists
                0x00000777      0x88a build/debug/stm32f4xx_hal_dma.o
 .debug_loclists
                0x00001001      0x386 build/debug/stm32f4xx_hal_gpio.o
 .debug_loclists
                0x00001387       0xae build/debug/stm32f4xx_hal_msp.o
 .debug_loclists
                0x00001435      0x3db build/debug/stm32f4xx_hal_rcc.o
 .debug_loclists
                0x00001810      0x981 build/debug/stm32f4xx_hal_rcc_ex.o
 .debug_loclists
                0x00002191     0x2cda build/debug/stm32f4xx_hal_uart.o
 .debug_loclists
                0x00004e6b       0x70 build/debug/system_stm32f4xx.o
 .debug_loclists
                0x00004edb      0xb15 c:/Users/P Ngubo/AppData/Roaming/Code/User/globalStorage/bmd.stm32-for-vscode/@xpack-dev-tools/arm-none-eabi-gcc/14.2.1-1.1.1/.content/bin/../lib/gcc/arm-none-eabi/14.2.1/thumb/v7e-m+fp/hard\libgcc.a(_udivmoddi4.o)

.debug_aranges  0x00000000      0x7f0
 .debug_aranges
                0x00000000       0x58 build/debug/lcd_stm32f4.o
 .debug_aranges
                0x00000058       0x70 build/debug/main.o
 .debug_aranges
                0x000000c8       0xf0 build/debug/stm32f4xx_hal.o
 .debug_aranges
                0x000001b8       0xf8 build/debug/stm32f4xx_hal_cortex.o
 .debug_aranges
                0x000002b0       0x90 build/debug/stm32f4xx_hal_dma.o
 .debug_aranges
                0x00000340       0x58 build/debug/stm32f4xx_hal_gpio.o
 .debug_aranges
                0x00000398       0x38 build/debug/stm32f4xx_hal_msp.o
 .debug_aranges
                0x000003d0       0x88 build/debug/stm32f4xx_hal_rcc.o
 .debug_aranges
                0x00000458       0x78 build/debug/stm32f4xx_hal_rcc_ex.o
 .debug_aranges
                0x000004d0      0x208 build/debug/stm32f4xx_hal_uart.o
 .debug_aranges
                0x000006d8       0x68 build/debug/stm32f4xx_it.o
 .debug_aranges
                0x00000740       0x28 build/debug/system_stm32f4xx.o
 .debug_aranges
                0x00000768       0x28 build/debug/startup_stm32f446xx.o
 .debug_aranges
                0x00000790       0x20 c:/Users/P Ngubo/AppData/Roaming/Code/User/globalStorage/bmd.stm32-for-vscode/@xpack-dev-tools/arm-none-eabi-gcc/14.2.1-1.1.1/.content/bin/../lib/gcc/arm-none-eabi/14.2.1/thumb/v7e-m+fp/hard\libgcc.a(_aeabi_uldivmod.o)
 .debug_aranges
                0x000007b0       0x20 c:/Users/P Ngubo/AppData/Roaming/Code/User/globalStorage/bmd.stm32-for-vscode/@xpack-dev-tools/arm-none-eabi-gcc/14.2.1-1.1.1/.content/bin/../lib/gcc/arm-none-eabi/14.2.1/thumb/v7e-m+fp/hard\libgcc.a(_udivmoddi4.o)
 .debug_aranges
                0x000007d0       0x20 c:/Users/P Ngubo/AppData/Roaming/Code/User/globalStorage/bmd.stm32-for-vscode/@xpack-dev-tools/arm-none-eabi-gcc/14.2.1-1.1.1/.content/bin/../lib/gcc/arm-none-eabi/14.2.1/thumb/v7e-m+fp/hard\libgcc.a(_dvmd_tls.o)

.debug_rnglists
                0x00000000      0x651
 .debug_rnglists
                0x00000000       0x3f build/debug/lcd_stm32f4.o
 .debug_rnglists
                0x0000003f       0x53 build/debug/main.o
 .debug_rnglists
                0x00000092       0xaf build/debug/stm32f4xx_hal.o
 .debug_rnglists
                0x00000141       0xb5 build/debug/stm32f4xx_hal_cortex.o
 .debug_rnglists
                0x000001f6       0x6c build/debug/stm32f4xx_hal_dma.o
 .debug_rnglists
                0x00000262       0x3f build/debug/stm32f4xx_hal_gpio.o
 .debug_rnglists
                0x000002a1       0x26 build/debug/stm32f4xx_hal_msp.o
 .debug_rnglists
                0x000002c7       0x75 build/debug/stm32f4xx_hal_rcc.o
 .debug_rnglists
                0x0000033c       0x6b build/debug/stm32f4xx_hal_rcc_ex.o
 .debug_rnglists
                0x000003a7      0x195 build/debug/stm32f4xx_hal_uart.o
 .debug_rnglists
                0x0000053c       0x49 build/debug/stm32f4xx_it.o
 .debug_rnglists
                0x00000585       0x1a build/debug/system_stm32f4xx.o
 .debug_rnglists
                0x0000059f       0x19 build/debug/startup_stm32f446xx.o
 .debug_rnglists
                0x000005b8       0x99 c:/Users/P Ngubo/AppData/Roaming/Code/User/globalStorage/bmd.stm32-for-vscode/@xpack-dev-tools/arm-none-eabi-gcc/14.2.1-1.1.1/.content/bin/../lib/gcc/arm-none-eabi/14.2.1/thumb/v7e-m+fp/hard\libgcc.a(_udivmoddi4.o)

.debug_line     0x00000000     0x9b42
 .debug_line    0x00000000      0x574 build/debug/lcd_stm32f4.o
 .debug_line    0x00000574      0x818 build/debug/main.o
 .debug_line    0x00000d8c      0x613 build/debug/stm32f4xx_hal.o
 .debug_line    0x0000139f      0x8d6 build/debug/stm32f4xx_hal_cortex.o
 .debug_line    0x00001c75      0xecc build/debug/stm32f4xx_hal_dma.o
 .debug_line    0x00002b41      0x78d build/debug/stm32f4xx_hal_gpio.o
 .debug_line    0x000032ce      0x3dd build/debug/stm32f4xx_hal_msp.o
 .debug_line    0x000036ab      0xc7c build/debug/stm32f4xx_hal_rcc.o
 .debug_line    0x00004327     0x1523 build/debug/stm32f4xx_hal_rcc_ex.o
 .debug_line    0x0000584a     0x35a6 build/debug/stm32f4xx_hal_uart.o
 .debug_line    0x00008df0      0x326 build/debug/stm32f4xx_it.o
 .debug_line    0x00009116      0x2f9 build/debug/system_stm32f4xx.o
 .debug_line    0x0000940f       0x76 build/debug/startup_stm32f446xx.o
 .debug_line    0x00009485       0x4e c:/Users/P Ngubo/AppData/Roaming/Code/User/globalStorage/bmd.stm32-for-vscode/@xpack-dev-tools/arm-none-eabi-gcc/14.2.1-1.1.1/.content/bin/../lib/gcc/arm-none-eabi/14.2.1/thumb/v7e-m+fp/hard\libgcc.a(_aeabi_uldivmod.o)
 .debug_line    0x000094d3      0x625 c:/Users/P Ngubo/AppData/Roaming/Code/User/globalStorage/bmd.stm32-for-vscode/@xpack-dev-tools/arm-none-eabi-gcc/14.2.1-1.1.1/.content/bin/../lib/gcc/arm-none-eabi/14.2.1/thumb/v7e-m+fp/hard\libgcc.a(_udivmoddi4.o)
 .debug_line    0x00009af8       0x4a c:/Users/P Ngubo/AppData/Roaming/Code/User/globalStorage/bmd.stm32-for-vscode/@xpack-dev-tools/arm-none-eabi-gcc/14.2.1-1.1.1/.content/bin/../lib/gcc/arm-none-eabi/14.2.1/thumb/v7e-m+fp/hard\libgcc.a(_dvmd_tls.o)

.debug_str      0x00000000     0x33ac
 .debug_str     0x00000000     0x33ac build/debug/lcd_stm32f4.o
                                0x389 (size before relaxing)
 .debug_str     0x000033ac     0x130d build/debug/main.o
 .debug_str     0x000033ac      0xbb3 build/debug/stm32f4xx_hal.o
 .debug_str     0x000033ac      0xc9f build/debug/stm32f4xx_hal_cortex.o
 .debug_str     0x000033ac      0x75f build/debug/stm32f4xx_hal_dma.o
 .debug_str     0x000033ac      0x4ee build/debug/stm32f4xx_hal_gpio.o
 .debug_str     0x000033ac      0x945 build/debug/stm32f4xx_hal_msp.o
 .debug_str     0x000033ac      0x719 build/debug/stm32f4xx_hal_rcc.o
 .debug_str     0x000033ac      0x800 build/debug/stm32f4xx_hal_rcc_ex.o
 .debug_str     0x000033ac      0xd84 build/debug/stm32f4xx_hal_uart.o
 .debug_str     0x000033ac      0x4b1 build/debug/stm32f4xx_it.o
 .debug_str     0x000033ac      0x383 build/debug/system_stm32f4xx.o
 .debug_str     0x000033ac       0x67 build/debug/startup_stm32f446xx.o
 .debug_str     0x000033ac      0x13a c:/Users/P Ngubo/AppData/Roaming/Code/User/globalStorage/bmd.stm32-for-vscode/@xpack-dev-tools/arm-none-eabi-gcc/14.2.1-1.1.1/.content/bin/../lib/gcc/arm-none-eabi/14.2.1/thumb/v7e-m+fp/hard\libgcc.a(_aeabi_uldivmod.o)
 .debug_str     0x000033ac      0x753 c:/Users/P Ngubo/AppData/Roaming/Code/User/globalStorage/bmd.stm32-for-vscode/@xpack-dev-tools/arm-none-eabi-gcc/14.2.1-1.1.1/.content/bin/../lib/gcc/arm-none-eabi/14.2.1/thumb/v7e-m+fp/hard\libgcc.a(_udivmoddi4.o)
 .debug_str     0x000033ac      0x15a c:/Users/P Ngubo/AppData/Roaming/Code/User/globalStorage/bmd.stm32-for-vscode/@xpack-dev-tools/arm-none-eabi-gcc/14.2.1-1.1.1/.content/bin/../lib/gcc/arm-none-eabi/14.2.1/thumb/v7e-m+fp/hard\libgcc.a(_dvmd_tls.o)

.debug_frame    0x00000000     0x12fc
 .debug_frame   0x00000000       0xd4 build/debug/lcd_stm32f4.o
 .debug_frame   0x000000d4      0x140 build/debug/main.o
 .debug_frame   0x00000214      0x1ec build/debug/stm32f4xx_hal.o
 .debug_frame   0x00000400      0x214 build/debug/stm32f4xx_hal_cortex.o
 .debug_frame   0x00000614      0x188 build/debug/stm32f4xx_hal_dma.o
 .debug_frame   0x0000079c       0xd8 build/debug/stm32f4xx_hal_gpio.o
 .debug_frame   0x00000874       0x80 build/debug/stm32f4xx_hal_msp.o
 .debug_frame   0x000008f4      0x16c build/debug/stm32f4xx_hal_rcc.o
 .debug_frame   0x00000a60      0x14c build/debug/stm32f4xx_hal_rcc_ex.o
 .debug_frame   0x00000bac      0x5e0 build/debug/stm32f4xx_hal_uart.o
 .debug_frame   0x0000118c       0xc0 build/debug/stm32f4xx_it.o
 .debug_frame   0x0000124c       0x30 build/debug/system_stm32f4xx.o
 .debug_frame   0x0000127c       0x20 c:/Users/P Ngubo/AppData/Roaming/Code/User/globalStorage/bmd.stm32-for-vscode/@xpack-dev-tools/arm-none-eabi-gcc/14.2.1-1.1.1/.content/bin/../lib/gcc/arm-none-eabi/14.2.1/../../../../arm-none-eabi/lib/thumb/v7e-m+fp/hard\libc_nano.a(libc_a-strlen.o)
 .debug_frame   0x0000129c       0x2c c:/Users/P Ngubo/AppData/Roaming/Code/User/globalStorage/bmd.stm32-for-vscode/@xpack-dev-tools/arm-none-eabi-gcc/14.2.1-1.1.1/.content/bin/../lib/gcc/arm-none-eabi/14.2.1/thumb/v7e-m+fp/hard\libgcc.a(_aeabi_uldivmod.o)
 .debug_frame   0x000012c8       0x34 c:/Users/P Ngubo/AppData/Roaming/Code/User/globalStorage/bmd.stm32-for-vscode/@xpack-dev-tools/arm-none-eabi-gcc/14.2.1-1.1.1/.content/bin/../lib/gcc/arm-none-eabi/14.2.1/thumb/v7e-m+fp/hard\libgcc.a(_udivmoddi4.o)

.debug_line_str
                0x00000000      0x183
 .debug_line_str
                0x00000000      0x183 build/debug/startup_stm32f446xx.o
                                 0x4b (size before relaxing)
 .debug_line_str
                0x00000183      0x12c c:/Users/P Ngubo/AppData/Roaming/Code/User/globalStorage/bmd.stm32-for-vscode/@xpack-dev-tools/arm-none-eabi-gcc/14.2.1-1.1.1/.content/bin/../lib/gcc/arm-none-eabi/14.2.1/thumb/v7e-m+fp/hard\libgcc.a(_aeabi_uldivmod.o)
 .debug_line_str
                0x00000183      0x130 c:/Users/P Ngubo/AppData/Roaming/Code/User/globalStorage/bmd.stm32-for-vscode/@xpack-dev-tools/arm-none-eabi-gcc/14.2.1-1.1.1/.content/bin/../lib/gcc/arm-none-eabi/14.2.1/thumb/v7e-m+fp/hard\libgcc.a(_dvmd_tls.o)

Cross Reference Table

Symbol                                            File
ADC_IRQHandler                                    build/debug/startup_stm32f446xx.o
AHBPrescTable                                     build/debug/system_stm32f4xx.o
                                                  build/debug/stm32f4xx_hal_rcc.o
APBPrescTable                                     build/debug/system_stm32f4xx.o
                                                  build/debug/stm32f4xx_hal_rcc.o
BusFault_Handler                                  build/debug/stm32f4xx_it.o
CAN1_RX0_IRQHandler                               build/debug/startup_stm32f446xx.o
CAN1_RX1_IRQHandler                               build/debug/startup_stm32f446xx.o
CAN1_SCE_IRQHandler                               build/debug/startup_stm32f446xx.o
CAN1_TX_IRQHandler                                build/debug/startup_stm32f446xx.o
CAN2_RX0_IRQHandler                               build/debug/startup_stm32f446xx.o
CAN2_RX1_IRQHandler                               build/debug/startup_stm32f446xx.o
CAN2_SCE_IRQHandler                               build/debug/startup_stm32f446xx.o
CAN2_TX_IRQHandler                                build/debug/startup_stm32f446xx.o
CEC_IRQHandler                                    build/debug/startup_stm32f446xx.o
DCMI_IRQHandler                                   build/debug/startup_stm32f446xx.o
DMA1_Stream0_IRQHandler                           build/debug/startup_stm32f446xx.o
DMA1_Stream1_IRQHandler                           build/debug/startup_stm32f446xx.o
DMA1_Stream2_IRQHandler                           build/debug/startup_stm32f446xx.o
DMA1_Stream3_IRQHandler                           build/debug/startup_stm32f446xx.o
DMA1_Stream4_IRQHandler                           build/debug/startup_stm32f446xx.o
DMA1_Stream5_IRQHandler                           build/debug/stm32f4xx_it.o
DMA1_Stream6_IRQHandler                           build/debug/startup_stm32f446xx.o
DMA1_Stream7_IRQHandler                           build/debug/startup_stm32f446xx.o
DMA2_Stream0_IRQHandler                           build/debug/startup_stm32f446xx.o
DMA2_Stream1_IRQHandler                           build/debug/startup_stm32f446xx.o
DMA2_Stream2_IRQHandler                           build/debug/startup_stm32f446xx.o
DMA2_Stream3_IRQHandler                           build/debug/startup_stm32f446xx.o
DMA2_Stream4_IRQHandler                           build/debug/startup_stm32f446xx.o
DMA2_Stream5_IRQHandler                           build/debug/startup_stm32f446xx.o
DMA2_Stream6_IRQHandler                           build/debug/startup_stm32f446xx.o
DMA2_Stream7_IRQHandler                           build/debug/startup_stm32f446xx.o
DebugMon_Handler                                  build/debug/stm32f4xx_it.o
Default_Handler                                   build/debug/startup_stm32f446xx.o
EXTI0_IRQHandler                                  build/debug/main.o
EXTI15_10_IRQHandler                              build/debug/startup_stm32f446xx.o
EXTI1_IRQHandler                                  build/debug/main.o
EXTI2_IRQHandler                                  build/debug/main.o
EXTI3_IRQHandler                                  build/debug/main.o
EXTI4_IRQHandler                                  build/debug/startup_stm32f446xx.o
EXTI9_5_IRQHandler                                build/debug/startup_stm32f446xx.o
Error_Handler                                     build/debug/main.o
                                                  build/debug/stm32f4xx_hal_msp.o
FLASH_Erase_Sector                                build/debug/stm32f4xx_hal_flash_ex.o
                                                  build/debug/stm32f4xx_hal_flash.o
FLASH_FlushCaches                                 build/debug/stm32f4xx_hal_flash_ex.o
                                                  build/debug/stm32f4xx_hal_flash.o
FLASH_IRQHandler                                  build/debug/startup_stm32f446xx.o
FLASH_WaitForLastOperation                        build/debug/stm32f4xx_hal_flash.o
                                                  build/debug/stm32f4xx_hal_flash_ex.o
FMC_IRQHandler                                    build/debug/startup_stm32f446xx.o
FMPI2C1_ER_IRQHandler                             build/debug/startup_stm32f446xx.o
FMPI2C1_EV_IRQHandler                             build/debug/startup_stm32f446xx.o
FPU_IRQHandler                                    build/debug/startup_stm32f446xx.o
HAL_CORTEX_ClearEvent                             build/debug/stm32f4xx_hal_cortex.o
HAL_DBGMCU_DisableDBGSleepMode                    build/debug/stm32f4xx_hal.o
HAL_DBGMCU_DisableDBGStandbyMode                  build/debug/stm32f4xx_hal.o
HAL_DBGMCU_DisableDBGStopMode                     build/debug/stm32f4xx_hal.o
HAL_DBGMCU_EnableDBGSleepMode                     build/debug/stm32f4xx_hal.o
HAL_DBGMCU_EnableDBGStandbyMode                   build/debug/stm32f4xx_hal.o
HAL_DBGMCU_EnableDBGStopMode                      build/debug/stm32f4xx_hal.o
HAL_DMAEx_ChangeMemory                            build/debug/stm32f4xx_hal_dma_ex.o
HAL_DMAEx_MultiBufferStart                        build/debug/stm32f4xx_hal_dma_ex.o
HAL_DMAEx_MultiBufferStart_IT                     build/debug/stm32f4xx_hal_dma_ex.o
HAL_DMA_Abort                                     build/debug/stm32f4xx_hal_dma.o
                                                  build/debug/stm32f4xx_hal_uart.o
HAL_DMA_Abort_IT                                  build/debug/stm32f4xx_hal_dma.o
                                                  build/debug/stm32f4xx_hal_uart.o
                                                  build/debug/stm32f4xx_hal_tim_ex.o
                                                  build/debug/stm32f4xx_hal_tim.o
HAL_DMA_DeInit                                    build/debug/stm32f4xx_hal_dma.o
                                                  build/debug/stm32f4xx_hal_msp.o
HAL_DMA_GetError                                  build/debug/stm32f4xx_hal_dma.o
                                                  build/debug/stm32f4xx_hal_uart.o
HAL_DMA_GetState                                  build/debug/stm32f4xx_hal_dma.o
HAL_DMA_IRQHandler                                build/debug/stm32f4xx_hal_dma.o
                                                  build/debug/stm32f4xx_it.o
HAL_DMA_Init                                      build/debug/stm32f4xx_hal_dma.o
                                                  build/debug/stm32f4xx_hal_msp.o
HAL_DMA_PollForTransfer                           build/debug/stm32f4xx_hal_dma.o
HAL_DMA_RegisterCallback                          build/debug/stm32f4xx_hal_dma.o
HAL_DMA_Start                                     build/debug/stm32f4xx_hal_dma.o
HAL_DMA_Start_IT                                  build/debug/stm32f4xx_hal_dma.o
                                                  build/debug/stm32f4xx_hal_uart.o
                                                  build/debug/stm32f4xx_hal_tim_ex.o
                                                  build/debug/stm32f4xx_hal_tim.o
HAL_DMA_UnRegisterCallback                        build/debug/stm32f4xx_hal_dma.o
HAL_DeInit                                        build/debug/stm32f4xx_hal.o
HAL_Delay                                         build/debug/stm32f4xx_hal.o
HAL_DisableCompensationCell                       build/debug/stm32f4xx_hal.o
HAL_EXTI_ClearConfigLine                          build/debug/stm32f4xx_hal_exti.o
HAL_EXTI_ClearPending                             build/debug/stm32f4xx_hal_exti.o
HAL_EXTI_GenerateSWI                              build/debug/stm32f4xx_hal_exti.o
HAL_EXTI_GetConfigLine                            build/debug/stm32f4xx_hal_exti.o
HAL_EXTI_GetHandle                                build/debug/stm32f4xx_hal_exti.o
HAL_EXTI_GetPending                               build/debug/stm32f4xx_hal_exti.o
HAL_EXTI_IRQHandler                               build/debug/stm32f4xx_hal_exti.o
HAL_EXTI_RegisterCallback                         build/debug/stm32f4xx_hal_exti.o
HAL_EXTI_SetConfigLine                            build/debug/stm32f4xx_hal_exti.o
HAL_EnableCompensationCell                        build/debug/stm32f4xx_hal.o
HAL_FLASHEx_AdvOBGetConfig                        build/debug/stm32f4xx_hal_flash_ex.o
HAL_FLASHEx_AdvOBProgram                          build/debug/stm32f4xx_hal_flash_ex.o
HAL_FLASHEx_DisableFlashSleepMode                 build/debug/stm32f4xx_hal_flash_ramfunc.o
HAL_FLASHEx_EnableFlashSleepMode                  build/debug/stm32f4xx_hal_flash_ramfunc.o
HAL_FLASHEx_Erase                                 build/debug/stm32f4xx_hal_flash_ex.o
HAL_FLASHEx_Erase_IT                              build/debug/stm32f4xx_hal_flash_ex.o
HAL_FLASHEx_OBGetConfig                           build/debug/stm32f4xx_hal_flash_ex.o
HAL_FLASHEx_OBProgram                             build/debug/stm32f4xx_hal_flash_ex.o
HAL_FLASHEx_OB_DeSelectPCROP                      build/debug/stm32f4xx_hal_flash_ex.o
HAL_FLASHEx_OB_SelectPCROP                        build/debug/stm32f4xx_hal_flash_ex.o
HAL_FLASHEx_StartFlashInterfaceClk                build/debug/stm32f4xx_hal_flash_ramfunc.o
HAL_FLASHEx_StopFlashInterfaceClk                 build/debug/stm32f4xx_hal_flash_ramfunc.o
HAL_FLASH_EndOfOperationCallback                  build/debug/stm32f4xx_hal_flash.o
HAL_FLASH_GetError                                build/debug/stm32f4xx_hal_flash.o
HAL_FLASH_IRQHandler                              build/debug/stm32f4xx_hal_flash.o
HAL_FLASH_Lock                                    build/debug/stm32f4xx_hal_flash.o
HAL_FLASH_OB_Launch                               build/debug/stm32f4xx_hal_flash.o
HAL_FLASH_OB_Lock                                 build/debug/stm32f4xx_hal_flash.o
HAL_FLASH_OB_Unlock                               build/debug/stm32f4xx_hal_flash.o
HAL_FLASH_OperationErrorCallback                  build/debug/stm32f4xx_hal_flash.o
HAL_FLASH_Program                                 build/debug/stm32f4xx_hal_flash.o
HAL_FLASH_Program_IT                              build/debug/stm32f4xx_hal_flash.o
HAL_FLASH_Unlock                                  build/debug/stm32f4xx_hal_flash.o
HAL_GPIO_DeInit                                   build/debug/stm32f4xx_hal_gpio.o
HAL_GPIO_EXTI_Callback                            build/debug/main.o
HAL_GPIO_EXTI_IRQHandler                          build/debug/stm32f4xx_hal_gpio.o
                                                  build/debug/main.o
HAL_GPIO_Init                                     build/debug/stm32f4xx_hal_gpio.o
                                                  build/debug/stm32f4xx_hal_rcc.o
                                                  build/debug/stm32f4xx_hal_msp.o
                                                  build/debug/main.o
HAL_GPIO_LockPin                                  build/debug/stm32f4xx_hal_gpio.o
HAL_GPIO_ReadPin                                  build/debug/stm32f4xx_hal_gpio.o
HAL_GPIO_TogglePin                                build/debug/stm32f4xx_hal_gpio.o
HAL_GPIO_WritePin                                 build/debug/stm32f4xx_hal_gpio.o
                                                  build/debug/main.o
HAL_GetDEVID                                      build/debug/stm32f4xx_hal.o
HAL_GetHalVersion                                 build/debug/stm32f4xx_hal.o
HAL_GetREVID                                      build/debug/stm32f4xx_hal.o
HAL_GetTick                                       build/debug/stm32f4xx_hal.o
                                                  build/debug/stm32f4xx_hal_uart.o
                                                  build/debug/stm32f4xx_hal_rcc_ex.o
                                                  build/debug/stm32f4xx_hal_rcc.o
                                                  build/debug/stm32f4xx_hal_pwr_ex.o
                                                  build/debug/stm32f4xx_hal_flash.o
                                                  build/debug/stm32f4xx_hal_dma.o
                                                  build/debug/main.o
HAL_GetTickFreq                                   build/debug/stm32f4xx_hal.o
HAL_GetTickPrio                                   build/debug/stm32f4xx_hal.o
HAL_GetUIDw0                                      build/debug/stm32f4xx_hal.o
HAL_GetUIDw1                                      build/debug/stm32f4xx_hal.o
HAL_GetUIDw2                                      build/debug/stm32f4xx_hal.o
HAL_HalfDuplex_EnableReceiver                     build/debug/stm32f4xx_hal_uart.o
HAL_HalfDuplex_EnableTransmitter                  build/debug/stm32f4xx_hal_uart.o
HAL_HalfDuplex_Init                               build/debug/stm32f4xx_hal_uart.o
HAL_IncTick                                       build/debug/stm32f4xx_hal.o
                                                  build/debug/stm32f4xx_it.o
HAL_Init                                          build/debug/stm32f4xx_hal.o
                                                  build/debug/main.o
HAL_InitTick                                      build/debug/stm32f4xx_hal.o
                                                  build/debug/stm32f4xx_hal_rcc_ex.o
                                                  build/debug/stm32f4xx_hal_rcc.o
HAL_LIN_Init                                      build/debug/stm32f4xx_hal_uart.o
HAL_LIN_SendBreak                                 build/debug/stm32f4xx_hal_uart.o
HAL_MPU_ConfigRegion                              build/debug/stm32f4xx_hal_cortex.o
HAL_MPU_Disable                                   build/debug/stm32f4xx_hal_cortex.o
HAL_MPU_DisableRegion                             build/debug/stm32f4xx_hal_cortex.o
HAL_MPU_Enable                                    build/debug/stm32f4xx_hal_cortex.o
HAL_MPU_EnableRegion                              build/debug/stm32f4xx_hal_cortex.o
HAL_MspDeInit                                     build/debug/stm32f4xx_hal.o
HAL_MspInit                                       build/debug/stm32f4xx_hal_msp.o
                                                  build/debug/stm32f4xx_hal.o
HAL_MultiProcessor_EnterMuteMode                  build/debug/stm32f4xx_hal_uart.o
HAL_MultiProcessor_ExitMuteMode                   build/debug/stm32f4xx_hal_uart.o
HAL_MultiProcessor_Init                           build/debug/stm32f4xx_hal_uart.o
HAL_NVIC_ClearPendingIRQ                          build/debug/stm32f4xx_hal_cortex.o
HAL_NVIC_DisableIRQ                               build/debug/stm32f4xx_hal_cortex.o
HAL_NVIC_EnableIRQ                                build/debug/stm32f4xx_hal_cortex.o
                                                  build/debug/main.o
HAL_NVIC_GetActive                                build/debug/stm32f4xx_hal_cortex.o
HAL_NVIC_GetPendingIRQ                            build/debug/stm32f4xx_hal_cortex.o
HAL_NVIC_GetPriority                              build/debug/stm32f4xx_hal_cortex.o
HAL_NVIC_GetPriorityGrouping                      build/debug/stm32f4xx_hal_cortex.o
HAL_NVIC_SetPendingIRQ                            build/debug/stm32f4xx_hal_cortex.o
HAL_NVIC_SetPriority                              build/debug/stm32f4xx_hal_cortex.o
                                                  build/debug/stm32f4xx_hal.o
                                                  build/debug/main.o
HAL_NVIC_SetPriorityGrouping                      build/debug/stm32f4xx_hal_cortex.o
                                                  build/debug/stm32f4xx_hal.o
HAL_NVIC_SystemReset                              build/debug/stm32f4xx_hal_cortex.o
HAL_PWREx_ControlVoltageScaling                   build/debug/stm32f4xx_hal_pwr_ex.o
HAL_PWREx_DisableBkUpReg                          build/debug/stm32f4xx_hal_pwr_ex.o
HAL_PWREx_DisableFlashPowerDown                   build/debug/stm32f4xx_hal_pwr_ex.o
HAL_PWREx_DisableOverDrive                        build/debug/stm32f4xx_hal_pwr_ex.o
HAL_PWREx_EnableBkUpReg                           build/debug/stm32f4xx_hal_pwr_ex.o
HAL_PWREx_EnableFlashPowerDown                    build/debug/stm32f4xx_hal_pwr_ex.o
HAL_PWREx_EnableOverDrive                         build/debug/stm32f4xx_hal_pwr_ex.o
HAL_PWREx_EnterUnderDriveSTOPMode                 build/debug/stm32f4xx_hal_pwr_ex.o
HAL_PWREx_GetVoltageRange                         build/debug/stm32f4xx_hal_pwr_ex.o
HAL_PWR_ConfigPVD                                 build/debug/stm32f4xx_hal_pwr.o
HAL_PWR_DeInit                                    build/debug/stm32f4xx_hal_pwr.o
HAL_PWR_DisableBkUpAccess                         build/debug/stm32f4xx_hal_pwr.o
HAL_PWR_DisablePVD                                build/debug/stm32f4xx_hal_pwr.o
HAL_PWR_DisableSEVOnPend                          build/debug/stm32f4xx_hal_pwr.o
HAL_PWR_DisableSleepOnExit                        build/debug/stm32f4xx_hal_pwr.o
HAL_PWR_DisableWakeUpPin                          build/debug/stm32f4xx_hal_pwr.o
HAL_PWR_EnableBkUpAccess                          build/debug/stm32f4xx_hal_pwr.o
HAL_PWR_EnablePVD                                 build/debug/stm32f4xx_hal_pwr.o
HAL_PWR_EnableSEVOnPend                           build/debug/stm32f4xx_hal_pwr.o
HAL_PWR_EnableSleepOnExit                         build/debug/stm32f4xx_hal_pwr.o
HAL_PWR_EnableWakeUpPin                           build/debug/stm32f4xx_hal_pwr.o
HAL_PWR_EnterSLEEPMode                            build/debug/stm32f4xx_hal_pwr.o
HAL_PWR_EnterSTANDBYMode                          build/debug/stm32f4xx_hal_pwr.o
HAL_PWR_EnterSTOPMode                             build/debug/stm32f4xx_hal_pwr.o
HAL_PWR_PVDCallback                               build/debug/stm32f4xx_hal_pwr.o
HAL_PWR_PVD_IRQHandler                            build/debug/stm32f4xx_hal_pwr.o
HAL_RCCEx_DisablePLLI2S                           build/debug/stm32f4xx_hal_rcc_ex.o
HAL_RCCEx_DisablePLLSAI                           build/debug/stm32f4xx_hal_rcc_ex.o
HAL_RCCEx_EnablePLLI2S                            build/debug/stm32f4xx_hal_rcc_ex.o
HAL_RCCEx_EnablePLLSAI                            build/debug/stm32f4xx_hal_rcc_ex.o
HAL_RCCEx_GetPeriphCLKConfig                      build/debug/stm32f4xx_hal_rcc_ex.o
HAL_RCCEx_GetPeriphCLKFreq                        build/debug/stm32f4xx_hal_rcc_ex.o
HAL_RCCEx_PeriphCLKConfig                         build/debug/stm32f4xx_hal_rcc_ex.o
HAL_RCCEx_SelectLSEMode                           build/debug/stm32f4xx_hal_rcc_ex.o
HAL_RCC_CSSCallback                               build/debug/stm32f4xx_hal_rcc.o
HAL_RCC_ClockConfig                               build/debug/stm32f4xx_hal_rcc.o
                                                  build/debug/main.o
HAL_RCC_DeInit                                    build/debug/stm32f4xx_hal_rcc_ex.o
                                                  build/debug/stm32f4xx_hal_rcc.o
HAL_RCC_DisableCSS                                build/debug/stm32f4xx_hal_rcc.o
HAL_RCC_EnableCSS                                 build/debug/stm32f4xx_hal_rcc.o
HAL_RCC_GetClockConfig                            build/debug/stm32f4xx_hal_rcc.o
HAL_RCC_GetHCLKFreq                               build/debug/stm32f4xx_hal_rcc.o
HAL_RCC_GetOscConfig                              build/debug/stm32f4xx_hal_rcc_ex.o
                                                  build/debug/stm32f4xx_hal_rcc.o
HAL_RCC_GetPCLK1Freq                              build/debug/stm32f4xx_hal_rcc.o
                                                  build/debug/stm32f4xx_hal_uart.o
HAL_RCC_GetPCLK2Freq                              build/debug/stm32f4xx_hal_rcc.o
                                                  build/debug/stm32f4xx_hal_uart.o
HAL_RCC_GetSysClockFreq                           build/debug/stm32f4xx_hal_rcc_ex.o
                                                  build/debug/stm32f4xx_hal_rcc.o
HAL_RCC_MCOConfig                                 build/debug/stm32f4xx_hal_rcc.o
HAL_RCC_NMI_IRQHandler                            build/debug/stm32f4xx_hal_rcc.o
HAL_RCC_OscConfig                                 build/debug/stm32f4xx_hal_rcc_ex.o
                                                  build/debug/stm32f4xx_hal_rcc.o
                                                  build/debug/main.o
HAL_ResumeTick                                    build/debug/stm32f4xx_hal.o
HAL_SYSTICK_CLKSourceConfig                       build/debug/stm32f4xx_hal_cortex.o
HAL_SYSTICK_Callback                              build/debug/stm32f4xx_hal_cortex.o
HAL_SYSTICK_Config                                build/debug/stm32f4xx_hal_cortex.o
                                                  build/debug/stm32f4xx_hal.o
HAL_SYSTICK_IRQHandler                            build/debug/stm32f4xx_hal_cortex.o
HAL_SetTickFreq                                   build/debug/stm32f4xx_hal.o
HAL_SuspendTick                                   build/debug/stm32f4xx_hal.o
HAL_TIMEx_BreakCallback                           build/debug/stm32f4xx_hal_tim_ex.o
                                                  build/debug/stm32f4xx_hal_tim.o
HAL_TIMEx_CommutCallback                          build/debug/stm32f4xx_hal_tim_ex.o
                                                  build/debug/stm32f4xx_hal_tim.o
HAL_TIMEx_CommutHalfCpltCallback                  build/debug/stm32f4xx_hal_tim_ex.o
HAL_TIMEx_ConfigBreakDeadTime                     build/debug/stm32f4xx_hal_tim_ex.o
HAL_TIMEx_ConfigCommutEvent                       build/debug/stm32f4xx_hal_tim_ex.o
HAL_TIMEx_ConfigCommutEvent_DMA                   build/debug/stm32f4xx_hal_tim_ex.o
HAL_TIMEx_ConfigCommutEvent_IT                    build/debug/stm32f4xx_hal_tim_ex.o
HAL_TIMEx_GetChannelNState                        build/debug/stm32f4xx_hal_tim_ex.o
HAL_TIMEx_HallSensor_DeInit                       build/debug/stm32f4xx_hal_tim_ex.o
HAL_TIMEx_HallSensor_GetState                     build/debug/stm32f4xx_hal_tim_ex.o
HAL_TIMEx_HallSensor_Init                         build/debug/stm32f4xx_hal_tim_ex.o
HAL_TIMEx_HallSensor_MspDeInit                    build/debug/stm32f4xx_hal_tim_ex.o
HAL_TIMEx_HallSensor_MspInit                      build/debug/stm32f4xx_hal_tim_ex.o
HAL_TIMEx_HallSensor_Start                        build/debug/stm32f4xx_hal_tim_ex.o
HAL_TIMEx_HallSensor_Start_DMA                    build/debug/stm32f4xx_hal_tim_ex.o
HAL_TIMEx_HallSensor_Start_IT                     build/debug/stm32f4xx_hal_tim_ex.o
HAL_TIMEx_HallSensor_Stop                         build/debug/stm32f4xx_hal_tim_ex.o
HAL_TIMEx_HallSensor_Stop_DMA                     build/debug/stm32f4xx_hal_tim_ex.o
HAL_TIMEx_HallSensor_Stop_IT                      build/debug/stm32f4xx_hal_tim_ex.o
HAL_TIMEx_MasterConfigSynchronization             build/debug/stm32f4xx_hal_tim_ex.o
HAL_TIMEx_OCN_Start                               build/debug/stm32f4xx_hal_tim_ex.o
HAL_TIMEx_OCN_Start_DMA                           build/debug/stm32f4xx_hal_tim_ex.o
HAL_TIMEx_OCN_Start_IT                            build/debug/stm32f4xx_hal_tim_ex.o
HAL_TIMEx_OCN_Stop                                build/debug/stm32f4xx_hal_tim_ex.o
HAL_TIMEx_OCN_Stop_DMA                            build/debug/stm32f4xx_hal_tim_ex.o
HAL_TIMEx_OCN_Stop_IT                             build/debug/stm32f4xx_hal_tim_ex.o
HAL_TIMEx_OnePulseN_Start                         build/debug/stm32f4xx_hal_tim_ex.o
HAL_TIMEx_OnePulseN_Start_IT                      build/debug/stm32f4xx_hal_tim_ex.o
HAL_TIMEx_OnePulseN_Stop                          build/debug/stm32f4xx_hal_tim_ex.o
HAL_TIMEx_OnePulseN_Stop_IT                       build/debug/stm32f4xx_hal_tim_ex.o
HAL_TIMEx_PWMN_Start                              build/debug/stm32f4xx_hal_tim_ex.o
HAL_TIMEx_PWMN_Start_DMA                          build/debug/stm32f4xx_hal_tim_ex.o
HAL_TIMEx_PWMN_Start_IT                           build/debug/stm32f4xx_hal_tim_ex.o
HAL_TIMEx_PWMN_Stop                               build/debug/stm32f4xx_hal_tim_ex.o
HAL_TIMEx_PWMN_Stop_DMA                           build/debug/stm32f4xx_hal_tim_ex.o
HAL_TIMEx_PWMN_Stop_IT                            build/debug/stm32f4xx_hal_tim_ex.o
HAL_TIMEx_RemapConfig                             build/debug/stm32f4xx_hal_tim_ex.o
HAL_TIM_Base_DeInit                               build/debug/stm32f4xx_hal_tim.o
HAL_TIM_Base_GetState                             build/debug/stm32f4xx_hal_tim.o
HAL_TIM_Base_Init                                 build/debug/stm32f4xx_hal_tim.o
HAL_TIM_Base_MspDeInit                            build/debug/stm32f4xx_hal_msp.o
HAL_TIM_Base_MspInit                              build/debug/stm32f4xx_hal_msp.o
HAL_TIM_Base_Start                                build/debug/stm32f4xx_hal_tim.o
HAL_TIM_Base_Start_DMA                            build/debug/stm32f4xx_hal_tim.o
HAL_TIM_Base_Start_IT                             build/debug/stm32f4xx_hal_tim.o
HAL_TIM_Base_Stop                                 build/debug/stm32f4xx_hal_tim.o
HAL_TIM_Base_Stop_DMA                             build/debug/stm32f4xx_hal_tim.o
HAL_TIM_Base_Stop_IT                              build/debug/stm32f4xx_hal_tim.o
HAL_TIM_ConfigClockSource                         build/debug/stm32f4xx_hal_tim.o
HAL_TIM_ConfigOCrefClear                          build/debug/stm32f4xx_hal_tim.o
HAL_TIM_ConfigTI1Input                            build/debug/stm32f4xx_hal_tim.o
HAL_TIM_DMABurstState                             build/debug/stm32f4xx_hal_tim.o
HAL_TIM_DMABurst_MultiReadStart                   build/debug/stm32f4xx_hal_tim.o
HAL_TIM_DMABurst_MultiWriteStart                  build/debug/stm32f4xx_hal_tim.o
HAL_TIM_DMABurst_ReadStart                        build/debug/stm32f4xx_hal_tim.o
HAL_TIM_DMABurst_ReadStop                         build/debug/stm32f4xx_hal_tim.o
HAL_TIM_DMABurst_WriteStart                       build/debug/stm32f4xx_hal_tim.o
HAL_TIM_DMABurst_WriteStop                        build/debug/stm32f4xx_hal_tim.o
HAL_TIM_Encoder_DeInit                            build/debug/stm32f4xx_hal_tim.o
HAL_TIM_Encoder_GetState                          build/debug/stm32f4xx_hal_tim.o
HAL_TIM_Encoder_Init                              build/debug/stm32f4xx_hal_tim.o
HAL_TIM_Encoder_MspDeInit                         build/debug/stm32f4xx_hal_tim.o
HAL_TIM_Encoder_MspInit                           build/debug/stm32f4xx_hal_tim.o
HAL_TIM_Encoder_Start                             build/debug/stm32f4xx_hal_tim.o
HAL_TIM_Encoder_Start_DMA                         build/debug/stm32f4xx_hal_tim.o
HAL_TIM_Encoder_Start_IT                          build/debug/stm32f4xx_hal_tim.o
HAL_TIM_Encoder_Stop                              build/debug/stm32f4xx_hal_tim.o
HAL_TIM_Encoder_Stop_DMA                          build/debug/stm32f4xx_hal_tim.o
HAL_TIM_Encoder_Stop_IT                           build/debug/stm32f4xx_hal_tim.o
HAL_TIM_ErrorCallback                             build/debug/stm32f4xx_hal_tim.o
                                                  build/debug/stm32f4xx_hal_tim_ex.o
HAL_TIM_GenerateEvent                             build/debug/stm32f4xx_hal_tim.o
HAL_TIM_GetActiveChannel                          build/debug/stm32f4xx_hal_tim.o
HAL_TIM_GetChannelState                           build/debug/stm32f4xx_hal_tim.o
HAL_TIM_IC_CaptureCallback                        build/debug/stm32f4xx_hal_tim.o
HAL_TIM_IC_CaptureHalfCpltCallback                build/debug/stm32f4xx_hal_tim.o
HAL_TIM_IC_ConfigChannel                          build/debug/stm32f4xx_hal_tim.o
HAL_TIM_IC_DeInit                                 build/debug/stm32f4xx_hal_tim.o
HAL_TIM_IC_GetState                               build/debug/stm32f4xx_hal_tim.o
HAL_TIM_IC_Init                                   build/debug/stm32f4xx_hal_tim.o
HAL_TIM_IC_MspDeInit                              build/debug/stm32f4xx_hal_tim.o
HAL_TIM_IC_MspInit                                build/debug/stm32f4xx_hal_tim.o
HAL_TIM_IC_Start                                  build/debug/stm32f4xx_hal_tim.o
HAL_TIM_IC_Start_DMA                              build/debug/stm32f4xx_hal_tim.o
HAL_TIM_IC_Start_IT                               build/debug/stm32f4xx_hal_tim.o
HAL_TIM_IC_Stop                                   build/debug/stm32f4xx_hal_tim.o
HAL_TIM_IC_Stop_DMA                               build/debug/stm32f4xx_hal_tim.o
HAL_TIM_IC_Stop_IT                                build/debug/stm32f4xx_hal_tim.o
HAL_TIM_IRQHandler                                build/debug/stm32f4xx_hal_tim.o
HAL_TIM_MspPostInit                               build/debug/stm32f4xx_hal_msp.o
HAL_TIM_OC_ConfigChannel                          build/debug/stm32f4xx_hal_tim.o
HAL_TIM_OC_DeInit                                 build/debug/stm32f4xx_hal_tim.o
HAL_TIM_OC_DelayElapsedCallback                   build/debug/stm32f4xx_hal_tim.o
HAL_TIM_OC_GetState                               build/debug/stm32f4xx_hal_tim.o
HAL_TIM_OC_Init                                   build/debug/stm32f4xx_hal_tim.o
HAL_TIM_OC_MspDeInit                              build/debug/stm32f4xx_hal_tim.o
HAL_TIM_OC_MspInit                                build/debug/stm32f4xx_hal_tim.o
HAL_TIM_OC_Start                                  build/debug/stm32f4xx_hal_tim.o
HAL_TIM_OC_Start_DMA                              build/debug/stm32f4xx_hal_tim.o
HAL_TIM_OC_Start_IT                               build/debug/stm32f4xx_hal_tim.o
HAL_TIM_OC_Stop                                   build/debug/stm32f4xx_hal_tim.o
HAL_TIM_OC_Stop_DMA                               build/debug/stm32f4xx_hal_tim.o
HAL_TIM_OC_Stop_IT                                build/debug/stm32f4xx_hal_tim.o
HAL_TIM_OnePulse_ConfigChannel                    build/debug/stm32f4xx_hal_tim.o
HAL_TIM_OnePulse_DeInit                           build/debug/stm32f4xx_hal_tim.o
HAL_TIM_OnePulse_GetState                         build/debug/stm32f4xx_hal_tim.o
HAL_TIM_OnePulse_Init                             build/debug/stm32f4xx_hal_tim.o
HAL_TIM_OnePulse_MspDeInit                        build/debug/stm32f4xx_hal_tim.o
HAL_TIM_OnePulse_MspInit                          build/debug/stm32f4xx_hal_tim.o
HAL_TIM_OnePulse_Start                            build/debug/stm32f4xx_hal_tim.o
HAL_TIM_OnePulse_Start_IT                         build/debug/stm32f4xx_hal_tim.o
HAL_TIM_OnePulse_Stop                             build/debug/stm32f4xx_hal_tim.o
HAL_TIM_OnePulse_Stop_IT                          build/debug/stm32f4xx_hal_tim.o
HAL_TIM_PWM_ConfigChannel                         build/debug/stm32f4xx_hal_tim.o
HAL_TIM_PWM_DeInit                                build/debug/stm32f4xx_hal_tim.o
HAL_TIM_PWM_GetState                              build/debug/stm32f4xx_hal_tim.o
HAL_TIM_PWM_Init                                  build/debug/stm32f4xx_hal_tim.o
HAL_TIM_PWM_MspDeInit                             build/debug/stm32f4xx_hal_tim.o
HAL_TIM_PWM_MspInit                               build/debug/stm32f4xx_hal_tim.o
HAL_TIM_PWM_PulseFinishedCallback                 build/debug/stm32f4xx_hal_tim.o
                                                  build/debug/stm32f4xx_hal_tim_ex.o
HAL_TIM_PWM_PulseFinishedHalfCpltCallback         build/debug/stm32f4xx_hal_tim.o
HAL_TIM_PWM_Start                                 build/debug/stm32f4xx_hal_tim.o
HAL_TIM_PWM_Start_DMA                             build/debug/stm32f4xx_hal_tim.o
HAL_TIM_PWM_Start_IT                              build/debug/stm32f4xx_hal_tim.o
HAL_TIM_PWM_Stop                                  build/debug/stm32f4xx_hal_tim.o
HAL_TIM_PWM_Stop_DMA                              build/debug/stm32f4xx_hal_tim.o
HAL_TIM_PWM_Stop_IT                               build/debug/stm32f4xx_hal_tim.o
HAL_TIM_PeriodElapsedCallback                     build/debug/stm32f4xx_hal_tim.o
HAL_TIM_PeriodElapsedHalfCpltCallback             build/debug/stm32f4xx_hal_tim.o
HAL_TIM_ReadCapturedValue                         build/debug/stm32f4xx_hal_tim.o
HAL_TIM_SlaveConfigSynchro                        build/debug/stm32f4xx_hal_tim.o
HAL_TIM_SlaveConfigSynchro_IT                     build/debug/stm32f4xx_hal_tim.o
HAL_TIM_TriggerCallback                           build/debug/stm32f4xx_hal_tim.o
HAL_TIM_TriggerHalfCpltCallback                   build/debug/stm32f4xx_hal_tim.o
HAL_UARTEx_GetRxEventType                         build/debug/stm32f4xx_hal_uart.o
HAL_UARTEx_ReceiveToIdle                          build/debug/stm32f4xx_hal_uart.o
HAL_UARTEx_ReceiveToIdle_DMA                      build/debug/stm32f4xx_hal_uart.o
HAL_UARTEx_ReceiveToIdle_IT                       build/debug/stm32f4xx_hal_uart.o
HAL_UARTEx_RxEventCallback                        build/debug/stm32f4xx_hal_uart.o
HAL_UART_Abort                                    build/debug/stm32f4xx_hal_uart.o
HAL_UART_AbortCpltCallback                        build/debug/stm32f4xx_hal_uart.o
HAL_UART_AbortReceive                             build/debug/stm32f4xx_hal_uart.o
HAL_UART_AbortReceiveCpltCallback                 build/debug/stm32f4xx_hal_uart.o
HAL_UART_AbortReceive_IT                          build/debug/stm32f4xx_hal_uart.o
HAL_UART_AbortTransmit                            build/debug/stm32f4xx_hal_uart.o
HAL_UART_AbortTransmitCpltCallback                build/debug/stm32f4xx_hal_uart.o
HAL_UART_AbortTransmit_IT                         build/debug/stm32f4xx_hal_uart.o
HAL_UART_Abort_IT                                 build/debug/stm32f4xx_hal_uart.o
HAL_UART_DMAPause                                 build/debug/stm32f4xx_hal_uart.o
HAL_UART_DMAResume                                build/debug/stm32f4xx_hal_uart.o
HAL_UART_DMAStop                                  build/debug/stm32f4xx_hal_uart.o
HAL_UART_DeInit                                   build/debug/stm32f4xx_hal_uart.o
HAL_UART_ErrorCallback                            build/debug/stm32f4xx_hal_uart.o
HAL_UART_GetError                                 build/debug/stm32f4xx_hal_uart.o
HAL_UART_GetState                                 build/debug/stm32f4xx_hal_uart.o
HAL_UART_IRQHandler                               build/debug/stm32f4xx_hal_uart.o
HAL_UART_Init                                     build/debug/stm32f4xx_hal_uart.o
                                                  build/debug/main.o
HAL_UART_MspDeInit                                build/debug/stm32f4xx_hal_uart.o
HAL_UART_MspInit                                  build/debug/stm32f4xx_hal_uart.o
HAL_UART_Receive                                  build/debug/stm32f4xx_hal_uart.o
HAL_UART_Receive_DMA                              build/debug/stm32f4xx_hal_uart.o
HAL_UART_Receive_IT                               build/debug/stm32f4xx_hal_uart.o
HAL_UART_RxCpltCallback                           build/debug/stm32f4xx_hal_uart.o
HAL_UART_RxHalfCpltCallback                       build/debug/stm32f4xx_hal_uart.o
HAL_UART_Transmit                                 build/debug/stm32f4xx_hal_uart.o
                                                  build/debug/main.o
HAL_UART_Transmit_DMA                             build/debug/stm32f4xx_hal_uart.o
HAL_UART_Transmit_IT                              build/debug/stm32f4xx_hal_uart.o
HAL_UART_TxCpltCallback                           build/debug/stm32f4xx_hal_uart.o
HAL_UART_TxHalfCpltCallback                       build/debug/stm32f4xx_hal_uart.o
HardFault_Handler                                 build/debug/stm32f4xx_it.o
I2C1_ER_IRQHandler                                build/debug/startup_stm32f446xx.o
I2C1_EV_IRQHandler                                build/debug/startup_stm32f446xx.o
I2C2_ER_IRQHandler                                build/debug/startup_stm32f446xx.o
I2C2_EV_IRQHandler                                build/debug/startup_stm32f446xx.o
I2C3_ER_IRQHandler                                build/debug/startup_stm32f446xx.o
I2C3_EV_IRQHandler                                build/debug/startup_stm32f446xx.o
MemManage_Handler                                 build/debug/stm32f4xx_it.o
NMI_Handler                                       build/debug/stm32f4xx_it.o
OTG_FS_IRQHandler                                 build/debug/startup_stm32f446xx.o
OTG_FS_WKUP_IRQHandler                            build/debug/startup_stm32f446xx.o
OTG_HS_EP1_IN_IRQHandler                          build/debug/startup_stm32f446xx.o
OTG_HS_EP1_OUT_IRQHandler                         build/debug/startup_stm32f446xx.o
OTG_HS_IRQHandler                                 build/debug/startup_stm32f446xx.o
OTG_HS_WKUP_IRQHandler                            build/debug/startup_stm32f446xx.o
PVD_IRQHandler                                    build/debug/startup_stm32f446xx.o
PendSV_Handler                                    build/debug/stm32f4xx_it.o
QUADSPI_IRQHandler                                build/debug/startup_stm32f446xx.o
RCC_IRQHandler                                    build/debug/startup_stm32f446xx.o
RTC_Alarm_IRQHandler                              build/debug/startup_stm32f446xx.o
RTC_WKUP_IRQHandler                               build/debug/startup_stm32f446xx.o
Reset_Handler                                     build/debug/startup_stm32f446xx.o
SAI1_IRQHandler                                   build/debug/startup_stm32f446xx.o
SAI2_IRQHandler                                   build/debug/startup_stm32f446xx.o
SDIO_IRQHandler                                   build/debug/startup_stm32f446xx.o
SPDIF_RX_IRQHandler                               build/debug/startup_stm32f446xx.o
SPI1_IRQHandler                                   build/debug/startup_stm32f446xx.o
SPI2_IRQHandler                                   build/debug/startup_stm32f446xx.o
SPI3_IRQHandler                                   build/debug/startup_stm32f446xx.o
SPI4_IRQHandler                                   build/debug/startup_stm32f446xx.o
SVC_Handler                                       build/debug/stm32f4xx_it.o
SysTick_Handler                                   build/debug/stm32f4xx_it.o
SystemClock_Config                                build/debug/main.o
SystemCoreClock                                   build/debug/system_stm32f4xx.o
                                                  build/debug/stm32f4xx_hal_rcc_ex.o
                                                  build/debug/stm32f4xx_hal_rcc.o
                                                  build/debug/stm32f4xx_hal_dma.o
                                                  build/debug/stm32f4xx_hal.o
SystemCoreClockUpdate                             build/debug/system_stm32f4xx.o
SystemInit                                        build/debug/system_stm32f4xx.o
                                                  build/debug/startup_stm32f446xx.o
TAMP_STAMP_IRQHandler                             build/debug/startup_stm32f446xx.o
TIM1_BRK_TIM9_IRQHandler                          build/debug/startup_stm32f446xx.o
TIM1_CC_IRQHandler                                build/debug/startup_stm32f446xx.o
TIM1_TRG_COM_TIM11_IRQHandler                     build/debug/startup_stm32f446xx.o
TIM1_UP_TIM10_IRQHandler                          build/debug/startup_stm32f446xx.o
TIM2_IRQHandler                                   build/debug/startup_stm32f446xx.o
TIM3_IRQHandler                                   build/debug/startup_stm32f446xx.o
TIM4_IRQHandler                                   build/debug/startup_stm32f446xx.o
TIM5_IRQHandler                                   build/debug/startup_stm32f446xx.o
TIM6_DAC_IRQHandler                               build/debug/startup_stm32f446xx.o
TIM7_IRQHandler                                   build/debug/startup_stm32f446xx.o
TIM8_BRK_TIM12_IRQHandler                         build/debug/startup_stm32f446xx.o
TIM8_CC_IRQHandler                                build/debug/startup_stm32f446xx.o
TIM8_TRG_COM_TIM14_IRQHandler                     build/debug/startup_stm32f446xx.o
TIM8_UP_TIM13_IRQHandler                          build/debug/startup_stm32f446xx.o
TIMEx_DMACommutationCplt                          build/debug/stm32f4xx_hal_tim_ex.o
                                                  build/debug/stm32f4xx_hal_tim.o
TIMEx_DMACommutationHalfCplt                      build/debug/stm32f4xx_hal_tim_ex.o
                                                  build/debug/stm32f4xx_hal_tim.o
TIM_Base_SetConfig                                build/debug/stm32f4xx_hal_tim.o
                                                  build/debug/stm32f4xx_hal_tim_ex.o
TIM_CCxChannelCmd                                 build/debug/stm32f4xx_hal_tim.o
                                                  build/debug/stm32f4xx_hal_tim_ex.o
TIM_DMACaptureCplt                                build/debug/stm32f4xx_hal_tim.o
                                                  build/debug/stm32f4xx_hal_tim_ex.o
TIM_DMACaptureHalfCplt                            build/debug/stm32f4xx_hal_tim.o
                                                  build/debug/stm32f4xx_hal_tim_ex.o
TIM_DMADelayPulseHalfCplt                         build/debug/stm32f4xx_hal_tim.o
                                                  build/debug/stm32f4xx_hal_tim_ex.o
TIM_DMAError                                      build/debug/stm32f4xx_hal_tim.o
                                                  build/debug/stm32f4xx_hal_tim_ex.o
TIM_ETR_SetConfig                                 build/debug/stm32f4xx_hal_tim.o
TIM_OC2_SetConfig                                 build/debug/stm32f4xx_hal_tim.o
                                                  build/debug/stm32f4xx_hal_tim_ex.o
TIM_TI1_SetConfig                                 build/debug/stm32f4xx_hal_tim.o
                                                  build/debug/stm32f4xx_hal_tim_ex.o
UART4_IRQHandler                                  build/debug/startup_stm32f446xx.o
UART5_IRQHandler                                  build/debug/startup_stm32f446xx.o
UART_Start_Receive_DMA                            build/debug/stm32f4xx_hal_uart.o
UART_Start_Receive_IT                             build/debug/stm32f4xx_hal_uart.o
USART1_IRQHandler                                 build/debug/startup_stm32f446xx.o
USART2_IRQHandler                                 build/debug/startup_stm32f446xx.o
USART3_IRQHandler                                 build/debug/startup_stm32f446xx.o
USART6_IRQHandler                                 build/debug/startup_stm32f446xx.o
UsageFault_Handler                                build/debug/stm32f4xx_it.o
WWDG_IRQHandler                                   build/debug/startup_stm32f446xx.o
_Min_Stack_Size                                   build/debug/sysmem.o
__aeabi_idiv0                                     c:/Users/P Ngubo/AppData/Roaming/Code/User/globalStorage/bmd.stm32-for-vscode/@xpack-dev-tools/arm-none-eabi-gcc/14.2.1-1.1.1/.content/bin/../lib/gcc/arm-none-eabi/14.2.1/thumb/v7e-m+fp/hard\libgcc.a(_dvmd_tls.o)
__aeabi_ldiv0                                     c:/Users/P Ngubo/AppData/Roaming/Code/User/globalStorage/bmd.stm32-for-vscode/@xpack-dev-tools/arm-none-eabi-gcc/14.2.1-1.1.1/.content/bin/../lib/gcc/arm-none-eabi/14.2.1/thumb/v7e-m+fp/hard\libgcc.a(_dvmd_tls.o)
                                                  c:/Users/P Ngubo/AppData/Roaming/Code/User/globalStorage/bmd.stm32-for-vscode/@xpack-dev-tools/arm-none-eabi-gcc/14.2.1-1.1.1/.content/bin/../lib/gcc/arm-none-eabi/14.2.1/thumb/v7e-m+fp/hard\libgcc.a(_aeabi_uldivmod.o)
__aeabi_uldivmod                                  c:/Users/P Ngubo/AppData/Roaming/Code/User/globalStorage/bmd.stm32-for-vscode/@xpack-dev-tools/arm-none-eabi-gcc/14.2.1-1.1.1/.content/bin/../lib/gcc/arm-none-eabi/14.2.1/thumb/v7e-m+fp/hard\libgcc.a(_aeabi_uldivmod.o)
                                                  build/debug/stm32f4xx_hal_uart.o
                                                  build/debug/stm32f4xx_hal_rcc_ex.o
                                                  build/debug/stm32f4xx_hal_rcc.o
__atexit                                          c:/Users/P Ngubo/AppData/Roaming/Code/User/globalStorage/bmd.stm32-for-vscode/@xpack-dev-tools/arm-none-eabi-gcc/14.2.1-1.1.1/.content/bin/../lib/gcc/arm-none-eabi/14.2.1/../../../../arm-none-eabi/lib/thumb/v7e-m+fp/hard\libc_nano.a(libc_a-__call_atexit.o)
                                                  c:/Users/P Ngubo/AppData/Roaming/Code/User/globalStorage/bmd.stm32-for-vscode/@xpack-dev-tools/arm-none-eabi-gcc/14.2.1-1.1.1/.content/bin/../lib/gcc/arm-none-eabi/14.2.1/../../../../arm-none-eabi/lib/thumb/v7e-m+fp/hard\libc_nano.a(libc_a-__atexit.o)
__atexit0                                         c:/Users/P Ngubo/AppData/Roaming/Code/User/globalStorage/bmd.stm32-for-vscode/@xpack-dev-tools/arm-none-eabi-gcc/14.2.1-1.1.1/.content/bin/../lib/gcc/arm-none-eabi/14.2.1/../../../../arm-none-eabi/lib/thumb/v7e-m+fp/hard\libc_nano.a(libc_a-__atexit.o)
__atexit_dummy                                    c:/Users/P Ngubo/AppData/Roaming/Code/User/globalStorage/bmd.stm32-for-vscode/@xpack-dev-tools/arm-none-eabi-gcc/14.2.1-1.1.1/.content/bin/../lib/gcc/arm-none-eabi/14.2.1/../../../../arm-none-eabi/lib/thumb/v7e-m+fp/hard\libc_nano.a(libc_a-__atexit.o)
__atexit_recursive_mutex                          c:/Users/P Ngubo/AppData/Roaming/Code/User/globalStorage/bmd.stm32-for-vscode/@xpack-dev-tools/arm-none-eabi-gcc/14.2.1-1.1.1/.content/bin/../lib/gcc/arm-none-eabi/14.2.1/../../../../arm-none-eabi/lib/thumb/v7e-m+fp/hard\libc_nano.a(libc_a-__call_atexit.o)