Archive member included to satisfy reference by file (symbol)

c:/Users/P Ngubo/AppData/Roaming/Code/User/globalStorage/bmd.stm32-for-vscode/@xpack-dev-tools/arm-none-eabi-gcc/14.2.1-1.1.1/.content/bin/../lib/gcc/arm-none-eabi/14.2.1/../../../../arm-none-eabi/lib/thumb/v7e-m+fp/hard\libc_nano.a(libc_a-atexit.o)
                              c:/Users/P Ngubo/AppData/Roaming/Code/User/globalStorage/bmd.stm32-for-vscode/@xpack-dev-tools/arm-none-eabi-gcc/14.2.1-1.1.1/.content/bin/../lib/gcc/arm-none-eabi/14.2.1/../../../../arm-none-eabi/lib/thumb/v7e-m+fp/hard/crt0.o (atexit)
c:/Users/P Ngubo/AppData/Roaming/Code/User/globalStorage/bmd.stm32-for-vscode/@xpack-dev-tools/arm-none-eabi-gcc/14.2.1-1.1.1/.content/bin/../lib/gcc/arm-none-eabi/14.2.1/../../../../arm-none-eabi/lib/thumb/v7e-m+fp/hard\libc_nano.a(libc_a-exit.o)
                              c:/Users/P Ngubo/AppData/Roaming/Code/User/globalStorage/bmd.stm32-for-vscode/@xpack-dev-tools/arm-none-eabi-gcc/14.2.1-1.1.1/.content/bin/../lib/gcc/arm-none-eabi/14.2.1/../../../../arm-none-eabi/lib/thumb/v7e-m+fp/hard/crt0.o (exit)
c:/Users/P Ngubo/AppData/Roaming/Code/User/globalStorage/bmd.stm32-for-vscode/@xpack-dev-tools/arm-none-eabi-gcc/14.2.1-1.1.1/.content/bin/../lib/gcc/arm-none-eabi/14.2.1/../../../../arm-none-eabi/lib/thumb/v7e-m+fp/hard\libc_nano.a(libc_a-findfp.o)
                              c:/Users/P Ngubo/AppData/Roaming/Code/User/globalStorage/bmd.stm32-for-vscode/@xpack-dev-tools/arm-none-eabi-gcc/14.2.1-1.1.1/.content/bin/../lib/gcc/arm-none-eabi/14.2.1/../../../../arm-none-eabi/lib/thumb/v7e-m+fp/hard\libc_nano.a(libc_a-exit.o) (__stdio_exit_handler)
c:/Users/P Ngubo/AppData/Roaming/Code/User/globalStorage/bmd.stm32-for-vscode/@xpack-dev-tools/arm-none-eabi-gcc/14.2.1-1.1.1/.content/bin/../lib/gcc/arm-none-eabi/14.2.1/../../../../arm-none-eabi/lib/thumb/v7e-m+fp/hard\libc_nano.a(libc_a-fwalk.o)
                              c:/Users/P Ngubo/AppData/Roaming/Code/User/globalStorage/bmd.stm32-for-vscode/@xpack-dev-tools/arm-none-eabi-gcc/14.2.1-1.1.1/.content/bin/../lib/gcc/arm-none-eabi/14.2.1/../../../../arm-none-eabi/lib/thumb/v7e-m+fp/hard\libc_nano.a(libc_a-findfp.o) (_fwalk_sglue)
c:/Users/P Ngubo/AppData/Roaming/Code/User/globalStorage/bmd.stm32-for-vscode/@xpack-dev-tools/arm-none-eabi-gcc/14.2.1-1.1.1/.content/bin/../lib/gcc/arm-none-eabi/14.2.1/../../../../arm-none-eabi/lib/thumb/v7e-m+fp/hard\libc_nano.a(libc_a-sprintf.o)
                              build/release/main.o (sprintf)
c:/Users/P Ngubo/AppData/Roaming/Code/User/globalStorage/bmd.stm32-for-vscode/@xpack-dev-tools/arm-none-eabi-gcc/14.2.1-1.1.1/.content/bin/../lib/gcc/arm-none-eabi/14.2.1/../../../../arm-none-eabi/lib/thumb/v7e-m+fp/hard\libc_nano.a(libc_a-sscanf.o)
                              build/release/main.o (sscanf)
c:/Users/P Ngubo/AppData/Roaming/Code/User/globalStorage/bmd.stm32-for-vscode/@xpack-dev-tools/arm-none-eabi-gcc/14.2.1-1.1.1/.content/bin/../lib/gcc/arm-none-eabi/14.2.1/../../../../arm-none-eabi/lib/thumb/v7e-m+fp/hard\libc_nano.a(libc_a-stdio.o)
                              c:/Users/P Ngubo/AppData/Roaming/Code/User/globalStorage/bmd.stm32-for-vscode/@xpack-dev-tools/arm-none-eabi-gcc/14.2.1-1.1.1/.content/bin/../lib/gcc/arm-none-eabi/14.2.1/../../../../arm-none-eabi/lib/thumb/v7e-m+fp/hard\libc_nano.a(libc_a-findfp.o) (__sread)
c:/Users/P Ngubo/AppData/Roaming/Code/User/globalStorage/bmd.stm32-for-vscode/@xpack-dev-tools/arm-none-eabi-gcc/14.2.1-1.1.1/.content/bin/../lib/gcc/arm-none-eabi/14.2.1/../../../../arm-none-eabi/lib/thumb/v7e-m+fp/hard\libc_nano.a(libc_a-memset.o)
                              c:/Users/P Ngubo/AppData/Roaming/Code/User/globalStorage/bmd.stm32-for-vscode/@xpack-dev-tools/arm-none-eabi-gcc/14.2.1-1.1.1/.content/bin/../lib/gcc/arm-none-eabi/14.2.1/../../../../arm-none-eabi/lib/thumb/v7e-m+fp/hard/crt0.o (memset)
c:/Users/P Ngubo/AppData/Roaming/Code/User/globalStorage/bmd.stm32-for-vscode/@xpack-dev-tools/arm-none-eabi-gcc/14.2.1-1.1.1/.content/bin/../lib/gcc/arm-none-eabi/14.2.1/../../../../arm-none-eabi/lib/thumb/v7e-m+fp/hard\libc_nano.a(libc_a-strncpy.o)
                              build/release/main.o (strncpy)
c:/Users/P Ngubo/AppData/Roaming/Code/User/globalStorage/bmd.stm32-for-vscode/@xpack-dev-tools/arm-none-eabi-gcc/14.2.1-1.1.1/.content/bin/../lib/gcc/arm-none-eabi/14.2.1/../../../../arm-none-eabi/lib/thumb/v7e-m+fp/hard\libc_nano.a(libc_a-closer.o)
                              c:/Users/P Ngubo/AppData/Roaming/Code/User/globalStorage/bmd.stm32-for-vscode/@xpack-dev-tools/arm-none-eabi-gcc/14.2.1-1.1.1/.content/bin/../lib/gcc/arm-none-eabi/14.2.1/../../../../arm-none-eabi/lib/thumb/v7e-m+fp/hard\libc_nano.a(libc_a-stdio.o) (_close_r)
c:/Users/P Ngubo/AppData/Roaming/Code/User/globalStorage/bmd.stm32-for-vscode/@xpack-dev-tools/arm-none-eabi-gcc/14.2.1-1.1.1/.content/bin/../lib/gcc/arm-none-eabi/14.2.1/../../../../arm-none-eabi/lib/thumb/v7e-m+fp/hard\libc_nano.a(libc_a-reent.o)
[...]
Memory Configuration

Name             Origin             Length             Attributes
RAM              0x20000000         0x00020000         xrw
FLASH            0x08000000         0x00040000         xr
*default*        0x00000000         0xffffffff

Linker script and memory map

LOAD c:/Users/P Ngubo/AppData/Roaming/Code/User/globalStorage/bmd.stm32-for-vscode/@xpack-dev-tools/arm-none-eabi-gcc/14.2.1-1.1.1/.content/bin/../lib/gcc/arm-none-eabi/14.2.1/thumb/v7e-m+fp/hard/crti.o
LOAD c:/Users/P Ngubo/AppData/Roaming/Code/User/globalStorage/bmd.stm32-for-vscode/@xpack-dev-tools/arm-none-eabi-gcc/14.2.1-1.1.1/.content/bin/../lib/gcc/arm-none-eabi/14.2.1/thumb/v7e-m+fp/hard/crtbegin.o
LOAD c:/Users/P Ngubo/AppData/Roaming/Code/User/globalStorage/bmd.stm32-for-vscode/@xpack-dev-tools/arm-none-eabi-gcc/14.2.1-1.1.1/.content/bin/../lib/gcc/arm-none-eabi/14.2.1/../../../../arm-none-eabi/lib/thumb/v7e-m+fp/hard/crt0.o
LOAD build/release/lcd_stm32f4.o
LOAD build/release/main.o
LOAD build/release/stm32f4xx_hal.o
LOAD build/release/stm32f4xx_hal_adc.o
LOAD build/release/stm32f4xx_hal_adc_ex.o
LOAD build/release/stm32f4xx_hal_cortex.o
LOAD build/release/stm32f4xx_hal_dma.o
LOAD build/release/stm32f4xx_hal_dma_ex.o
LOAD build/release/stm32f4xx_hal_exti.o
LOAD build/release/stm32f4xx_hal_flash.o
LOAD build/release/stm32f4xx_hal_flash_ex.o
LOAD build/release/stm32f4xx_hal_flash_ramfunc.o
LOAD build/release/stm32f4xx_hal_gpio.o
LOAD build/release/stm32f4xx_hal_msp.o
LOAD build/release/stm32f4xx_hal_pwr.o
LOAD build/release/stm32f4xx_hal_pwr_ex.o
LOAD build/release/stm32f4xx_hal_rcc.o
LOAD build/release/stm32f4xx_hal_rcc_ex.o
LOAD build/release/stm32f4xx_hal_tim.o
LOAD build/release/stm32f4xx_hal_tim_ex.o
LOAD build/release/stm32f4xx_hal_uart.o
LOAD build/release/stm32f4xx_it.o
LOAD build/release/syscalls.o
LOAD build/release/sysmem.o
LOAD build/release/system_stm32f4xx.o
LOAD build/release/startup_stm32f446xx.o
LOAD c:/Users/P Ngubo/AppData/Roaming/Code/User/globalStorage/bmd.stm32-for-vscode/@xpack-dev-tools/arm-none-eabi-gcc/14.2.1-1.1.1/.content/bin/../lib/gcc/arm-none-eabi/14.2.1/../../../../arm-none-eabi/lib/thumb/v7e-m+fp/hard\libc_nano.a
LOAD c:/Users/P Ngubo/AppData/Roaming/Code/User/globalStorage/bmd.stm32-for-vscode/@xpack-dev-tools/arm-none-eabi-gcc/14.2.1-1.1.1/.content/bin/../lib/gcc/arm-none-eabi/14.2.1/../../../../arm-none-eabi/lib/thumb/v7e-m+fp/hard\libm.a
LOAD c:/Users/P Ngubo/AppData/Roaming/Code/User/globalStorage/bmd.stm32-for-vscode/@xpack-dev-tools/arm-none-eabi-gcc/14.2.1-1.1.1/.content/bin/../lib/gcc/arm-none-eabi/14.2.1/../../../../arm-none-eabi/lib/thumb/v7e-m+fp/hard\libnosys.a
START GROUP
LOAD c:/Users/P Ngubo/AppData/Roaming/Code/User/globalStorage/bmd.stm32-for-vscode/@xpack-dev-tools/arm-none-eabi-gcc/14.2.1-1.1.1/.content/bin/../lib/gcc/arm-none-eabi/14.2.1/thumb/v7e-m+fp/hard\libgcc.a
LOAD c:/Users/P Ngubo/AppData/Roaming/Code/User/globalStorage/bmd.stm32-for-vscode/@xpack-dev-tools/arm-none-eabi-gcc/14.2.1-1.1.1/.content/bin/../lib/gcc/arm-none-eabi/14.2.1/../../../../arm-none-eabi/lib/thumb/v7e-m+fp/hard\libc_nano.a
END GROUP
START GROUP
LOAD c:/Users/P Ngubo/AppData/Roaming/Code/User/globalStorage/bmd.stm32-for-vscode/@xpack-dev-tools/arm-none-eabi-gcc/14.2.1-1.1.1/.content/bin/../lib/gcc/arm-none-eabi/14.2.1/thumb/v7e-m+fp/hard\libgcc.a
LOAD c:/Users/P Ngubo/AppData/Roaming/Code/User/globalStorage/bmd.stm32-for-vscode/@xpack-dev-tools/arm-none-eabi-gcc/14.2.1-1.1.1/.content/bin/../lib/gcc/arm-none-eabi/14.2.1/../../../../arm-none-eabi/lib/thumb/v7e-m+fp/hard\libc_nano.a
END GROUP
LOAD c:/Users/P Ngubo/AppData/Roaming/Code/User/globalStorage/bmd.stm32-for-vscode/@xpack-dev-tools/arm-none-eabi-gcc/14.2.1-1.1.1/.content/bin/../lib/gcc/arm-none-eabi/14.2.1/thumb/v7e-m+fp/hard/crtend.o
LOAD c:/Users/P Ngubo/AppData/Roaming/Code/User/globalStorage/bmd.stm32-for-vscode/@xpack-dev-tools/arm-none-eabi-gcc/14.2.1-1.1.1/.content/bin/../lib/gcc/arm-none-eabi/14.2.1/thumb/v7e-m+fp/hard/crtn.o
                0x20020000                        _estack = (ORIGIN (RAM) + LENGTH (RAM))
                0x00000200                        _Min_Heap_Size = 0x200
                0x00000400                        _Min_Stack_Size = 0x400

.isr_vector     0x08000000      0x1c4
                0x08000000                        . = ALIGN (0x4)
 *(.isr_vector)
 .isr_vector    0x08000000      0x1c4 build/release/startup_stm32f446xx.o
                0x08000000                g_pfnVectors
                0x080001c4                        . = ALIGN (0x4)

.text           0x080001d0     0x37d4
                0x080001d0                        . = ALIGN (0x4)
 *(.text)
 .text          0x080001d0       0x14 c:/Users/P Ngubo/AppData/Roaming/Code/User/globalStorage/bmd.stm32-for-vscode/@xpack-dev-tools/arm-none-eabi-gcc/14.2.1-1.1.1/.content/bin/../lib/gcc/arm-none-eabi/14.2.1/../../../../arm-none-eabi/lib/thumb/v7e-m+fp/hard\libc_nano.a(libc_a-strcmp.o)
                0x080001d0                strcmp
 .text          0x080001e4       0x10 c:/Users/P Ngubo/AppData/Roaming/Code/User/globalStorage/bmd.stm32-for-vscode/@xpack-dev-tools/arm-none-eabi-gcc/14.2.1-1.1.1/.content/bin/../lib/gcc/arm-none-eabi/14.2.1/../../../../arm-none-eabi/lib/thumb/v7e-m+fp/hard\libc_nano.a(libc_a-strlen.o)
                0x080001e4                strlen
 *fill*         0x080001f4        0xc 
 .text          0x08000200       0xa0 c:/Users/P Ngubo/AppData/Roaming/Code/User/globalStorage/bmd.stm32-for-vscode/@xpack-dev-tools/arm-none-eabi-gcc/14.2.1-1.1.1/.content/bin/../lib/gcc/arm-none-eabi/14.2.1/../../../../arm-none-eabi/lib/thumb/v7e-m+fp/hard\libc_nano.a(libc_a-memchr.o)
                0x08000200                memchr
 .text          0x080002a0       0x30 c:/Users/P Ngubo/AppData/Roaming/Code/User/globalStorage/bmd.stm32-for-vscode/@xpack-dev-tools/arm-none-eabi-gcc/14.2.1-1.1.1/.content/bin/../lib/gcc/arm-none-eabi/14.2.1/thumb/v7e-m+fp/hard\libgcc.a(_aeabi_uldivmod.o)
                0x080002a0                __aeabi_uldivmod
 .text          0x080002d0        0x4 c:/Users/P Ngubo/AppData/Roaming/Code/User/globalStorage/bmd.stm32-for-vscode/@xpack-dev-tools/arm-none-eabi-gcc/14.2.1-1.1.1/.content/bin/../lib/gcc/arm-none-eabi/14.2.1/thumb/v7e-m+fp/hard\libgcc.a(_dvmd_tls.o)
                0x080002d0                __aeabi_idiv0
                0x080002d0                __aeabi_ldiv0
 *(.text*)
 .text.__do_global_dtors_aux
                0x080002d4       0x24 c:/Users/P Ngubo/AppData/Roaming/Code/User/globalStorage/bmd.stm32-for-vscode/@xpack-dev-tools/arm-none-eabi-gcc/14.2.1-1.1.1/.content/bin/../lib/gcc/arm-none-eabi/14.2.1/thumb/v7e-m+fp/hard/crtbegin.o
 .text.frame_dummy
                0x080002f8       0x1c c:/Users/P Ngubo/AppData/Roaming/Code/User/globalStorage/bmd.stm32-for-vscode/@xpack-dev-tools/arm-none-eabi-gcc/14.2.1-1.1.1/.content/bin/../lib/gcc/arm-none-eabi/14.2.1/thumb/v7e-m+fp/hard/crtbegin.o
 .text.delay    0x08000314       0x20 build/release/lcd_stm32f4.o
                0x08000314                delay
 .text.pulse_strobe
                0x08000334       0x34 build/release/lcd_stm32f4.o
                0x08000334                pulse_strobe
 .text.lcd_putchar
                0x08000368      0x108 build/release/lcd_stm32f4.o
                0x08000368                lcd_putchar
 .text.lcd_putstring
                0x08000470       0x18 build/release/lcd_stm32f4.o
                0x08000470                lcd_putstring
 .text.lcd_command
                0x08000488      0x110 build/release/lcd_stm32f4.o
                0x08000488                lcd_command
 .text.init_LCD
                0x08000598       0x70 build/release/lcd_stm32f4.o
                0x08000598                init_LCD
 .text.MX_GPIO_Init
                0x08000608      0x150 build/release/main.o
 .text.MX_DMA_Init
                0x08000758       0x34 build/release/main.o
 .text.EXTI0_IRQHandler
                0x0800078c        0xa build/release/main.o
                0x0800078c                EXTI0_IRQHandler
 .text.EXTI1_IRQHandler
                0x08000796        0xa build/release/main.o
                0x08000796                EXTI1_IRQHandler
 .text.EXTI2_IRQHandler
                0x080007a0        0xa build/release/main.o
                0x080007a0                EXTI2_IRQHandler
 .text.EXTI3_IRQHandler
                0x080007aa        0xa build/release/main.o
                0x080007aa                EXTI3_IRQHandler
 .text.HAL_GPIO_EXTI_Callback
                0x080007b4      0x110 build/release/main.o
                0x080007b4                HAL_GPIO_EXTI_Callback
 .text.ADC1_Start
                0x080008c4       0x18 build/release/main.o
                0x080008c4                ADC1_Start
 .text.USART1_IRQHandler
                0x080008dc       0x10 build/release/main.o
                0x080008dc                USART1_IRQHandler
 .text.ADC_IRQHandler
                0x080008ec       0x4c build/release/main.o
                0x080008ec                ADC_IRQHandler
 .text.HAL_UART_RxCpltCallback
                0x08000938       0x64 build/release/main.o
                0x08000938                HAL_UART_RxCpltCallback
 .text.ADC1_Init
                0x0800099c       0x5c build/release/main.o
                0x0800099c                ADC1_Init
 .text.Error_Handler
                0x080009f8        0x4 build/release/main.o
                0x080009f8                Error_Handler
 .text.UART1_Init
                0x080009fc       0x94 build/release/main.o
 .text.SystemClock_Config
                0x08000a90       0x8c build/release/main.o
                0x08000a90                SystemClock_Config
 .text.rtrim    0x08000b1c       0x1e build/release/main.o
                0x08000b1c                rtrim
 *fill*         0x08000b3a        0x2 
 .text.parseLIValue
                0x08000b3c       0x70 build/release/main.o
                0x08000b3c                parseLIValue
 .text.handle   0x08000bac      0x11c build/release/main.o
                0x08000bac                handle
 .text.main     0x08000cc8      0x10c build/release/main.o
                0x08000cc8                main
 .text.HAL_InitTick
                0x08000dd4       0x4c build/release/stm32f4xx_hal.o
                0x08000dd4                HAL_InitTick
 .text.HAL_Init
                0x08000e20       0x34 build/release/stm32f4xx_hal.o
                0x08000e20                HAL_Init
 .text.HAL_IncTick
                0x08000e54       0x18 build/release/stm32f4xx_hal.o
                0x08000e54                HAL_IncTick
 .text.HAL_GetTick
                0x08000e6c        0xc build/release/stm32f4xx_hal.o
                0x08000e6c                HAL_GetTick
 .text.__NVIC_EnableIRQ
                0x08000e78       0x1c build/release/stm32f4xx_hal_cortex.o
 .text.__NVIC_SetPriority
                0x08000e94       0x28 build/release/stm32f4xx_hal_cortex.o
 .text.NVIC_EncodePriority
                0x08000ebc       0x3e build/release/stm32f4xx_hal_cortex.o
 *fill*         0x08000efa        0x2 
 .text.HAL_NVIC_SetPriorityGrouping
                0x08000efc       0x24 build/release/stm32f4xx_hal_cortex.o
                0x08000efc                HAL_NVIC_SetPriorityGrouping
 .text.HAL_NVIC_SetPriority
                0x08000f20       0x20 build/release/stm32f4xx_hal_cortex.o
                0x08000f20                HAL_NVIC_SetPriority
 .text.HAL_NVIC_EnableIRQ
                0x08000f40        0x8 build/release/stm32f4xx_hal_cortex.o
                0x08000f40                HAL_NVIC_EnableIRQ
 .text.HAL_SYSTICK_Config
                0x08000f48       0x28 build/release/stm32f4xx_hal_cortex.o
                0x08000f48                HAL_SYSTICK_Config
 .text.HAL_DMA_Abort
                0x08000f70       0x92 build/release/stm32f4xx_hal_dma.o
                0x08000f70                HAL_DMA_Abort
 .text.HAL_DMA_Abort_IT
                0x08001002       0x24 build/release/stm32f4xx_hal_dma.o
                0x08001002                HAL_DMA_Abort_IT
 *fill*         0x08001026        0x2 
 .text.HAL_DMA_IRQHandler
                0x08001028      0x1dc build/release/stm32f4xx_hal_dma.o
                0x08001028                HAL_DMA_IRQHandler
 .text.HAL_GPIO_Init
                0x08001204      0x1e0 build/release/stm32f4xx_hal_gpio.o
                0x08001204                HAL_GPIO_Init
 .text.HAL_GPIO_WritePin
                0x080013e4        0xc build/release/stm32f4xx_hal_gpio.o
                0x080013e4                HAL_GPIO_WritePin
 .text.HAL_GPIO_EXTI_IRQHandler
                0x080013f0       0x1c build/release/stm32f4xx_hal_gpio.o
                0x080013f0                HAL_GPIO_EXTI_IRQHandler
 .text.HAL_MspInit
                0x0800140c       0x38 build/release/stm32f4xx_hal_msp.o
                0x0800140c                HAL_MspInit
 .text.HAL_RCC_ClockConfig
                0x08001444      0x160 build/release/stm32f4xx_hal_rcc.o
                0x08001444                HAL_RCC_ClockConfig
 .text.HAL_RCC_GetHCLKFreq
                0x080015a4        0xc build/release/stm32f4xx_hal_rcc.o
                0x080015a4                HAL_RCC_GetHCLKFreq
 .text.HAL_RCC_GetPCLK1Freq
                0x080015b0       0x20 build/release/stm32f4xx_hal_rcc.o
                0x080015b0                HAL_RCC_GetPCLK1Freq
 .text.HAL_RCC_GetPCLK2Freq
                0x080015d0       0x20 build/release/stm32f4xx_hal_rcc.o
                0x080015d0                HAL_RCC_GetPCLK2Freq
 .text.HAL_RCC_GetSysClockFreq
                0x080015f0      0x128 build/release/stm32f4xx_hal_rcc_ex.o
                0x080015f0                HAL_RCC_GetSysClockFreq
 .text.HAL_RCC_OscConfig
                0x08001718      0x444 build/release/stm32f4xx_hal_rcc_ex.o
                0x08001718                HAL_RCC_OscConfig
 .text.UART_EndRxTransfer
                0x08001b5c       0x5c build/release/stm32f4xx_hal_uart.o
 .text.UART_Transmit_IT
                0x08001bb8       0x5e build/release/stm32f4xx_hal_uart.o
 *fill*         0x08001c16        0x2 
 .text.UART_SetConfig
                0x08001c18      0x110 build/release/stm32f4xx_hal_uart.o
 .text.UART_WaitOnFlagUntilTimeout
                0x08001d28       0x86 build/release/stm32f4xx_hal_uart.o
 .text.HAL_UART_MspInit
                0x08001dae        0x2 build/release/stm32f4xx_hal_uart.o
                0x08001dae                HAL_UART_MspInit
 .text.HAL_UART_Init
                0x08001db0       0x60 build/release/stm32f4xx_hal_uart.o
                0x08001db0                HAL_UART_Init
 .text.HAL_UART_Transmit
                0x08001e10       0xca build/release/stm32f4xx_hal_uart.o
                0x08001e10                HAL_UART_Transmit
 .text.HAL_UART_TxCpltCallback
                0x08001eda        0x2 build/release/stm32f4xx_hal_uart.o
                0x08001eda                HAL_UART_TxCpltCallback
 .text.UART_EndTransmit_IT
                0x08001edc       0x1a build/release/stm32f4xx_hal_uart.o
 .text.HAL_UART_ErrorCallback
                0x08001ef6        0x2 build/release/stm32f4xx_hal_uart.o
                0x08001ef6                HAL_UART_ErrorCallback
 .text.UART_DMAAbortOnError
                0x08001ef8        0xe build/release/stm32f4xx_hal_uart.o
 .text.HAL_UARTEx_RxEventCallback
                0x08001f06        0x2 build/release/stm32f4xx_hal_uart.o
                0x08001f06                HAL_UARTEx_RxEventCallback
 .text.UART_Receive_IT
                0x08001f08       0xe4 build/release/stm32f4xx_hal_uart.o
 .text.HAL_UART_IRQHandler
                0x08001fec      0x2a0 build/release/stm32f4xx_hal_uart.o
                0x08001fec                HAL_UART_IRQHandler
 .text.UART_Start_Receive_IT
                0x0800228c       0x36 build/release/stm32f4xx_hal_uart.o
                0x0800228c                UART_Start_Receive_IT
 .text.HAL_UART_Receive_IT
                0x080022c2       0x24 build/release/stm32f4xx_hal_uart.o
                0x080022c2                HAL_UART_Receive_IT
 .text.NMI_Handler
                0x080022e6        0x2 build/release/stm32f4xx_it.o
                0x080022e6                NMI_Handler
 .text.HardFault_Handler
                0x080022e8        0x2 build/release/stm32f4xx_it.o
                0x080022e8                HardFault_Handler
 .text.MemManage_Handler
                0x080022ea        0x2 build/release/stm32f4xx_it.o
                0x080022ea                MemManage_Handler
 .text.BusFault_Handler
                0x080022ec        0x2 build/release/stm32f4xx_it.o
                0x080022ec                BusFault_Handler
 .text.UsageFault_Handler
                0x080022ee        0x2 build/release/stm32f4xx_it.o
                0x080022ee                UsageFault_Handler
 .text.SVC_Handler
                0x080022f0        0x2 build/release/stm32f4xx_it.o
                0x080022f0                SVC_Handler
 .text.DebugMon_Handler
                0x080022f2        0x2 build/release/stm32f4xx_it.o
                0x080022f2                DebugMon_Handler
 .text.PendSV_Handler
                0x080022f4        0x2 build/release/stm32f4xx_it.o
                0x080022f4                PendSV_Handler
 .text.SysTick_Handler
                0x080022f6        0x8 build/release/stm32f4xx_it.o
                0x080022f6                SysTick_Handler
 *fill*         0x080022fe        0x2 
 .text.DMA1_Stream5_IRQHandler
                0x08002300       0x10 build/release/stm32f4xx_it.o
                0x08002300                DMA1_Stream5_IRQHandler
 .text._sbrk    0x08002310       0x48 build/release/sysmem.o
                0x08002310                _sbrk
 .text.SystemInit
                0x08002358       0x14 build/release/system_stm32f4xx.o
                0x08002358                SystemInit
 .text.Reset_Handler
                0x0800236c       0x50 build/release/startup_stm32f446xx.o
                0x0800236c                Reset_Handler
 .text.Default_Handler
                0x080023bc        0x2 build/release/startup_stm32f446xx.o
                0x080023bc                RTC_Alarm_IRQHandler
                0x080023bc                TIM8_CC_IRQHandler
                0x080023bc                FMPI2C1_EV_IRQHandler
                0x080023bc                SPI4_IRQHandler
                0x080023bc                TIM1_CC_IRQHandler
                0x080023bc                DMA2_Stream5_IRQHandler
                0x080023bc                PVD_IRQHandler
                0x080023bc                SDIO_IRQHandler
                0x080023bc                TAMP_STAMP_IRQHandler
                0x080023bc                CAN2_RX1_IRQHandler
                0x080023bc                TIM8_TRG_COM_TIM14_IRQHandler
                0x080023bc                TIM1_UP_TIM10_IRQHandler
                0x080023bc                TIM8_UP_TIM13_IRQHandler
                0x080023bc                I2C3_ER_IRQHandler
                0x080023bc                I2C2_EV_IRQHandler
                0x080023bc                DMA1_Stream2_IRQHandler
                0x080023bc                CAN1_RX0_IRQHandler
                0x080023bc                FPU_IRQHandler
                0x080023bc                OTG_HS_WKUP_IRQHandler
                0x080023bc                CAN2_SCE_IRQHandler
                0x080023bc                DMA2_Stream2_IRQHandler
                0x080023bc                SPI1_IRQHandler
                0x080023bc                TIM6_DAC_IRQHandler
                0x080023bc                TIM1_BRK_TIM9_IRQHandler
                0x080023bc                DCMI_IRQHandler
                0x080023bc                CAN2_RX0_IRQHandler
                0x080023bc                DMA2_Stream3_IRQHandler
                0x080023bc                SAI2_IRQHandler
                0x080023bc                USART6_IRQHandler
                0x080023bc                USART3_IRQHandler
                0x080023bc                CAN1_RX1_IRQHandler
                0x080023bc                UART5_IRQHandler
                0x080023bc                DMA2_Stream0_IRQHandler
                0x080023bc                TIM4_IRQHandler
                0x080023bc                QUADSPI_IRQHandler
                0x080023bc                I2C1_EV_IRQHandler
                0x080023bc                DMA1_Stream6_IRQHandler
                0x080023bc                DMA1_Stream1_IRQHandler
                0x080023bc                UART4_IRQHandler
                0x080023bc                TIM3_IRQHandler
                0x080023bc                RCC_IRQHandler
                0x080023bc                TIM8_BRK_TIM12_IRQHandler
                0x080023bc                Default_Handler
                0x080023bc                CEC_IRQHandler
                0x080023bc                EXTI15_10_IRQHandler
                0x080023bc                DMA1_Stream7_IRQHandler
                0x080023bc                TIM7_IRQHandler
                0x080023bc                CAN2_TX_IRQHandler
                0x080023bc                TIM5_IRQHandler
                0x080023bc                DMA2_Stream7_IRQHandler
                0x080023bc                I2C3_EV_IRQHandler
                0x080023bc                EXTI9_5_IRQHandler
                0x080023bc                RTC_WKUP_IRQHandler
                0x080023bc                SPDIF_RX_IRQHandler
                0x080023bc                SPI2_IRQHandler
                0x080023bc                OTG_HS_EP1_IN_IRQHandler
                0x080023bc                DMA1_Stream0_IRQHandler
                0x080023bc                CAN1_TX_IRQHandler
                0x080023bc                FMPI2C1_ER_IRQHandler
                0x080023bc                EXTI4_IRQHandler
                0x080023bc                OTG_HS_EP1_OUT_IRQHandler
                0x080023bc                WWDG_IRQHandler
                0x080023bc                TIM2_IRQHandler
                0x080023bc                OTG_FS_WKUP_IRQHandler
                0x080023bc                TIM1_TRG_COM_TIM11_IRQHandler
                0x080023bc                OTG_HS_IRQHandler
                0x080023bc                USART2_IRQHandler
                0x080023bc                I2C2_ER_IRQHandler
                0x080023bc                DMA2_Stream1_IRQHandler
                0x080023bc                CAN1_SCE_IRQHandler
                0x080023bc                FLASH_IRQHandler
                0x080023bc                DMA2_Stream4_IRQHandler
                0x080023bc                OTG_FS_IRQHandler
                0x080023bc                SPI3_IRQHandler
                0x080023bc                DMA1_Stream4_IRQHandler
                0x080023bc                I2C1_ER_IRQHandler
                0x080023bc                FMC_IRQHandler
                0x080023bc                DMA2_Stream6_IRQHandler
                0x080023bc                SAI1_IRQHandler
                0x080023bc                DMA1_Stream3_IRQHandler
 *fill*         0x080023be        0x2 
 .text.sprintf  0x080023c0       0x44 c:/Users/P Ngubo/AppData/Roaming/Code/User/globalStorage/bmd.stm32-for-vscode/@xpack-dev-tools/arm-none-eabi-gcc/14.2.1-1.1.1/.content/bin/../lib/gcc/arm-none-eabi/14.2.1/../../../../arm-none-eabi/lib/thumb/v7e-m+fp/hard\libc_nano.a(libc_a-sprintf.o)
                0x080023c0                siprintf
                0x080023c0                sprintf
 .text.sscanf   0x08002404       0x58 c:/Users/P Ngubo/AppData/Roaming/Code/User/globalStorage/bmd.stm32-for-vscode/@xpack-dev-tools/arm-none-eabi-gcc/14.2.1-1.1.1/.content/bin/../lib/gcc/arm-none-eabi/14.2.1/../../../../arm-none-eabi/lib/thumb/v7e-m+fp/hard\libc_nano.a(libc_a-sscanf.o)
                0x08002404                siscanf
                0x08002404                sscanf
 .text.__seofread
                0x0800245c        0x4 c:/Users/P Ngubo/AppData/Roaming/Code/User/globalStorage/bmd.stm32-for-vscode/@xpack-dev-tools/arm-none-eabi-gcc/14.2.1-1.1.1/.content/bin/../lib/gcc/arm-none-eabi/14.2.1/../../../../arm-none-eabi/lib/thumb/v7e-m+fp/hard\libc_nano.a(libc_a-stdio.o)
                0x0800245c                __seofread
 .text.memset   0x08002460       0x10 c:/Users/P Ngubo/AppData/Roaming/Code/User/globalStorage/bmd.stm32-for-vscode/@xpack-dev-tools/arm-none-eabi-gcc/14.2.1-1.1.1/.content/bin/../lib/gcc/arm-none-eabi/14.2.1/../../../../arm-none-eabi/lib/thumb/v7e-m+fp/hard\libc_nano.a(libc_a-memset.o)
                0x08002460                memset
 .text.strncpy  0x08002470       0x26 c:/Users/P Ngubo/AppData/Roaming/Code/User/globalStorage/bmd.stm32-for-vscode/@xpack-dev-tools/arm-none-eabi-gcc/14.2.1-1.1.1/.content/bin/../lib/gcc/arm-none-eabi/14.2.1/../../../../arm-none-eabi/lib/thumb/v7e-m+fp/hard\libc_nano.a(libc_a-strncpy.o)
                0x08002470                strncpy
 *fill*         0x08002496        0x2 
 .text.__errno  0x08002498        0xc c:/Users/P Ngubo/AppData/Roaming/Code/User/globalStorage/bmd.stm32-for-vscode/@xpack-dev-tools/arm-none-eabi-gcc/14.2.1-1.1.1/.content/bin/../lib/gcc/arm-none-eabi/14.2.1/../../../../arm-none-eabi/lib/thumb/v7e-m+fp/hard\libc_nano.a(libc_a-errno.o)
                0x08002498                __errno
 .text.__libc_init_array
                0x080024a4       0x48 c:/Users/P Ngubo/AppData/Roaming/Code/User/globalStorage/bmd.stm32-for-vscode/@xpack-dev-tools/arm-none-eabi-gcc/14.2.1-1.1.1/.content/bin/../lib/gcc/arm-none-eabi/14.2.1/../../../../arm-none-eabi/lib/thumb/v7e-m+fp/hard\libc_nano.a(libc_a-init.o)
                0x080024a4                __libc_init_array
 .text.__retarget_lock_acquire_recursive
                0x080024ec        0x2 c:/Users/P Ngubo/AppData/Roaming/Code/User/globalStorage/bmd.stm32-for-vscode/@xpack-dev-tools/arm-none-eabi-gcc/14.2.1-1.1.1/.content/bin/../lib/gcc/arm-none-eabi/14.2.1/../../../../arm-none-eabi/lib/thumb/v7e-m+fp/hard\libc_nano.a(libc_a-lock.o)
                0x080024ec                __retarget_lock_acquire_recursive
 .text.__retarget_lock_release_recursive
                0x080024ee        0x2 c:/Users/P Ngubo/AppData/Roaming/Code/User/globalStorage/bmd.stm32-for-vscode/@xpack-dev-tools/arm-none-eabi-gcc/14.2.1-1.1.1/.content/bin/../lib/gcc/arm-none-eabi/14.2.1/../../../../arm-none-eabi/lib/thumb/v7e-m+fp/hard\libc_nano.a(libc_a-lock.o)
                0x080024ee                __retarget_lock_release_recursive
 .text._free_r  0x080024f0       0x94 c:/Users/P Ngubo/AppData/Roaming/Code/User/globalStorage/bmd.stm32-for-vscode/@xpack-dev-tools/arm-none-eabi-gcc/14.2.1-1.1.1/.content/bin/../lib/gcc/arm-none-eabi/14.2.1/../../../../arm-none-eabi/lib/thumb/v7e-m+fp/hard\libc_nano.a(libc_a-freer.o)
                0x080024f0                _free_r
 .text.sbrk_aligned
                0x08002584       0x44 c:/Users/P Ngubo/AppData/Roaming/Code/User/globalStorage/bmd.stm32-for-vscode/@xpack-dev-tools/arm-none-eabi-gcc/14.2.1-1.1.1/.content/bin/../lib/gcc/arm-none-eabi/14.2.1/../../../../arm-none-eabi/lib/thumb/v7e-m+fp/hard\libc_nano.a(libc_a-mallocr.o)
 .text._malloc_r
                0x080025c8      0x100 c:/Users/P Ngubo/AppData/Roaming/Code/User/globalStorage/bmd.stm32-for-vscode/@xpack-dev-tools/arm-none-eabi-gcc/14.2.1-1.1.1/.content/bin/../lib/gcc/arm-none-eabi/14.2.1/../../../../arm-none-eabi/lib/thumb/v7e-m+fp/hard\libc_nano.a(libc_a-mallocr.o)
                0x080025c8                _malloc_r
 .text.__malloc_lock
                0x080026c8        0xc c:/Users/P Ngubo/AppData/Roaming/Code/User/globalStorage/bmd.stm32-for-vscode/@xpack-dev-tools/arm-none-eabi-gcc/14.2.1-1.1.1/.content/bin/../lib/gcc/arm-none-eabi/14.2.1/../../../../arm-none-eabi/lib/thumb/v7e-m+fp/hard\libc_nano.a(libc_a-mlock.o)
                0x080026c8                __malloc_lock
 .text.__malloc_unlock
                0x080026d4        0xc c:/Users/P Ngubo/AppData/Roaming/Code/User/globalStorage/bmd.stm32-for-vscode/@xpack-dev-tools/arm-none-eabi-gcc/14.2.1-1.1.1/.content/bin/../lib/gcc/arm-none-eabi/14.2.1/../../../../arm-none-eabi/lib/thumb/v7e-m+fp/hard\libc_nano.a(libc_a-mlock.o)
                0x080026d4                __malloc_unlock
 .text.__ssputs_r
                0x080026e0       0xc0 c:/Users/P Ngubo/AppData/Roaming/Code/User/globalStorage/bmd.stm32-for-vscode/@xpack-dev-tools/arm-none-eabi-gcc/14.2.1-1.1.1/.content/bin/../lib/gcc/arm-none-eabi/14.2.1/../../../../arm-none-eabi/lib/thumb/v7e-m+fp/hard\libc_nano.a(libc_a-nano-svfprintf.o)
                0x080026e0                __ssputs_r
 .text._svfprintf_r
                0x080027a0      0x1f8 c:/Users/P Ngubo/AppData/Roaming/Code/User/globalStorage/bmd.stm32-for-vscode/@xpack-dev-tools/arm-none-eabi-gcc/14.2.1-1.1.1/.content/bin/../lib/gcc/arm-none-eabi/14.2.1/../../../../arm-none-eabi/lib/thumb/v7e-m+fp/hard\libc_nano.a(libc_a-nano-svfprintf.o)
                0x080027a0                _svfiprintf_r
                0x080027a0                _svfprintf_r
 .text._sungetc_r
                0x08002998       0x7a c:/Users/P Ngubo/AppData/Roaming/Code/User/globalStorage/bmd.stm32-for-vscode/@xpack-dev-tools/arm-none-eabi-gcc/14.2.1-1.1.1/.content/bin/../lib/gcc/arm-none-eabi/14.2.1/../../../../arm-none-eabi/lib/thumb/v7e-m+fp/hard\libc_nano.a(libc_a-nano-svfscanf.o)
                0x08002998                _sungetc_r
 .text.__ssrefill_r
                0x08002a12       0x3a c:/Users/P Ngubo/AppData/Roaming/Code/User/globalStorage/bmd.stm32-for-vscode/@xpack-dev-tools/arm-none-eabi-gcc/14.2.1-1.1.1/.content/bin/../lib/gcc/arm-none-eabi/14.2.1/../../../../arm-none-eabi/lib/thumb/v7e-m+fp/hard\libc_nano.a(libc_a-nano-svfscanf.o)
                0x08002a12                __ssrefill_r
 .text.__ssvfscanf_r
                0x08002a4c      0x2fc c:/Users/P Ngubo/AppData/Roaming/Code/User/globalStorage/bmd.stm32-for-vscode/@xpack-dev-tools/arm-none-eabi-gcc/14.2.1-1.1.1/.content/bin/../lib/gcc/arm-none-eabi/14.2.1/../../../../arm-none-eabi/lib/thumb/v7e-m+fp/hard\libc_nano.a(libc_a-nano-svfscanf.o)
                0x08002a4c                __ssvfiscanf_r
                0x08002a4c                __ssvfscanf_r
 .text._printf_common
                0x08002d48       0xda c:/Users/P Ngubo/AppData/Roaming/Code/User/globalStorage/bmd.stm32-for-vscode/@xpack-dev-tools/arm-none-eabi-gcc/14.2.1-1.1.1/.content/bin/../lib/gcc/arm-none-eabi/14.2.1/../../../../arm-none-eabi/lib/thumb/v7e-m+fp/hard\libc_nano.a(libc_a-nano-vfprintf_i.o)
                0x08002d48                _printf_common
 *fill*         0x08002e22        0x2 
 .text._printf_i
                0x08002e24      0x240 c:/Users/P Ngubo/AppData/Roaming/Code/User/globalStorage/bmd.stm32-for-vscode/@xpack-dev-tools/arm-none-eabi-gcc/14.2.1-1.1.1/.content/bin/../lib/gcc/arm-none-eabi/14.2.1/../../../../arm-none-eabi/lib/thumb/v7e-m+fp/hard\libc_nano.a(libc_a-nano-vfprintf_i.o)
                0x08002e24                _printf_i
 .text._scanf_chars
                0x08003064       0xb4 c:/Users/P Ngubo/AppData/Roaming/Code/User/globalStorage/bmd.stm32-for-vscode/@xpack-dev-tools/arm-none-eabi-gcc/14.2.1-1.1.1/.content/bin/../lib/gcc/arm-none-eabi/14.2.1/../../../../arm-none-eabi/lib/thumb/v7e-m+fp/hard\libc_nano.a(libc_a-nano-vfscanf_i.o)
                0x08003064                _scanf_chars
 .text._scanf_i
                0x08003118      0x1e4 c:/Users/P Ngubo/AppData/Roaming/Code/User/globalStorage/bmd.stm32-for-vscode/@xpack-dev-tools/arm-none-eabi-gcc/14.2.1-1.1.1/.content/bin/../lib/gcc/arm-none-eabi/14.2.1/../../../../arm-none-eabi/lib/thumb/v7e-m+fp/hard\libc_nano.a(libc_a-nano-vfscanf_i.o)
                0x08003118                _scanf_i
 .text.__sccl   0x080032fc       0x72 c:/Users/P Ngubo/AppData/Roaming/Code/User/globalStorage/bmd.stm32-for-vscode/@xpack-dev-tools/arm-none-eabi-gcc/14.2.1-1.1.1/.content/bin/../lib/gcc/arm-none-eabi/14.2.1/../../../../arm-none-eabi/lib/thumb/v7e-m+fp/hard\libc_nano.a(libc_a-sccl.o)
                0x080032fc                __sccl
 .text.__submore
                0x0800336e       0x74 c:/Users/P Ngubo/AppData/Roaming/Code/User/globalStorage/bmd.stm32-for-vscode/@xpack-dev-tools/arm-none-eabi-gcc/14.2.1-1.1.1/.content/bin/../lib/gcc/arm-none-eabi/14.2.1/../../../../arm-none-eabi/lib/thumb/v7e-m+fp/hard\libc_nano.a(libc_a-ungetc.o)
                0x0800336e                __submore
 .text.memmove  0x080033e2       0x32 c:/Users/P Ngubo/AppData/Roaming/Code/User/globalStorage/bmd.stm32-for-vscode/@xpack-dev-tools/arm-none-eabi-gcc/14.2.1-1.1.1/.content/bin/../lib/gcc/arm-none-eabi/14.2.1/../../../../arm-none-eabi/lib/thumb/v7e-m+fp/hard\libc_nano.a(libc_a-memmove.o)
                0x080033e2                memmove
 .text._sbrk_r  0x08003414       0x20 c:/Users/P Ngubo/AppData/Roaming/Code/User/globalStorage/bmd.stm32-for-vscode/@xpack-dev-tools/arm-none-eabi-gcc/14.2.1-1.1.1/.content/bin/../lib/gcc/arm-none-eabi/14.2.1/../../../../arm-none-eabi/lib/thumb/v7e-m+fp/hard\libc_nano.a(libc_a-sbrkr.o)
                0x08003414                _sbrk_r
 .text.memcpy   0x08003434       0x1c c:/Users/P Ngubo/AppData/Roaming/Code/User/globalStorage/bmd.stm32-for-vscode/@xpack-dev-tools/arm-none-eabi-gcc/14.2.1-1.1.1/.content/bin/../lib/gcc/arm-none-eabi/14.2.1/../../../../arm-none-eabi/lib/thumb/v7e-m+fp/hard\libc_nano.a(libc_a-memcpy-stub.o)
                0x08003434                memcpy
 .text._realloc_r
                0x08003450       0x5c c:/Users/P Ngubo/AppData/Roaming/Code/User/globalStorage/bmd.stm32-for-vscode/@xpack-dev-tools/arm-none-eabi-gcc/14.2.1-1.1.1/.content/bin/../lib/gcc/arm-none-eabi/14.2.1/../../../../arm-none-eabi/lib/thumb/v7e-m+fp/hard\libc_nano.a(libc_a-reallocr.o)
                0x08003450                _realloc_r
 .text._strtol_l.isra.0
                0x080034ac       0xf4 c:/Users/P Ngubo/AppData/Roaming/Code/User/globalStorage/bmd.stm32-for-vscode/@xpack-dev-tools/arm-none-eabi-gcc/14.2.1-1.1.1/.content/bin/../lib/gcc/arm-none-eabi/14.2.1/../../../../arm-none-eabi/lib/thumb/v7e-m+fp/hard\libc_nano.a(libc_a-strtol.o)
 .text._strtol_r
                0x080035a0        0x4 c:/Users/P Ngubo/AppData/Roaming/Code/User/globalStorage/bmd.stm32-for-vscode/@xpack-dev-tools/arm-none-eabi-gcc/14.2.1-1.1.1/.content/bin/../lib/gcc/arm-none-eabi/14.2.1/../../../../arm-none-eabi/lib/thumb/v7e-m+fp/hard\libc_nano.a(libc_a-strtol.o)
                0x080035a0                _strtol_r
 .text._strtoul_l.isra.0
                0x080035a4       0xdc c:/Users/P Ngubo/AppData/Roaming/Code/User/globalStorage/bmd.stm32-for-vscode/@xpack-dev-tools/arm-none-eabi-gcc/14.2.1-1.1.1/.content/bin/../lib/gcc/arm-none-eabi/14.2.1/../../../../arm-none-eabi/lib/thumb/v7e-m+fp/hard\libc_nano.a(libc_a-strtoul.o)
 .text._strtoul_r
                0x08003680        0x4 c:/Users/P Ngubo/AppData/Roaming/Code/User/globalStorage/bmd.stm32-for-vscode/@xpack-dev-tools/arm-none-eabi-gcc/14.2.1-1.1.1/.content/bin/../lib/gcc/arm-none-eabi/14.2.1/../../../../arm-none-eabi/lib/thumb/v7e-m+fp/hard\libc_nano.a(libc_a-strtoul.o)
                0x08003680                _strtoul_r
 .text._malloc_usable_size_r
                0x08003684       0x10 c:/Users/P Ngubo/AppData/Roaming/Code/User/globalStorage/bmd.stm32-for-vscode/@xpack-dev-tools/arm-none-eabi-gcc/14.2.1-1.1.1/.content/bin/../lib/gcc/arm-none-eabi/14.2.1/../../../../arm-none-eabi/lib/thumb/v7e-m+fp/hard\libc_nano.a(libc_a-msizer.o)
                0x08003684                _malloc_usable_size_r
 .text.__udivmoddi4
                0x08003694      0x2f8 c:/Users/P Ngubo/AppData/Roaming/Code/User/globalStorage/bmd.stm32-for-vscode/@xpack-dev-tools/arm-none-eabi-gcc/14.2.1-1.1.1/.content/bin/../lib/gcc/arm-none-eabi/14.2.1/thumb/v7e-m+fp/hard\libgcc.a(_udivmoddi4.o)
                0x08003694                __udivmoddi4
 *(.glue_7)
 .glue_7        0x0800398c        0x0 linker stubs
 *(.glue_7t)
 .glue_7t       0x0800398c        0x0 linker stubs
 *(.eh_frame)
 .eh_frame      0x0800398c        0x0 c:/Users/P Ngubo/AppData/Roaming/Code/User/globalStorage/bmd.stm32-for-vscode/@xpack-dev-tools/arm-none-eabi-gcc/14.2.1-1.1.1/.content/bin/../lib/gcc/arm-none-eabi/14.2.1/thumb/v7e-m+fp/hard/crtbegin.o
 *(.init)
 .init          0x0800398c        0x4 c:/Users/P Ngubo/AppData/Roaming/Code/User/globalStorage/bmd.stm32-for-vscode/@xpack-dev-tools/arm-none-eabi-gcc/14.2.1-1.1.1/.content/bin/../lib/gcc/arm-none-eabi/14.2.1/thumb/v7e-m+fp/hard/crti.o
                0x0800398c                _init
 .init          0x08003990        0x8 c:/Users/P Ngubo/AppData/Roaming/Code/User/globalStorage/bmd.stm32-for-vscode/@xpack-dev-tools/arm-none-eabi-gcc/14.2.1-1.1.1/.content/bin/../lib/gcc/arm-none-eabi/14.2.1/thumb/v7e-m+fp/hard/crtn.o
 *(.fini)
 .fini          0x08003998        0x4 c:/Users/P Ngubo/AppData/Roaming/Code/User/globalStorage/bmd.stm32-for-vscode/@xpack-dev-tools/arm-none-eabi-gcc/14.2.1-1.1.1/.content/bin/../lib/gcc/arm-none-eabi/14.2.1/thumb/v7e-m+fp/hard/crti.o
                0x08003998                _fini
 .fini          0x0800399c        0x8 c:/Users/P Ngubo/AppData/Roaming/Code/User/globalStorage/bmd.stm32-for-vscode/@xpack-dev-tools/arm-none-eabi-gcc/14.2.1-1.1.1/.content/bin/../lib/gcc/arm-none-eabi/14.2.1/thumb/v7e-m+fp/hard/crtn.o
                0x080039a4                        . = ALIGN (0x4)
                0x080039a4                        _etext = .

.vfp11_veneer   0x080039a4        0x0
 .vfp11_veneer  0x080039a4        0x0 linker stubs

.v4_bx          0x080039a4        0x0
 .v4_bx         0x080039a4        0x0 linker stubs

.iplt           0x080039a4        0x0
 .iplt          0x080039a4        0x0 c:/Users/P Ngubo/AppData/Roaming/Code/User/globalStorage/bmd.stm32-for-vscode/@xpack-dev-tools/arm-none-eabi-gcc/14.2.1-1.1.1/.content/bin/../lib/gcc/arm-none-eabi/14.2.1/thumb/v7e-m+fp/hard/crtbegin.o

.rodata         0x080039a4      0x1e0
                0x080039a4                        . = ALIGN (0x4)
 *(.rodata)
 .rodata        0x080039a4        0xc c:/Users/P Ngubo/AppData/Roaming/Code/User/globalStorage/bmd.stm32-for-vscode/@xpack-dev-tools/arm-none-eabi-gcc/14.2.1-1.1.1/.content/bin/../lib/gcc/arm-none-eabi/14.2.1/../../../../arm-none-eabi/lib/thumb/v7e-m+fp/hard\libc_nano.a(libc_a-nano-vfscanf_i.o)
 *(.rodata*)
 .rodata.HAL_GPIO_EXTI_Callback.str1.4
                0x080039b0       0x6b build/release/main.o
                                 0x1f (size before relaxing)
 .rodata.parseLIValue.str1.4
                0x08003a1b        0xb build/release/main.o
 .rodata.handle.str1.4
                0x08003a1b       0x26 build/release/main.o
 .rodata.main.str1.4
                0x08003a1b       0x17 build/release/main.o
 *fill*         0x08003a1b        0x1 
 .rodata.APBPrescTable
                0x08003a1c        0x8 build/release/system_stm32f4xx.o
                0x08003a1c                APBPrescTable
 .rodata.AHBPrescTable
                0x08003a24       0x10 build/release/system_stm32f4xx.o
                0x08003a24                AHBPrescTable
 .rodata._svfprintf_r.str1.1
                0x08003a34       0x4e c:/Users/P Ngubo/AppData/Roaming/Code/User/globalStorage/bmd.stm32-for-vscode/@xpack-dev-tools/arm-none-eabi-gcc/14.2.1-1.1.1/.content/bin/../lib/gcc/arm-none-eabi/14.2.1/../../../../arm-none-eabi/lib/thumb/v7e-m+fp/hard\libc_nano.a(libc_a-nano-svfprintf.o)
                                 0x11 (size before relaxing)
 .rodata.__ssvfscanf_r.str1.1
                0x08003a82        0x4 c:/Users/P Ngubo/AppData/Roaming/Code/User/globalStorage/bmd.stm32-for-vscode/@xpack-dev-tools/arm-none-eabi-gcc/14.2.1-1.1.1/.content/bin/../lib/gcc/arm-none-eabi/14.2.1/../../../../arm-none-eabi/lib/thumb/v7e-m+fp/hard\libc_nano.a(libc_a-nano-svfscanf.o)
 .rodata._printf_i.str1.1
                0x08003a82       0x22 c:/Users/P Ngubo/AppData/Roaming/Code/User/globalStorage/bmd.stm32-for-vscode/@xpack-dev-tools/arm-none-eabi-gcc/14.2.1-1.1.1/.content/bin/../lib/gcc/arm-none-eabi/14.2.1/../../../../arm-none-eabi/lib/thumb/v7e-m+fp/hard\libc_nano.a(libc_a-nano-vfprintf_i.o)
 .rodata._scanf_i.str1.1
                0x08003a82       0x12 c:/Users/P Ngubo/AppData/Roaming/Code/User/globalStorage/bmd.stm32-for-vscode/@xpack-dev-tools/arm-none-eabi-gcc/14.2.1-1.1.1/.content/bin/../lib/gcc/arm-none-eabi/14.2.1/../../../../arm-none-eabi/lib/thumb/v7e-m+fp/hard\libc_nano.a(libc_a-nano-vfscanf_i.o)
 .rodata.str1.1
                0x08003a82        0x9 c:/Users/P Ngubo/AppData/Roaming/Code/User/globalStorage/bmd.stm32-for-vscode/@xpack-dev-tools/arm-none-eabi-gcc/14.2.1-1.1.1/.content/bin/../lib/gcc/arm-none-eabi/14.2.1/../../../../arm-none-eabi/lib/thumb/v7e-m+fp/hard\libc_nano.a(libc_a-nano-vfscanf_i.o)
 .rodata._ctype_
                0x08003a82      0x101 c:/Users/P Ngubo/AppData/Roaming/Code/User/globalStorage/bmd.stm32-for-vscode/@xpack-dev-tools/arm-none-eabi-gcc/14.2.1-1.1.1/.content/bin/../lib/gcc/arm-none-eabi/14.2.1/../../../../arm-none-eabi/lib/thumb/v7e-m+fp/hard\libc_nano.a(libc_a-ctype_.o)
                0x08003a82                _ctype_
                0x08003b84                        . = ALIGN (0x4)
 *fill*         0x08003b83        0x1 

.ARM.extab      0x08003b84        0x0
                0x08003b84                        . = ALIGN (0x4)
 *(.ARM.extab* .gnu.linkonce.armextab.*)
                0x08003b84                        . = ALIGN (0x4)

.ARM            0x08003b84        0x8
                0x08003b84                        . = ALIGN (0x4)
                0x08003b84                        __exidx_start = .
 *(.ARM.exidx*)
 .ARM.exidx     0x08003b84        0x8 c:/Users/P Ngubo/AppData/Roaming/Code/User/globalStorage/bmd.stm32-for-vscode/@xpack-dev-tools/arm-none-eabi-gcc/14.2.1-1.1.1/.content/bin/../lib/gcc/arm-none-eabi/14.2.1/../../../../arm-none-eabi/lib/thumb/v7e-m+fp/hard\libc_nano.a(libc_a-strcmp.o)
 .ARM.exidx     0x08003b8c        0x0 c:/Users/P Ngubo/AppData/Roaming/Code/User/globalStorage/bmd.stm32-for-vscode/@xpack-dev-tools/arm-none-eabi-gcc/14.2.1-1.1.1/.content/bin/../lib/gcc/arm-none-eabi/14.2.1/../../../../arm-none-eabi/lib/thumb/v7e-m+fp/hard\libc_nano.a(libc_a-strlen.o)
                                  0x8 (size before relaxing)
 .ARM.exidx     0x08003b8c        0x0 c:/Users/P Ngubo/AppData/Roaming/Code/User/globalStorage/bmd.stm32-for-vscode/@xpack-dev-tools/arm-none-eabi-gcc/14.2.1-1.1.1/.content/bin/../lib/gcc/arm-none-eabi/14.2.1/../../../../arm-none-eabi/lib/thumb/v7e-m+fp/hard\libc_nano.a(libc_a-memchr.o)
                                  0x8 (size before relaxing)
 .ARM.exidx.text.__udivmoddi4
                0x08003b8c        0x0 c:/Users/P Ngubo/AppData/Roaming/Code/User/globalStorage/bmd.stm32-for-vscode/@xpack-dev-tools/arm-none-eabi-gcc/14.2.1-1.1.1/.content/bin/../lib/gcc/arm-none-eabi/14.2.1/thumb/v7e-m+fp/hard\libgcc.a(_udivmoddi4.o)
                                  0x8 (size before relaxing)
                0x08003b8c                        __exidx_end = .
                0x08003b8c                        . = ALIGN (0x4)

.preinit_array  0x08003b8c        0x0
                0x08003b8c                        . = ALIGN (0x4)
                0x08003b8c                        PROVIDE (__preinit_array_start = .)
 *(.preinit_array*)
                0x08003b8c                        PROVIDE (__preinit_array_end = .)
                0x08003b8c                        . = ALIGN (0x4)

.init_array     0x08003b8c        0x4
                0x08003b8c                        . = ALIGN (0x4)
                0x08003b8c                        PROVIDE (__init_array_start = .)
 *(SORT_BY_NAME(.init_array.*))
 *(.init_array*)
 .init_array    0x08003b8c        0x4 c:/Users/P Ngubo/AppData/Roaming/Code/User/globalStorage/bmd.stm32-for-vscode/@xpack-dev-tools/arm-none-eabi-gcc/14.2.1-1.1.1/.content/bin/../lib/gcc/arm-none-eabi/14.2.1/thumb/v7e-m+fp/hard/crtbegin.o
                0x08003b90                        PROVIDE (__init_array_end = .)
                0x08003b90                        . = ALIGN (0x4)

.fini_array     0x08003b90        0x4
                0x08003b90                        . = ALIGN (0x4)
                0x08003b90                        PROVIDE (__fini_array_start = .)
 *(SORT_BY_NAME(.fini_array.*))
 *(.fini_array*)
 .fini_array    0x08003b90        0x4 c:/Users/P Ngubo/AppData/Roaming/Code/User/globalStorage/bmd.stm32-for-vscode/@xpack-dev-tools/arm-none-eabi-gcc/14.2.1-1.1.1/.content/bin/../lib/gcc/arm-none-eabi/14.2.1/thumb/v7e-m+fp/hard/crtbegin.o
                0x08003b94                        PROVIDE (__fini_array_end = .)
                0x08003b94                        . = ALIGN (0x4)
                0x08003b94                        _sidata = LOADADDR (.data)

.rel.dyn        0x08003b94        0x0
 .rel.iplt      0x08003b94        0x0 c:/Users/P Ngubo/AppData/Roaming/Code/User/globalStorage/bmd.stm32-for-vscode/@xpack-dev-tools/arm-none-eabi-gcc/14.2.1-1.1.1/.content/bin/../lib/gcc/arm-none-eabi/14.2.1/thumb/v7e-m+fp/hard/crtbegin.o

.data           0x20000000       0x5c load address 0x08003b94
                0x20000000                        . = ALIGN (0x4)
                0x20000000                        _sdata = .
 *(.data)
 *(.data*)
 .data.current_channel.0
                0x20000000        0x1 build/release/main.o
 .data.uwTickFreq
                0x20000001        0x1 build/release/stm32f4xx_hal.o
                0x20000001                uwTickFreq
 *fill*         0x20000002        0x2 
 .data.uwTickPrio
                0x20000004        0x4 build/release/stm32f4xx_hal.o
                0x20000004                uwTickPrio
 .data.SystemCoreClock
                0x20000008        0x4 build/release/system_stm32f4xx.o
                0x20000008                SystemCoreClock
 .data._impure_ptr
                0x2000000c        0x4 c:/Users/P Ngubo/AppData/Roaming/Code/User/globalStorage/bmd.stm32-for-vscode/@xpack-dev-tools/arm-none-eabi-gcc/14.2.1-1.1.1/.content/bin/../lib/gcc/arm-none-eabi/14.2.1/../../../../arm-none-eabi/lib/thumb/v7e-m+fp/hard\libc_nano.a(libc_a-impure.o)
                0x2000000c                _impure_ptr
 .data._impure_data
                0x20000010       0x4c c:/Users/P Ngubo/AppData/Roaming/Code/User/globalStorage/bmd.stm32-for-vscode/@xpack-dev-tools/arm-none-eabi-gcc/14.2.1-1.1.1/.content/bin/../lib/gcc/arm-none-eabi/14.2.1/../../../../arm-none-eabi/lib/thumb/v7e-m+fp/hard\libc_nano.a(libc_a-impure.o)
                0x20000010                _impure_data
 *(.RamFunc)
 *(.RamFunc*)
                0x2000005c                        . = ALIGN (0x4)
                0x2000005c                        _edata = .

.igot.plt       0x2000005c        0x0 load address 0x08003bf0
 .igot.plt      0x2000005c        0x0 c:/Users/P Ngubo/AppData/Roaming/Code/User/globalStorage/bmd.stm32-for-vscode/@xpack-dev-tools/arm-none-eabi-gcc/14.2.1-1.1.1/.content/bin/../lib/gcc/arm-none-eabi/14.2.1/thumb/v7e-m+fp/hard/crtbegin.o
                0x2000005c                        . = ALIGN (0x4)

.bss            0x2000005c      0x264 load address 0x08003bf0
                0x2000005c                        _sbss = .
                0x2000005c                        __bss_start__ = _sbss
 *(.bss)
 *(.bss*)
 .bss.completed.1
                0x2000005c        0x1 c:/Users/P Ngubo/AppData/Roaming/Code/User/globalStorage/bmd.stm32-for-vscode/@xpack-dev-tools/arm-none-eabi-gcc/14.2.1-1.1.1/.content/bin/../lib/gcc/arm-none-eabi/14.2.1/thumb/v7e-m+fp/hard/crtbegin.o
 *fill*         0x2000005d        0x3 
 .bss.object.0  0x20000060       0x18 c:/Users/P Ngubo/AppData/Roaming/Code/User/globalStorage/bmd.stm32-for-vscode/@xpack-dev-tools/arm-none-eabi-gcc/14.2.1-1.1.1/.content/bin/../lib/gcc/arm-none-eabi/14.2.1/thumb/v7e-m+fp/hard/crtbegin.o
 .bss.lastInterruptTime
                0x20000078       0x10 build/release/main.o
                0x20000078                lastInterruptTime
 .bss.stringReady
                0x20000088        0x1 build/release/main.o
                0x20000088                stringReady
 .bss.rxByte    0x20000089        0x1 build/release/main.o
                0x20000089                rxByte
 .bss.rxIndex   0x2000008a        0x1 build/release/main.o
                0x2000008a                rxIndex
 *fill*         0x2000008b        0x1 
 .bss.rxBuffer  0x2000008c       0x32 build/release/main.o
                0x2000008c                rxBuffer
 .bss.old_pot1_value
                0x200000be        0x2 build/release/main.o
                0x200000be                old_pot1_value
 .bss.old_pot0_value
                0x200000c0        0x2 build/release/main.o
                0x200000c0                old_pot0_value
 .bss.pot1_value
                0x200000c2        0x2 build/release/main.o
                0x200000c2                pot1_value
 .bss.pot0_value
                0x200000c4        0x2 build/release/main.o
                0x200000c4                pot0_value
 *fill*         0x200000c6        0x2 
 .bss.huart1    0x200000c8       0x48 build/release/main.o
                0x200000c8                huart1
 .bss.hdma_tim2_ch1
                0x20000110       0x60 build/release/main.o
                0x20000110                hdma_tim2_ch1
 .bss.uwTick    0x20000170        0x4 build/release/stm32f4xx_hal.o
                0x20000170                uwTick
 .bss.__sbrk_heap_end
                0x20000174        0x4 build/release/sysmem.o
 .bss.__sf      0x20000178      0x138 c:/Users/P Ngubo/AppData/Roaming/Code/User/globalStorage/bmd.stm32-for-vscode/@xpack-dev-tools/arm-none-eabi-gcc/14.2.1-1.1.1/.content/bin/../lib/gcc/arm-none-eabi/14.2.1/../../../../arm-none-eabi/lib/thumb/v7e-m+fp/hard\libc_nano.a(libc_a-findfp.o)
                0x20000178                __sf
 .bss.errno     0x200002b0        0x4 c:/Users/P Ngubo/AppData/Roaming/Code/User/globalStorage/bmd.stm32-for-vscode/@xpack-dev-tools/arm-none-eabi-gcc/14.2.1-1.1.1/.content/bin/../lib/gcc/arm-none-eabi/14.2.1/../../../../arm-none-eabi/lib/thumb/v7e-m+fp/hard\libc_nano.a(libc_a-reent.o)
                0x200002b0                errno
 .bss.__lock___malloc_recursive_mutex
                0x200002b4        0x1 c:/Users/P Ngubo/AppData/Roaming/Code/User/globalStorage/bmd.stm32-for-vscode/@xpack-dev-tools/arm-none-eabi-gcc/14.2.1-1.1.1/.content/bin/../lib/gcc/arm-none-eabi/14.2.1/../../../../arm-none-eabi/lib/thumb/v7e-m+fp/hard\libc_nano.a(libc_a-lock.o)
                0x200002b4                __lock___malloc_recursive_mutex
 *fill*         0x200002b5        0x3 
 .bss.__malloc_sbrk_start
                0x200002b8        0x4 c:/Users/P Ngubo/AppData/Roaming/Code/User/globalStorage/bmd.stm32-for-vscode/@xpack-dev-tools/arm-none-eabi-gcc/14.2.1-1.1.1/.content/bin/../lib/gcc/arm-none-eabi/14.2.1/../../../../arm-none-eabi/lib/thumb/v7e-m+fp/hard\libc_nano.a(libc_a-mallocr.o)
                0x200002b8                __malloc_sbrk_start
 .bss.__malloc_free_list
                0x200002bc        0x4 c:/Users/P Ngubo/AppData/Roaming/Code/User/globalStorage/bmd.stm32-for-vscode/@xpack-dev-tools/arm-none-eabi-gcc/14.2.1-1.1.1/.content/bin/../lib/gcc/arm-none-eabi/14.2.1/../../../../arm-none-eabi/lib/thumb/v7e-m+fp/hard\libc_nano.a(libc_a-mallocr.o)
                0x200002bc                __malloc_free_list
 *(COMMON)
                0x200002c0                        . = ALIGN (0x4)
                0x200002c0                        _ebss = .
                0x200002c0                        __bss_end__ = _ebss

._user_heap_stack
                0x200002c0      0x600 load address 0x08003bf0
                0x200002c0                        . = ALIGN (0x8)
                [!provide]                        PROVIDE (end = .)
                0x200002c0                        PROVIDE (_end = .)
                0x200004c0                        . = (. + _Min_Heap_Size)
 *fill*         0x200002c0      0x200 
                0x200008c0                        . = (. + _Min_Stack_Size)
 *fill*         0x200004c0      0x400 
                0x200008c0                        . = ALIGN (0x8)

/DISCARD/
 libc.a(*)
 libm.a(*)
 libgcc.a(*)
OUTPUT(build/release/Practical_4.elf elf32-littlearm)
LOAD linker stubs
LOAD c:/Users/P Ngubo/AppData/Roaming/Code/User/globalStorage/bmd.stm32-for-vscode/@xpack-dev-tools/arm-none-eabi-gcc/14.2.1-1.1.1/.content/bin/../lib/gcc/arm-none-eabi/14.2.1/../../../../arm-none-eabi/lib/thumb/v7e-m+fp/hard\libc.a
LOAD c:/Users/P Ngubo/AppData/Roaming/Code/User/globalStorage/bmd.stm32-for-vscode/@xpack-dev-tools/arm-none-eabi-gcc/14.2.1-1.1.1/.content/bin/../lib/gcc/arm-none-eabi/14.2.1/../../../../arm-none-eabi/lib/thumb/v7e-m+fp/hard\libm.a
LOAD c:/Users/P Ngubo/AppData/Roaming/Code/User/globalStorage/bmd.stm32-for-vscode/@xpack-dev-tools/arm-none-eabi-gcc/14.2.1-1.1.1/.content/bin/../lib/gcc/arm-none-eabi/14.2.1/thumb/v7e-m+fp/hard\libgcc.a

.ARM.attributes
                0x00000000       0x30
 .ARM.attributes
                0x00000000       0x22 c:/Users/P Ngubo/AppData/Roaming/Code/User/globalStorage/bmd.stm32-for-vscode/@xpack-dev-tools/arm-none-eabi-gcc/14.2.1-1.1.1/.content/bin/../lib/gcc/arm-none-eabi/14.2.1/thumb/v7e-m+fp/hard/crti.o
 .ARM.attributes
                0x00000022       0x34 c:/Users/P Ngubo/AppData/Roaming/Code/User/globalStorage/bmd.stm32-for-vscode/@xpack-dev-tools/arm-none-eabi-gcc/14.2.1-1.1.1/.content/bin/../lib/gcc/arm-none-eabi/14.2.1/thumb/v7e-m+fp/hard/crtbegin.o
 .ARM.attributes
                0x00000056       0x34 build/release/lcd_stm32f4.o
 .ARM.attributes
                0x0000008a       0x34 build/release/main.o
 .ARM.attributes
                0x000000be       0x34 build/release/stm32f4xx_hal.o
 .ARM.attributes
                0x000000f2       0x34 build/release/stm32f4xx_hal_cortex.o
 .ARM.attributes
                0x00000126       0x34 build/release/stm32f4xx_hal_dma.o
 .ARM.attributes
                0x0000015a       0x34 build/release/stm32f4xx_hal_gpio.o
 .ARM.attributes
                0x0000018e       0x34 build/release/stm32f4xx_hal_msp.o
 .ARM.attributes
                0x000001c2       0x34 build/release/stm32f4xx_hal_rcc.o
 .ARM.attributes
                0x000001f6       0x34 build/release/stm32f4xx_hal_rcc_ex.o
 .ARM.attributes
                0x0000022a       0x34 build/release/stm32f4xx_hal_uart.o
 .ARM.attributes
                0x0000025e       0x34 build/release/stm32f4xx_it.o
 .ARM.attributes
                0x00000292       0x34 build/release/sysmem.o
 .ARM.attributes
                0x000002c6       0x34 build/release/system_stm32f4xx.o
 .ARM.attributes
                0x000002fa       0x21 build/release/startup_stm32f446xx.o
 .ARM.attributes
                0x0000031b       0x34 c:/Users/P Ngubo/AppData/Roaming/Code/User/globalStorage/bmd.stm32-for-vscode/@xpack-dev-tools/arm-none-eabi-gcc/14.2.1-1.1.1/.content/bin/../lib/gcc/arm-none-eabi/14.2.1/../../../../arm-none-eabi/lib/thumb/v7e-m+fp/hard\libc_nano.a(libc_a-findfp.o)
 .ARM.attributes
                0x0000034f       0x34 c:/Users/P Ngubo/AppData/Roaming/Code/User/globalStorage/bmd.stm32-for-vscode/@xpack-dev-tools/arm-none-eabi-gcc/14.2.1-1.1.1/.content/bin/../lib/gcc/arm-none-eabi/14.2.1/../../../../arm-none-eabi/lib/thumb/v7e-m+fp/hard\libc_nano.a(libc_a-sprintf.o)
 .ARM.attributes
                0x00000383       0x34 c:/Users/P Ngubo/AppData/Roaming/Code/User/globalStorage/bmd.stm32-for-vscode/@xpack-dev-tools/arm-none-eabi-gcc/14.2.1-1.1.1/.content/bin/../lib/gcc/arm-none-eabi/14.2.1/../../../../arm-none-eabi/lib/thumb/v7e-m+fp/hard\libc_nano.a(libc_a-sscanf.o)
 .ARM.attributes
                0x000003b7       0x34 c:/Users/P Ngubo/AppData/Roaming/Code/User/globalStorage/bmd.stm32-for-vscode/@xpack-dev-tools/arm-none-eabi-gcc/14.2.1-1.1.1/.content/bin/../lib/gcc/arm-none-eabi/14.2.1/../../../../arm-none-eabi/lib/thumb/v7e-m+fp/hard\libc_nano.a(libc_a-stdio.o)
 .ARM.attributes
                0x000003eb       0x34 c:/Users/P Ngubo/AppData/Roaming/Code/User/globalStorage/bmd.stm32-for-vscode/@xpack-dev-tools/arm-none-eabi-gcc/14.2.1-1.1.1/.content/bin/../lib/gcc/arm-none-eabi/14.2.1/../../../../arm-none-eabi/lib/thumb/v7e-m+fp/hard\libc_nano.a(libc_a-memset.o)
 .ARM.attributes
                0x0000041f       0x34 c:/Users/P Ngubo/AppData/Roaming/Code/User/globalStorage/bmd.stm32-for-vscode/@xpack-dev-tools/arm-none-eabi-gcc/14.2.1-1.1.1/.content/bin/../lib/gcc/arm-none-eabi/14.2.1/../../../../arm-none-eabi/lib/thumb/v7e-m+fp/hard\libc_nano.a(libc_a-strncpy.o)
 .ARM.attributes
                0x00000453       0x34 c:/Users/P Ngubo/AppData/Roaming/Code/User/globalStorage/bmd.stm32-for-vscode/@xpack-dev-tools/arm-none-eabi-gcc/14.2.1-1.1.1/.content/bin/../lib/gcc/arm-none-eabi/14.2.1/../../../../arm-none-eabi/lib/thumb/v7e-m+fp/hard\libc_nano.a(libc_a-reent.o)
 .ARM.attributes
                0x00000487       0x34 c:/Users/P Ngubo/AppData/Roaming/Code/User/globalStorage/bmd.stm32-for-vscode/@xpack-dev-tools/arm-none-eabi-gcc/14.2.1-1.1.1/.content/bin/../lib/gcc/arm-none-eabi/14.2.1/../../../../arm-none-eabi/lib/thumb/v7e-m+fp/hard\libc_nano.a(libc_a-impure.o)
 .ARM.attributes
                0x000004bb       0x34 c:/Users/P Ngubo/AppData/Roaming/Code/User/globalStorage/bmd.stm32-for-vscode/@xpack-dev-tools/arm-none-eabi-gcc/14.2.1-1.1.1/.content/bin/../lib/gcc/arm-none-eabi/14.2.1/../../../../arm-none-eabi/lib/thumb/v7e-m+fp/hard\libc_nano.a(libc_a-errno.o)
 .ARM.attributes
                0x000004ef       0x34 c:/Users/P Ngubo/AppData/Roaming/Code/User/globalStorage/bmd.stm32-for-vscode/@xpack-dev-tools/arm-none-eabi-gcc/14.2.1-1.1.1/.content/bin/../lib/gcc/arm-none-eabi/14.2.1/../../../../arm-none-eabi/lib/thumb/v7e-m+fp/hard\libc_nano.a(libc_a-init.o)
 .ARM.attributes
                0x00000523       0x34 c:/Users/P Ngubo/AppData/Roaming/Code/User/globalStorage/bmd.stm32-for-vscode/@xpack-dev-tools/arm-none-eabi-gcc/14.2.1-1.1.1/.content/bin/../lib/gcc/arm-none-eabi/14.2.1/../../../../arm-none-eabi/lib/thumb/v7e-m+fp/hard\libc_nano.a(libc_a-lock.o)
 .ARM.attributes
                0x00000557       0x20 c:/Users/P Ngubo/AppData/Roaming/Code/User/globalStorage/bmd.stm32-for-vscode/@xpack-dev-tools/arm-none-eabi-gcc/14.2.1-1.1.1/.content/bin/../lib/gcc/arm-none-eabi/14.2.1/../../../../arm-none-eabi/lib/thumb/v7e-m+fp/hard\libc_nano.a(libc_a-strcmp.o)
 .ARM.attributes
                0x00000577       0x17 c:/Users/P Ngubo/AppData/Roaming/Code/User/globalStorage/bmd.stm32-for-vscode/@xpack-dev-tools/arm-none-eabi-gcc/14.2.1-1.1.1/.content/bin/../lib/gcc/arm-none-eabi/14.2.1/../../../../arm-none-eabi/lib/thumb/v7e-m+fp/hard\libc_nano.a(libc_a-strlen.o)
 .ARM.attributes
                0x0000058e       0x34 c:/Users/P Ngubo/AppData/Roaming/Code/User/globalStorage/bmd.stm32-for-vscode/@xpack-dev-tools/arm-none-eabi-gcc/14.2.1-1.1.1/.content/bin/../lib/gcc/arm-none-eabi/14.2.1/../../../../arm-none-eabi/lib/thumb/v7e-m+fp/hard\libc_nano.a(libc_a-freer.o)
 .ARM.attributes
                0x000005c2       0x34 c:/Users/P Ngubo/AppData/Roaming/Code/User/globalStorage/bmd.stm32-for-vscode/@xpack-dev-tools/arm-none-eabi-gcc/14.2.1-1.1.1/.content/bin/../lib/gcc/arm-none-eabi/14.2.1/../../../../arm-none-eabi/lib/thumb/v7e-m+fp/hard\libc_nano.a(libc_a-mallocr.o)
 .ARM.attributes
                0x000005f6       0x34 c:/Users/P Ngubo/AppData/Roaming/Code/User/globalStorage/bmd.stm32-for-vscode/@xpack-dev-tools/arm-none-eabi-gcc/14.2.1-1.1.1/.content/bin/../lib/gcc/arm-none-eabi/14.2.1/../../../../arm-none-eabi/lib/thumb/v7e-m+fp/hard\libc_nano.a(libc_a-mlock.o)
 .ARM.attributes
                0x0000062a       0x34 c:/Users/P Ngubo/AppData/Roaming/Code/User/globalStorage/bmd.stm32-for-vscode/@xpack-dev-tools/arm-none-eabi-gcc/14.2.1-1.1.1/.content/bin/../lib/gcc/arm-none-eabi/14.2.1/../../../../arm-none-eabi/lib/thumb/v7e-m+fp/hard\libc_nano.a(libc_a-nano-svfprintf.o)
 .ARM.attributes
                0x0000065e       0x34 c:/Users/P Ngubo/AppData/Roaming/Code/User/globalStorage/bmd.stm32-for-vscode/@xpack-dev-tools/arm-none-eabi-gcc/14.2.1-1.1.1/.content/bin/../lib/gcc/arm-none-eabi/14.2.1/../../../../arm-none-eabi/lib/thumb/v7e-m+fp/hard\libc_nano.a(libc_a-nano-svfscanf.o)
 .ARM.attributes
                0x00000692       0x34 c:/Users/P Ngubo/AppData/Roaming/Code/User/globalStorage/bmd.stm32-for-vscode/@xpack-dev-tools/arm-none-eabi-gcc/14.2.1-1.1.1/.content/bin/../lib/gcc/arm-none-eabi/14.2.1/../../../../arm-none-eabi/lib/thumb/v7e-m+fp/hard\libc_nano.a(libc_a-nano-vfprintf_i.o)
 .ARM.attributes
                0x000006c6       0x34 c:/Users/P Ngubo/AppData/Roaming/Code/User/globalStorage/bmd.stm32-for-vscode/@xpack-dev-tools/arm-none-eabi-gcc/14.2.1-1.1.1/.content/bin/../lib/gcc/arm-none-eabi/14.2.1/../../../../arm-none-eabi/lib/thumb/v7e-m+fp/hard\libc_nano.a(libc_a-nano-vfscanf_i.o)
 .ARM.attributes
                0x000006fa       0x34 c:/Users/P Ngubo/AppData/Roaming/Code/User/globalStorage/bmd.stm32-for-vscode/@xpack-dev-tools/arm-none-eabi-gcc/14.2.1-1.1.1/.content/bin/../lib/gcc/arm-none-eabi/14.2.1/../../../../arm-none-eabi/lib/thumb/v7e-m+fp/hard\libc_nano.a(libc_a-sccl.o)
 .ARM.attributes
                0x0000072e       0x34 c:/Users/P Ngubo/AppData/Roaming/Code/User/globalStorage/bmd.stm32-for-vscode/@xpack-dev-tools/arm-none-eabi-gcc/14.2.1-1.1.1/.content/bin/../lib/gcc/arm-none-eabi/14.2.1/../../../../arm-none-eabi/lib/thumb/v7e-m+fp/hard\libc_nano.a(libc_a-ungetc.o)
 .ARM.attributes
                0x00000762       0x34 c:/Users/P Ngubo/AppData/Roaming/Code/User/globalStorage/bmd.stm32-for-vscode/@xpack-dev-tools/arm-none-eabi-gcc/14.2.1-1.1.1/.content/bin/../lib/gcc/arm-none-eabi/14.2.1/../../../../arm-none-eabi/lib/thumb/v7e-m+fp/hard\libc_nano.a(libc_a-memmove.o)
 .ARM.attributes
                0x00000796       0x34 c:/Users/P Ngubo/AppData/Roaming/Code/User/globalStorage/bmd.stm32-for-vscode/@xpack-dev-tools/arm-none-eabi-gcc/14.2.1-1.1.1/.content/bin/../lib/gcc/arm-none-eabi/14.2.1/../../../../arm-none-eabi/lib/thumb/v7e-m+fp/hard\libc_nano.a(libc_a-sbrkr.o)
 .ARM.attributes
                0x000007ca       0x1c c:/Users/P Ngubo/AppData/Roaming/Code/User/globalStorage/bmd.stm32-for-vscode/@xpack-dev-tools/arm-none-eabi-gcc/14.2.1-1.1.1/.content/bin/../lib/gcc/arm-none-eabi/14.2.1/../../../../arm-none-eabi/lib/thumb/v7e-m+fp/hard\libc_nano.a(libc_a-memchr.o)
 .ARM.attributes
                0x000007e6       0x34 c:/Users/P Ngubo/AppData/Roaming/Code/User/globalStorage/bmd.stm32-for-vscode/@xpack-dev-tools/arm-none-eabi-gcc/14.2.1-1.1.1/.content/bin/../lib/gcc/arm-none-eabi/14.2.1/../../../../arm-none-eabi/lib/thumb/v7e-m+fp/hard\libc_nano.a(libc_a-memcpy-stub.o)
 .ARM.attributes
                0x0000081a       0x34 c:/Users/P Ngubo/AppData/Roaming/Code/User/globalStorage/bmd.stm32-for-vscode/@xpack-dev-tools/arm-none-eabi-gcc/14.2.1-1.1.1/.content/bin/../lib/gcc/arm-none-eabi/14.2.1/../../../../arm-none-eabi/lib/thumb/v7e-m+fp/hard\libc_nano.a(libc_a-reallocr.o)
 .ARM.attributes
                0x0000084e       0x34 c:/Users/P Ngubo/AppData/Roaming/Code/User/globalStorage/bmd.stm32-for-vscode/@xpack-dev-tools/arm-none-eabi-gcc/14.2.1-1.1.1/.content/bin/../lib/gcc/arm-none-eabi/14.2.1/../../../../arm-none-eabi/lib/thumb/v7e-m+fp/hard\libc_nano.a(libc_a-strtol.o)
 .ARM.attributes
                0x00000882       0x34 c:/Users/P Ngubo/AppData/Roaming/Code/User/globalStorage/bmd.stm32-for-vscode/@xpack-dev-tools/arm-none-eabi-gcc/14.2.1-1.1.1/.content/bin/../lib/gcc/arm-none-eabi/14.2.1/../../../../arm-none-eabi/lib/thumb/v7e-m+fp/hard\libc_nano.a(libc_a-strtoul.o)
 .ARM.attributes
                0x000008b6       0x34 c:/Users/P Ngubo/AppData/Roaming/Code/User/globalStorage/bmd.stm32-for-vscode/@xpack-dev-tools/arm-none-eabi-gcc/14.2.1-1.1.1/.content/bin/../lib/gcc/arm-none-eabi/14.2.1/../../../../arm-none-eabi/lib/thumb/v7e-m+fp/hard\libc_nano.a(libc_a-ctype_.o)
 .ARM.attributes
                0x000008ea       0x34 c:/Users/P Ngubo/AppData/Roaming/Code/User/globalStorage/bmd.stm32-for-vscode/@xpack-dev-tools/arm-none-eabi-gcc/14.2.1-1.1.1/.content/bin/../lib/gcc/arm-none-eabi/14.2.1/../../../../arm-none-eabi/lib/thumb/v7e-m+fp/hard\libc_nano.a(libc_a-msizer.o)
 .ARM.attributes
                0x0000091e       0x22 c:/Users/P Ngubo/AppData/Roaming/Code/User/globalStorage/bmd.stm32-for-vscode/@xpack-dev-tools/arm-none-eabi-gcc/14.2.1-1.1.1/.content/bin/../lib/gcc/arm-none-eabi/14.2.1/thumb/v7e-m+fp/hard\libgcc.a(_aeabi_uldivmod.o)
 .ARM.attributes
                0x00000940       0x34 c:/Users/P Ngubo/AppData/Roaming/Code/User/globalStorage/bmd.stm32-for-vscode/@xpack-dev-tools/arm-none-eabi-gcc/14.2.1-1.1.1/.content/bin/../lib/gcc/arm-none-eabi/14.2.1/thumb/v7e-m+fp/hard\libgcc.a(_udivmoddi4.o)
 .ARM.attributes
                0x00000974       0x22 c:/Users/P Ngubo/AppData/Roaming/Code/User/globalStorage/bmd.stm32-for-vscode/@xpack-dev-tools/arm-none-eabi-gcc/14.2.1-1.1.1/.content/bin/../lib/gcc/arm-none-eabi/14.2.1/thumb/v7e-m+fp/hard\libgcc.a(_dvmd_tls.o)
 .ARM.attributes
                0x00000996       0x22 c:/Users/P Ngubo/AppData/Roaming/Code/User/globalStorage/bmd.stm32-for-vscode/@xpack-dev-tools/arm-none-eabi-gcc/14.2.1-1.1.1/.content/bin/../lib/gcc/arm-none-eabi/14.2.1/thumb/v7e-m+fp/hard/crtn.o

.comment        0x00000000       0x39
 .comment       0x00000000       0x39 c:/Users/P Ngubo/AppData/Roaming/Code/User/globalStorage/bmd.stm32-for-vscode/@xpack-dev-tools/arm-none-eabi-gcc/14.2.1-1.1.1/.content/bin/../lib/gcc/arm-none-eabi/14.2.1/thumb/v7e-m+fp/hard/crtbegin.o
                                 0x3a (size before relaxing)
 .comment       0x00000039       0x3a build/release/lcd_stm32f4.o
 .comment       0x00000039       0x3a build/release/main.o
 .comment       0x00000039       0x3a build/release/stm32f4xx_hal.o
 .comment       0x00000039       0x3a build/release/stm32f4xx_hal_cortex.o
 .comment       0x00000039       0x3a build/release/stm32f4xx_hal_dma.o
 .comment       0x00000039       0x3a build/release/stm32f4xx_hal_gpio.o
 .comment       0x00000039       0x3a build/release/stm32f4xx_hal_msp.o
 .comment       0x00000039       0x3a build/release/stm32f4xx_hal_rcc.o
 .comment       0x00000039       0x3a build/release/stm32f4xx_hal_rcc_ex.o
 .comment       0x00000039       0x3a build/release/stm32f4xx_hal_uart.o
 .comment       0x00000039       0x3a build/release/stm32f4xx_it.o
 .comment       0x00000039       0x3a build/release/sysmem.o
 .comment       0x00000039       0x3a build/release/system_stm32f4xx.o
 .comment       0x00000039       0x3a c:/Users/P Ngubo/AppData/Roaming/Code/User/globalStorage/bmd.stm32-for-vscode/@xpack-dev-tools/arm-none-eabi-gcc/14.2.1-1.1.1/.content/bin/../lib/gcc/arm-none-eabi/14.2.1/../../../../arm-none-eabi/lib/thumb/v7e-m+fp/hard\libc_nano.a(libc_a-findfp.o)
 .comment       0x00000039       0x3a c:/Users/P Ngubo/AppData/Roaming/Code/User/globalStorage/bmd.stm32-for-vscode/@xpack-dev-tools/arm-none-eabi-gcc/14.2.1-1.1.1/.content/bin/../lib/gcc/arm-none-eabi/14.2.1/../../../../arm-none-eabi/lib/thumb/v7e-m+fp/hard\libc_nano.a(libc_a-sprintf.o)
 .comment       0x00000039       0x3a c:/Users/P Ngubo/AppData/Roaming/Code/User/globalStorage/bmd.stm32-for-vscode/@xpack-dev-tools/arm-none-eabi-gcc/14.2.1-1.1.1/.content/bin/../lib/gcc/arm-none-eabi/14.2.1/../../../../arm-none-eabi/lib/thumb/v7e-m+fp/hard\libc_nano.a(libc_a-sscanf.o)
 .comment       0x00000039       0x3a c:/Users/P Ngubo/AppData/Roaming/Code/User/globalStorage/bmd.stm32-for-vscode/@xpack-dev-tools/arm-none-eabi-gcc/14.2.1-1.1.1/.content/bin/../lib/gcc/arm-none-eabi/14.2.1/../../../../arm-none-eabi/lib/thumb/v7e-m+fp/hard\libc_nano.a(libc_a-stdio.o)
 .comment       0x00000039       0x3a c:/Users/P Ngubo/AppData/Roaming/Code/User/globalStorage/bmd.stm32-for-vscode/@xpack-dev-tools/arm-none-eabi-gcc/14.2.1-1.1.1/.content/bin/../lib/gcc/arm-none-eabi/14.2.1/../../../../arm-none-eabi/lib/thumb/v7e-m+fp/hard\libc_nano.a(libc_a-memset.o)
 .comment       0x00000039       0x3a c:/Users/P Ngubo/AppData/Roaming/Code/User/globalStorage/bmd.stm32-for-vscode/@xpack-dev-tools/arm-none-eabi-gcc/14.2.1-1.1.1/.content/bin/../lib/gcc/arm-none-eabi/14.2.1/../../../../arm-none-eabi/lib/thumb/v7e-m+fp/hard\libc_nano.a(libc_a-strncpy.o)
 .comment       0x00000039       0x3a c:/Users/P Ngubo/AppData/Roaming/Code/User/globalStorage/bmd.stm32-for-vscode/@xpack-dev-tools/arm-none-eabi-gcc/14.2.1-1.1.1/.content/bin/../lib/gcc/arm-none-eabi/14.2.1/../../../../arm-none-eabi/lib/thumb/v7e-m+fp/hard\libc_nano.a(libc_a-reent.o)
 .comment       0x00000039       0x3a c:/Users/P Ngubo/AppData/Roaming/Code/User/globalStorage/bmd.stm32-for-vscode/@xpack-dev-tools/arm-none-eabi-gcc/14.2.1-1.1.1/.content/bin/../lib/gcc/arm-none-eabi/14.2.1/../../../../arm-none-eabi/lib/thumb/v7e-m+fp/hard\libc_nano.a(libc_a-impure.o)
 .comment       0x00000039       0x3a c:/Users/P Ngubo/AppData/Roaming/Code/User/globalStorage/bmd.stm32-for-vscode/@xpack-dev-tools/arm-none-eabi-gcc/14.2.1-1.1.1/.content/bin/../lib/gcc/arm-none-eabi/14.2.1/../../../../arm-none-eabi/lib/thumb/v7e-m+fp/hard\libc_nano.a(libc_a-errno.o)
 .comment       0x00000039       0x3a c:/Users/P Ngubo/AppData/Roaming/Code/User/globalStorage/bmd.stm32-for-vscode/@xpack-dev-tools/arm-none-eabi-gcc/14.2.1-1.1.1/.content/bin/../lib/gcc/arm-none-eabi/14.2.1/../../../../arm-none-eabi/lib/thumb/v7e-m+fp/hard\libc_nano.a(libc_a-init.o)
 .comment       0x00000039       0x3a c:/Users/P Ngubo/AppData/Roaming/Code/User/globalStorage/bmd.stm32-for-vscode/@xpack-dev-tools/arm-none-eabi-gcc/14.2.1-1.1.1/.content/bin/../lib/gcc/arm-none-eabi/14.2.1/../../../../arm-none-eabi/lib/thumb/v7e-m+fp/hard\libc_nano.a(libc_a-lock.o)
 .comment       0x00000039       0x3a c:/Users/P Ngubo/AppData/Roaming/Code/User/globalStorage/bmd.stm32-for-vscode/@xpack-dev-tools/arm-none-eabi-gcc/14.2.1-1.1.1/.content/bin/../lib/gcc/arm-none-eabi/14.2.1/../../../../arm-none-eabi/lib/thumb/v7e-m+fp/hard\libc_nano.a(libc_a-freer.o)
 .comment       0x00000039       0x3a c:/Users/P Ngubo/AppData/Roaming/Code/User/globalStorage/bmd.stm32-for-vscode/@xpack-dev-tools/arm-none-eabi-gcc/14.2.1-1.1.1/.content/bin/../lib/gcc/arm-none-eabi/14.2.1/../../../../arm-none-eabi/lib/thumb/v7e-m+fp/hard\libc_nano.a(libc_a-mallocr.o)
 .comment       0x00000039       0x3a c:/Users/P Ngubo/AppData/Roaming/Code/User/globalStorage/bmd.stm32-for-vscode/@xpack-dev-tools/arm-none-eabi-gcc/14.2.1-1.1.1/.content/bin/../lib/gcc/arm-none-eabi/14.2.1/../../../../arm-none-eabi/lib/thumb/v7e-m+fp/hard\libc_nano.a(libc_a-mlock.o)
 .comment       0x00000039       0x3a c:/Users/P Ngubo/AppData/Roaming/Code/User/globalStorage/bmd.stm32-for-vscode/@xpack-dev-tools/arm-none-eabi-gcc/14.2.1-1.1.1/.content/bin/../lib/gcc/arm-none-eabi/14.2.1/../../../../arm-none-eabi/lib/thumb/v7e-m+fp/hard\libc_nano.a(libc_a-nano-svfprintf.o)
 .comment       0x00000039       0x3a c:/Users/P Ngubo/AppData/Roaming/Code/User/globalStorage/bmd.stm32-for-vscode/@xpack-dev-tools/arm-none-eabi-gcc/14.2.1-1.1.1/.content/bin/../lib/gcc/arm-none-eabi/14.2.1/../../../../arm-none-eabi/lib/thumb/v7e-m+fp/hard\libc_nano.a(libc_a-nano-svfscanf.o)
 .comment       0x00000039       0x3a c:/Users/P Ngubo/AppData/Roaming/Code/User/globalStorage/bmd.stm32-for-vscode/@xpack-dev-tools/arm-none-eabi-gcc/14.2.1-1.1.1/.content/bin/../lib/gcc/arm-none-eabi/14.2.1/../../../../arm-none-eabi/lib/thumb/v7e-m+fp/hard\libc_nano.a(libc_a-nano-vfprintf_i.o)
 .comment       0x00000039       0x3a c:/Users/P Ngubo/AppData/Roaming/Code/User/globalStorage/bmd.stm32-for-vscode/@xpack-dev-tools/arm-none-eabi-gcc/14.2.1-1.1.1/.content/bin/../lib/gcc/arm-none-eabi/14.2.1/../../../../arm-none-eabi/lib/thumb/v7e-m+fp/hard\libc_nano.a(libc_a-nano-vfscanf_i.o)
 .comment       0x00000039       0x3a c:/Users/P Ngubo/AppData/Roaming/Code/User/globalStorage/bmd.stm32-for-vscode/@xpack-dev-tools/arm-none-eabi-gcc/14.2.1-1.1.1/.content/bin/../lib/gcc/arm-none-eabi/14.2.1/../../../../arm-none-eabi/lib/thumb/v7e-m+fp/hard\libc_nano.a(libc_a-sccl.o)
 .comment       0x00000039       0x3a c:/Users/P Ngubo/AppData/Roaming/Code/User/globalStorage/bmd.stm32-for-vscode/@xpack-dev-tools/arm-none-eabi-gcc/14.2.1-1.1.1/.content/bin/../lib/gcc/arm-none-eabi/14.2.1/../../../../arm-none-eabi/lib/thumb/v7e-m+fp/hard\libc_nano.a(libc_a-ungetc.o)
 .comment       0x00000039       0x3a c:/Users/P Ngubo/AppData/Roaming/Code/User/globalStorage/bmd.stm32-for-vscode/@xpack-dev-tools/arm-none-eabi-gcc/14.2.1-1.1.1/.content/bin/../lib/gcc/arm-none-eabi/14.2.1/../../../../arm-none-eabi/lib/thumb/v7e-m+fp/hard\libc_nano.a(libc_a-memmove.o)
 .comment       0x00000039       0x3a c:/Users/P Ngubo/AppData/Roaming/Code/User/globalStorage/bmd.stm32-for-vscode/@xpack-dev-tools/arm-none-eabi-gcc/14.2.1-1.1.1/.content/bin/../lib/gcc/arm-none-eabi/14.2.1/../../../../arm-none-eabi/lib/thumb/v7e-m+fp/hard\libc_nano.a(libc_a-sbrkr.o)
 .comment       0x00000039       0x3a c:/Users/P Ngubo/AppData/Roaming/Code/User/globalStorage/bmd.stm32-for-vscode/@xpack-dev-tools/arm-none-eabi-gcc/14.2.1-1.1.1/.content/bin/../lib/gcc/arm-none-eabi/14.2.1/../../../../arm-none-eabi/lib/thumb/v7e-m+fp/hard\libc_nano.a(libc_a-memcpy-stub.o)
 .comment       0x00000039       0x3a c:/Users/P Ngubo/AppData/Roaming/Code/User/globalStorage/bmd.stm32-for-vscode/@xpack-dev-tools/arm-none-eabi-gcc/14.2.1-1.1.1/.content/bin/../lib/gcc/arm-none-eabi/14.2.1/../../../../arm-none-eabi/lib/thumb/v7e-m+fp/hard\libc_nano.a(libc_a-reallocr.o)
 .comment       0x00000039       0x3a c:/Users/P Ngubo/AppData/Roaming/Code/User/globalStorage/bmd.stm32-for-vscode/@xpack-dev-tools/arm-none-eabi-gcc/14.2.1-1.1.1/.content/bin/../lib/gcc/arm-none-eabi/14.2.1/../../../../arm-none-eabi/lib/thumb/v7e-m+fp/hard\libc_nano.a(libc_a-strtol.o)
 .comment       0x00000039       0x3a c:/Users/P Ngubo/AppData/Roaming/Code/User/globalStorage/bmd.stm32-for-vscode/@xpack-dev-tools/arm-none-eabi-gcc/14.2.1-1.1.1/.content/bin/../lib/gcc/arm-none-eabi/14.2.1/../../../../arm-none-eabi/lib/thumb/v7e-m+fp/hard\libc_nano.a(libc_a-strtoul.o)
 .comment       0x00000039       0x3a c:/Users/P Ngubo/AppData/Roaming/Code/User/globalStorage/bmd.stm32-for-vscode/@xpack-dev-tools/arm-none-eabi-gcc/14.2.1-1.1.1/.content/bin/../lib/gcc/arm-none-eabi/14.2.1/../../../../arm-none-eabi/lib/thumb/v7e-m+fp/hard\libc_nano.a(libc_a-ctype_.o)
 .comment       0x00000039       0x3a c:/Users/P Ngubo/AppData/Roaming/Code/User/globalStorage/bmd.stm32-for-vscode/@xpack-dev-tools/arm-none-eabi-gcc/14.2.1-1.1.1/.content/bin/../lib/gcc/arm-none-eabi/14.2.1/../../../../arm-none-eabi/lib/thumb/v7e-m+fp/hard\libc_nano.a(libc_a-msizer.o)
 .comment       0x00000039       0x3a c:/Users/P Ngubo/AppData/Roaming/Code/User/globalStorage/bmd.stm32-for-vscode/@xpack-dev-tools/arm-none-eabi-gcc/14.2.1-1.1.1/.content/bin/../lib/gcc/arm-none-eabi/14.2.1/thumb/v7e-m+fp/hard\libgcc.a(_udivmoddi4.o)

.debug_frame    0x00000000       0xec
 .debug_frame   0x00000000       0x20 c:/Users/P Ngubo/AppData/Roaming/Code/User/globalStorage/bmd.stm32-for-vscode/@xpack-dev-tools/arm-none-eabi-gcc/14.2.1-1.1.1/.content/bin/../lib/gcc/arm-none-eabi/14.2.1/../../../../arm-none-eabi/lib/thumb/v7e-m+fp/hard\libc_nano.a(libc_a-strcmp.o)
 .debug_frame   0x00000020       0x20 c:/Users/P Ngubo/AppData/Roaming/Code/User/globalStorage/bmd.stm32-for-vscode/@xpack-dev-tools/arm-none-eabi-gcc/14.2.1-1.1.1/.content/bin/../lib/gcc/arm-none-eabi/14.2.1/../../../../arm-none-eabi/lib/thumb/v7e-m+fp/hard\libc_nano.a(libc_a-strlen.o)
 .debug_frame   0x00000040       0x4c c:/Users/P Ngubo/AppData/Roaming/Code/User/globalStorage/bmd.stm32-for-vscode/@xpack-dev-tools/arm-none-eabi-gcc/14.2.1-1.1.1/.content/bin/../lib/gcc/arm-none-eabi/14.2.1/../../../../arm-none-eabi/lib/thumb/v7e-m+fp/hard\libc_nano.a(libc_a-memchr.o)
 .debug_frame   0x0000008c       0x2c c:/Users/P Ngubo/AppData/Roaming/Code/User/globalStorage/bmd.stm32-for-vscode/@xpack-dev-tools/arm-none-eabi-gcc/14.2.1-1.1.1/.content/bin/../lib/gcc/arm-none-eabi/14.2.1/thumb/v7e-m+fp/hard\libgcc.a(_aeabi_uldivmod.o)
 .debug_frame   0x000000b8       0x34 c:/Users/P Ngubo/AppData/Roaming/Code/User/globalStorage/bmd.stm32-for-vscode/@xpack-dev-tools/arm-none-eabi-gcc/14.2.1-1.1.1/.content/bin/../lib/gcc/arm-none-eabi/14.2.1/thumb/v7e-m+fp/hard\libgcc.a(_udivmoddi4.o)

.debug_line     0x00000000      0x6bd
 .debug_line    0x00000000       0x4e c:/Users/P Ngubo/AppData/Roaming/Code/User/globalStorage/bmd.stm32-for-vscode/@xpack-dev-tools/arm-none-eabi-gcc/14.2.1-1.1.1/.content/bin/../lib/gcc/arm-none-eabi/14.2.1/thumb/v7e-m+fp/hard\libgcc.a(_aeabi_uldivmod.o)
 .debug_line    0x0000004e      0x625 c:/Users/P Ngubo/AppData/Roaming/Code/User/globalStorage/bmd.stm32-for-vscode/@xpack-dev-tools/arm-none-eabi-gcc/14.2.1-1.1.1/.content/bin/../lib/gcc/arm-none-eabi/14.2.1/thumb/v7e-m+fp/hard\libgcc.a(_udivmoddi4.o)
 .debug_line    0x00000673       0x4a c:/Users/P Ngubo/AppData/Roaming/Code/User/globalStorage/bmd.stm32-for-vscode/@xpack-dev-tools/arm-none-eabi-gcc/14.2.1-1.1.1/.content/bin/../lib/gcc/arm-none-eabi/14.2.1/thumb/v7e-m+fp/hard\libgcc.a(_dvmd_tls.o)

.debug_line_str
                0x00000000      0x138
 .debug_line_str
                0x00000000      0x138 c:/Users/P Ngubo/AppData/Roaming/Code/User/globalStorage/bmd.stm32-for-vscode/@xpack-dev-tools/arm-none-eabi-gcc/14.2.1-1.1.1/.content/bin/../lib/gcc/arm-none-eabi/14.2.1/thumb/v7e-m+fp/hard\libgcc.a(_aeabi_uldivmod.o)
                                0x12c (size before relaxing)
 .debug_line_str
                0x00000138      0x130 c:/Users/P Ngubo/AppData/Roaming/Code/User/globalStorage/bmd.stm32-for-vscode/@xpack-dev-tools/arm-none-eabi-gcc/14.2.1-1.1.1/.content/bin/../lib/gcc/arm-none-eabi/14.2.1/thumb/v7e-m+fp/hard\libgcc.a(_dvmd_tls.o)

.debug_info     0x00000000      0x763
 .debug_info    0x00000000       0x24 c:/Users/P Ngubo/AppData/Roaming/Code/User/globalStorage/bmd.stm32-for-vscode/@xpack-dev-tools/arm-none-eabi-gcc/14.2.1-1.1.1/.content/bin/../lib/gcc/arm-none-eabi/14.2.1/thumb/v7e-m+fp/hard\libgcc.a(_aeabi_uldivmod.o)
 .debug_info    0x00000024      0x703 c:/Users/P Ngubo/AppData/Roaming/Code/User/globalStorage/bmd.stm32-for-vscode/@xpack-dev-tools/arm-none-eabi-gcc/14.2.1-1.1.1/.content/bin/../lib/gcc/arm-none-eabi/14.2.1/thumb/v7e-m+fp/hard\libgcc.a(_udivmoddi4.o)
 .debug_info    0x00000727       0x3c c:/Users/P Ngubo/AppData/Roaming/Code/User/globalStorage/bmd.stm32-for-vscode/@xpack-dev-tools/arm-none-eabi-gcc/14.2.1-1.1.1/.content/bin/../lib/gcc/arm-none-eabi/14.2.1/thumb/v7e-m+fp/hard\libgcc.a(_dvmd_tls.o)

.debug_abbrev   0x00000000      0x1a4
 .debug_abbrev  0x00000000       0x14 c:/Users/P Ngubo/AppData/Roaming/Code/User/globalStorage/bmd.stm32-for-vscode/@xpack-dev-tools/arm-none-eabi-gcc/14.2.1-1.1.1/.content/bin/../lib/gcc/arm-none-eabi/14.2.1/thumb/v7e-m+fp/hard\libgcc.a(_aeabi_uldivmod.o)
 .debug_abbrev  0x00000014      0x16a c:/Users/P Ngubo/AppData/Roaming/Code/User/globalStorage/bmd.stm32-for-vscode/@xpack-dev-tools/arm-none-eabi-gcc/14.2.1-1.1.1/.content/bin/../lib/gcc/arm-none-eabi/14.2.1/thumb/v7e-m+fp/hard\libgcc.a(_udivmoddi4.o)
 .debug_abbrev  0x0000017e       0x26 c:/Users/P Ngubo/AppData/Roaming/Code/User/globalStorage/bmd.stm32-for-vscode/@xpack-dev-tools/arm-none-eabi-gcc/14.2.1-1.1.1/.content/bin/../lib/gcc/arm-none-eabi/14.2.1/thumb/v7e-m+fp/hard\libgcc.a(_dvmd_tls.o)

.debug_aranges  0x00000000       0x60
 .debug_aranges
                0x00000000       0x20 c:/Users/P Ngubo/AppData/Roaming/Code/User/globalStorage/bmd.stm32-for-vscode/@xpack-dev-tools/arm-none-eabi-gcc/14.2.1-1.1.1/.content/bin/../lib/gcc/arm-none-eabi/14.2.1/thumb/v7e-m+fp/hard\libgcc.a(_aeabi_uldivmod.o)
 .debug_aranges
                0x00000020       0x20 c:/Users/P Ngubo/AppData/Roaming/Code/User/globalStorage/bmd.stm32-for-vscode/@xpack-dev-tools/arm-none-eabi-gcc/14.2.1-1.1.1/.content/bin/../lib/gcc/arm-none-eabi/14.2.1/thumb/v7e-m+fp/hard\libgcc.a(_udivmoddi4.o)
 .debug_aranges
                0x00000040       0x20 c:/Users/P Ngubo/AppData/Roaming/Code/User/globalStorage/bmd.stm32-for-vscode/@xpack-dev-tools/arm-none-eabi-gcc/14.2.1-1.1.1/.content/bin/../lib/gcc/arm-none-eabi/14.2.1/thumb/v7e-m+fp/hard\libgcc.a(_dvmd_tls.o)

.debug_str      0x00000000      0x81d
 .debug_str     0x00000000      0x81d c:/Users/P Ngubo/AppData/Roaming/Code/User/globalStorage/bmd.stm32-for-vscode/@xpack-dev-tools/arm-none-eabi-gcc/14.2.1-1.1.1/.content/bin/../lib/gcc/arm-none-eabi/14.2.1/thumb/v7e-m+fp/hard\libgcc.a(_aeabi_uldivmod.o)
                                0x13a (size before relaxing)
 .debug_str     0x0000081d      0x753 c:/Users/P Ngubo/AppData/Roaming/Code/User/globalStorage/bmd.stm32-for-vscode/@xpack-dev-tools/arm-none-eabi-gcc/14.2.1-1.1.1/.content/bin/../lib/gcc/arm-none-eabi/14.2.1/thumb/v7e-m+fp/hard\libgcc.a(_udivmoddi4.o)
 .debug_str     0x0000081d      0x15a c:/Users/P Ngubo/AppData/Roaming/Code/User/globalStorage/bmd.stm32-for-vscode/@xpack-dev-tools/arm-none-eabi-gcc/14.2.1-1.1.1/.content/bin/../lib/gcc/arm-none-eabi/14.2.1/thumb/v7e-m+fp/hard\libgcc.a(_dvmd_tls.o)

.debug_loclists
                0x00000000      0xb15
 .debug_loclists
                0x00000000      0xb15 c:/Users/P Ngubo/AppData/Roaming/Code/User/globalStorage/bmd.stm32-for-vscode/@xpack-dev-tools/arm-none-eabi-gcc/14.2.1-1.1.1/.content/bin/../lib/gcc/arm-none-eabi/14.2.1/thumb/v7e-m+fp/hard\libgcc.a(_udivmoddi4.o)

.debug_rnglists
                0x00000000       0x99
 .debug_rnglists
                0x00000000       0x99 c:/Users/P Ngubo/AppData/Roaming/Code/User/globalStorage/bmd.stm32-for-vscode/@xpack-dev-tools/arm-none-eabi-gcc/14.2.1-1.1.1/.content/bin/../lib/gcc/arm-none-eabi/14.2.1/thumb/v7e-m+fp/hard\libgcc.a(_udivmoddi4.o)

Cross Reference Table

Symbol                                            File
ADC1_Init                                         build/release/main.o
ADC1_Start                                        build/release/main.o
ADC_IRQHandler                                    build/release/main.o
AHBPrescTable                                     build/release/system_stm32f4xx.o
                                                  build/release/stm32f4xx_hal_rcc.o
APBPrescTable                                     build/release/system_stm32f4xx.o
                                                  build/release/stm32f4xx_hal_rcc.o
BusFault_Handler                                  build/release/stm32f4xx_it.o
CAN1_RX0_IRQHandler                               build/release/startup_stm32f446xx.o
CAN1_RX1_IRQHandler                               build/release/startup_stm32f446xx.o
CAN1_SCE_IRQHandler                               build/release/startup_stm32f446xx.o
CAN1_TX_IRQHandler                                build/release/startup_stm32f446xx.o
CAN2_RX0_IRQHandler                               build/release/startup_stm32f446xx.o
CAN2_RX1_IRQHandler                               build/release/startup_stm32f446xx.o
CAN2_SCE_IRQHandler                               build/release/startup_stm32f446xx.o
CAN2_TX_IRQHandler                                build/release/startup_stm32f446xx.o
CEC_IRQHandler                                    build/release/startup_stm32f446xx.o
DCMI_IRQHandler                                   build/release/startup_stm32f446xx.o
DMA1_Stream0_IRQHandler                           build/release/startup_stm32f446xx.o
DMA1_Stream1_IRQHandler                           build/release/startup_stm32f446xx.o
DMA1_Stream2_IRQHandler                           build/release/startup_stm32f446xx.o
DMA1_Stream3_IRQHandler                           build/release/startup_stm32f446xx.o
DMA1_Stream4_IRQHandler                           build/release/startup_stm32f446xx.o
DMA1_Stream5_IRQHandler                           build/release/stm32f4xx_it.o
DMA1_Stream6_IRQHandler                           build/release/startup_stm32f446xx.o
DMA1_Stream7_IRQHandler                           build/release/startup_stm32f446xx.o
DMA2_Stream0_IRQHandler                           build/release/startup_stm32f446xx.o
DMA2_Stream1_IRQHandler                           build/release/startup_stm32f446xx.o
DMA2_Stream2_IRQHandler                           build/release/startup_stm32f446xx.o
DMA2_Stream3_IRQHandler                           build/release/startup_stm32f446xx.o
DMA2_Stream4_IRQHandler                           build/release/startup_stm32f446xx.o
DMA2_Stream5_IRQHandler                           build/release/startup_stm32f446xx.o
DMA2_Stream6_IRQHandler                           build/release/startup_stm32f446xx.o
DMA2_Stream7_IRQHandler                           build/release/startup_stm32f446xx.o
DebugMon_Handler                                  build/release/stm32f4xx_it.o
Default_Handler                                   build/release/startup_stm32f446xx.o
EXTI0_IRQHandler                                  build/release/main.o
EXTI15_10_IRQHandler                              build/release/startup_stm32f446xx.o
EXTI1_IRQHandler                                  build/release/main.o
EXTI2_IRQHandler                                  build/release/main.o
EXTI3_IRQHandler                                  build/release/main.o
EXTI4_IRQHandler                                  build/release/startup_stm32f446xx.o
EXTI9_5_IRQHandler                                build/release/startup_stm32f446xx.o
Error_Handler                                     build/release/main.o
                                                  build/release/stm32f4xx_hal_msp.o
FLASH_Erase_Sector                                build/release/stm32f4xx_hal_flash_ex.o
                                                  build/release/stm32f4xx_hal_flash.o
FLASH_FlushCaches                                 build/release/stm32f4xx_hal_flash_ex.o
                                                  build/release/stm32f4xx_hal_flash.o
FLASH_IRQHandler                                  build/release/startup_stm32f446xx.o
FLASH_WaitForLastOperation                        build/release/stm32f4xx_hal_flash.o
                                                  build/release/stm32f4xx_hal_flash_ex.o
FMC_IRQHandler                                    build/release/startup_stm32f446xx.o
FMPI2C1_ER_IRQHandler                             build/release/startup_stm32f446xx.o
FMPI2C1_EV_IRQHandler                             build/release/startup_stm32f446xx.o
FPU_IRQHandler                                    build/release/startup_stm32f446xx.o
HAL_ADCEx_InjectedConfigChannel                   build/release/stm32f4xx_hal_adc_ex.o
HAL_ADCEx_InjectedConvCpltCallback                build/release/stm32f4xx_hal_adc_ex.o
                                                  build/release/stm32f4xx_hal_adc.o
HAL_ADCEx_InjectedGetValue                        build/release/stm32f4xx_hal_adc_ex.o
HAL_ADCEx_InjectedPollForConversion               build/release/stm32f4xx_hal_adc_ex.o
HAL_ADCEx_InjectedStart                           build/release/stm32f4xx_hal_adc_ex.o
HAL_ADCEx_InjectedStart_IT                        build/release/stm32f4xx_hal_adc_ex.o
HAL_ADCEx_InjectedStop                            build/release/stm32f4xx_hal_adc_ex.o
HAL_ADCEx_InjectedStop_IT                         build/release/stm32f4xx_hal_adc_ex.o
HAL_ADCEx_MultiModeConfigChannel                  build/release/stm32f4xx_hal_adc_ex.o
HAL_ADCEx_MultiModeGetValue                       build/release/stm32f4xx_hal_adc_ex.o
HAL_ADCEx_MultiModeStart_DMA                      build/release/stm32f4xx_hal_adc_ex.o
HAL_ADCEx_MultiModeStop_DMA                       build/release/stm32f4xx_hal_adc_ex.o
HAL_ADC_AnalogWDGConfig                           build/release/stm32f4xx_hal_adc.o
HAL_ADC_ConfigChannel                             build/release/stm32f4xx_hal_adc.o
HAL_ADC_ConvCpltCallback                          build/release/stm32f4xx_hal_adc.o
                                                  build/release/stm32f4xx_hal_adc_ex.o
HAL_ADC_ConvHalfCpltCallback                      build/release/stm32f4xx_hal_adc.o
                                                  build/release/stm32f4xx_hal_adc_ex.o
HAL_ADC_DeInit                                    build/release/stm32f4xx_hal_adc.o
HAL_ADC_ErrorCallback                             build/release/stm32f4xx_hal_adc.o
                                                  build/release/stm32f4xx_hal_adc_ex.o
HAL_ADC_GetError                                  build/release/stm32f4xx_hal_adc.o
HAL_ADC_GetState                                  build/release/stm32f4xx_hal_adc.o
HAL_ADC_GetValue                                  build/release/stm32f4xx_hal_adc.o
HAL_ADC_IRQHandler                                build/release/stm32f4xx_hal_adc.o
HAL_ADC_Init                                      build/release/stm32f4xx_hal_adc.o
HAL_ADC_LevelOutOfWindowCallback                  build/release/stm32f4xx_hal_adc.o
HAL_ADC_MspDeInit                                 build/release/stm32f4xx_hal_adc.o
HAL_ADC_MspInit                                   build/release/stm32f4xx_hal_adc.o
HAL_ADC_PollForConversion                         build/release/stm32f4xx_hal_adc.o
HAL_ADC_PollForEvent                              build/release/stm32f4xx_hal_adc.o
HAL_ADC_Start                                     build/release/stm32f4xx_hal_adc.o
HAL_ADC_Start_DMA                                 build/release/stm32f4xx_hal_adc.o
HAL_ADC_Start_IT                                  build/release/stm32f4xx_hal_adc.o
HAL_ADC_Stop                                      build/release/stm32f4xx_hal_adc.o
HAL_ADC_Stop_DMA                                  build/release/stm32f4xx_hal_adc.o
HAL_ADC_Stop_IT                                   build/release/stm32f4xx_hal_adc.o
HAL_CORTEX_ClearEvent                             build/release/stm32f4xx_hal_cortex.o
HAL_DBGMCU_DisableDBGSleepMode                    build/release/stm32f4xx_hal.o
HAL_DBGMCU_DisableDBGStandbyMode                  build/release/stm32f4xx_hal.o
HAL_DBGMCU_DisableDBGStopMode                     build/release/stm32f4xx_hal.o
HAL_DBGMCU_EnableDBGSleepMode                     build/release/stm32f4xx_hal.o
HAL_DBGMCU_EnableDBGStandbyMode                   build/release/stm32f4xx_hal.o
HAL_DBGMCU_EnableDBGStopMode                      build/release/stm32f4xx_hal.o
HAL_DMAEx_ChangeMemory                            build/release/stm32f4xx_hal_dma_ex.o
HAL_DMAEx_MultiBufferStart                        build/release/stm32f4xx_hal_dma_ex.o
HAL_DMAEx_MultiBufferStart_IT                     build/release/stm32f4xx_hal_dma_ex.o
HAL_DMA_Abort                                     build/release/stm32f4xx_hal_dma.o
                                                  build/release/stm32f4xx_hal_uart.o
                                                  build/release/stm32f4xx_hal_adc_ex.o
                                                  build/release/stm32f4xx_hal_adc.o
HAL_DMA_Abort_IT                                  build/release/stm32f4xx_hal_dma.o
                                                  build/release/stm32f4xx_hal_uart.o
                                                  build/release/stm32f4xx_hal_tim_ex.o
                                                  build/release/stm32f4xx_hal_tim.o
HAL_DMA_DeInit                                    build/release/stm32f4xx_hal_dma.o
                                                  build/release/stm32f4xx_hal_msp.o
HAL_DMA_GetError                                  build/release/stm32f4xx_hal_dma.o
                                                  build/release/stm32f4xx_hal_uart.o
HAL_DMA_GetState                                  build/release/stm32f4xx_hal_dma.o
HAL_DMA_IRQHandler                                build/release/stm32f4xx_hal_dma.o
                                                  build/release/stm32f4xx_it.o
HAL_DMA_Init                                      build/release/stm32f4xx_hal_dma.o
                                                  build/release/stm32f4xx_hal_msp.o
HAL_DMA_PollForTransfer                           build/release/stm32f4xx_hal_dma.o
HAL_DMA_RegisterCallback                          build/release/stm32f4xx_hal_dma.o
HAL_DMA_Start                                     build/release/stm32f4xx_hal_dma.o
HAL_DMA_Start_IT                                  build/release/stm32f4xx_hal_dma.o
                                                  build/release/stm32f4xx_hal_uart.o
                                                  build/release/stm32f4xx_hal_tim_ex.o
                                                  build/release/stm32f4xx_hal_tim.o
                                                  build/release/stm32f4xx_hal_adc_ex.o
                                                  build/release/stm32f4xx_hal_adc.o
HAL_DMA_UnRegisterCallback                        build/release/stm32f4xx_hal_dma.o
HAL_DeInit                                        build/release/stm32f4xx_hal.o
HAL_Delay                                         build/release/stm32f4xx_hal.o
HAL_DisableCompensationCell                       build/release/stm32f4xx_hal.o
HAL_EXTI_ClearConfigLine                          build/release/stm32f4xx_hal_exti.o
HAL_EXTI_ClearPending                             build/release/stm32f4xx_hal_exti.o
HAL_EXTI_GenerateSWI                              build/release/stm32f4xx_hal_exti.o
HAL_EXTI_GetConfigLine                            build/release/stm32f4xx_hal_exti.o
HAL_EXTI_GetHandle                                build/release/stm32f4xx_hal_exti.o
HAL_EXTI_GetPending                               build/release/stm32f4xx_hal_exti.o
HAL_EXTI_IRQHandler                               build/release/stm32f4xx_hal_exti.o
HAL_EXTI_RegisterCallback                         build/release/stm32f4xx_hal_exti.o
HAL_EXTI_SetConfigLine                            build/release/stm32f4xx_hal_exti.o
HAL_EnableCompensationCell                        build/release/stm32f4xx_hal.o
HAL_FLASHEx_AdvOBGetConfig                        build/release/stm32f4xx_hal_flash_ex.o
HAL_FLASHEx_AdvOBProgram                          build/release/stm32f4xx_hal_flash_ex.o
HAL_FLASHEx_DisableFlashSleepMode                 build/release/stm32f4xx_hal_flash_ramfunc.o
HAL_FLASHEx_EnableFlashSleepMode                  build/release/stm32f4xx_hal_flash_ramfunc.o
HAL_FLASHEx_Erase                                 build/release/stm32f4xx_hal_flash_ex.o
HAL_FLASHEx_Erase_IT                              build/release/stm32f4xx_hal_flash_ex.o
HAL_FLASHEx_OBGetConfig                           build/release/stm32f4xx_hal_flash_ex.o
HAL_FLASHEx_OBProgram                             build/release/stm32f4xx_hal_flash_ex.o
HAL_FLASHEx_OB_DeSelectPCROP                      build/release/stm32f4xx_hal_flash_ex.o
HAL_FLASHEx_OB_SelectPCROP                        build/release/stm32f4xx_hal_flash_ex.o
HAL_FLASHEx_StartFlashInterfaceClk                build/release/stm32f4xx_hal_flash_ramfunc.o
HAL_FLASHEx_StopFlashInterfaceClk                 build/release/stm32f4xx_hal_flash_ramfunc.o
HAL_FLASH_EndOfOperationCallback                  build/release/stm32f4xx_hal_flash.o
HAL_FLASH_GetError                                build/release/stm32f4xx_hal_flash.o