Archive member included to satisfy reference by file (symbol)

c:/Users/P Ngubo/AppData/Roaming/Code/User/globalStorage/bmd.stm32-for-vscode/@xpack-dev-tools/arm-none-eabi-gcc/14.2.1-1.1.1/.content/bin/../lib/gcc/arm-none-eabi/14.2.1/../../../../arm-none-eabi/lib/thumb/v7e-m+fp/hard\libc_nano.a(libc_a-atexit.o)
                              c:/Users/P Ngubo/AppData/Roaming/Code/User/globalStorage/bmd.stm32-for-vscode/@xpack-dev-tools/arm-none-eabi-gcc/14.2.1-1.1.1/.content/bin/../lib/gcc/arm-none-eabi/14.2.1/../../../../arm-none-eabi/lib/thumb/v7e-m+fp/hard/crt0.o (atexit)
c:/Users/P Ngubo/AppData/Roaming/Code/User/globalStorage/bmd.stm32-for-vscode/@xpack-dev-tools/arm-none-eabi-gcc/14.2.1-1.1.1/.content/bin/../lib/gcc/arm-none-eabi/14.2.1/../../../../arm-none-eabi/lib/thumb/v7e-m+fp/hard\libc_nano.a(libc_a-exit.o)
                              c:/Users/P Ngubo/AppData/Roaming/Code/User/globalStorage/bmd.stm32-for-vscode/@xpack-dev-tools/arm-none-eabi-gcc/14.2.1-1.1.1/.content/bin/../lib/gcc/arm-none-eabi/14.2.1/../../../../arm-none-eabi/lib/thumb/v7e-m+fp/hard/crt0.o (exit)
c:/Users/P Ngubo/AppData/Roaming/Code/User/globalStorage/bmd.stm32-for-vscode/@xpack-dev-tools/arm-none-eabi-gcc/14.2.1-1.1.1/.content/bin/../lib/gcc/arm-none-eabi/14.2.1/../../../../arm-none-eabi/lib/thumb/v7e-m+fp/hard\libc_nano.a(libc_a-findfp.o)
                              c:/Users/P Ngubo/AppData/Roaming/Code/User/globalStorage/bmd.stm32-for-vscode/@xpack-dev-tools/arm-none-eabi-gcc/14.2.1-1.1.1/.content/bin/../lib/gcc/arm-none-eabi/14.2.1/../../../../arm-none-eabi/lib/thumb/v7e-m+fp/hard\libc_nano.a(libc_a-exit.o) (__stdio_exit_handler)
c:/Users/P Ngubo/AppData/Roaming/Code/User/globalStorage/bmd.stm32-for-vscode/@xpack-dev-tools/arm-none-eabi-gcc/14.2.1-1.1.1/.content/bin/../lib/gcc/arm-none-eabi/14.2.1/../../../../arm-none-eabi/lib/thumb/v7e-m+fp/hard\libc_nano.a(libc_a-fwalk.o)
                              c:/Users/P Ngubo/AppData/Roaming/Code/User/globalStorage/bmd.stm32-for-vscode/@xpack-dev-tools/arm-none-eabi-gcc/14.2.1-1.1.1/.content/bin/../lib/gcc/arm-none-eabi/14.2.1/../../../../arm-none-eabi/lib/thumb/v7e-m+fp/hard\libc_nano.a(libc_a-findfp.o) (_fwalk_sglue)
c:/Users/P Ngubo/AppData/Roaming/Code/User/globalStorage/bmd.stm32-for-vscode/@xpack-dev-tools/arm-none-eabi-gcc/14.2.1-1.1.1/.content/bin/../lib/gcc/arm-none-eabi/14.2.1/../../../../arm-none-eabi/lib/thumb/v7e-m+fp/hard\libc_nano.a(libc_a-sprintf.o)
                              build/debug/main.o (sprintf)
c:/Users/P Ngubo/AppData/Roaming/Code/User/globalStorage/bmd.stm32-for-vscode/@xpack-dev-tools/arm-none-eabi-gcc/14.2.1-1.1.1/.content/bin/../lib/gcc/arm-none-eabi/14.2.1/../../../../arm-none-eabi/lib/thumb/v7e-m+fp/hard\libc_nano.a(libc_a-stdio.o)
                              c:/Users/P Ngubo/AppData/Roaming/Code/User/globalStorage/bmd.stm32-for-vscode/@xpack-dev-tools/arm-none-eabi-gcc/14.2.1-1.1.1/.content/bin/../lib/gcc/arm-none-eabi/14.2.1/../../../../arm-none-eabi/lib/thumb/v7e-m+fp/hard\libc_nano.a(libc_a-findfp.o) (__sread)
c:/Users/P Ngubo/AppData/Roaming/Code/User/globalStorage/bmd.stm32-for-vscode/@xpack-dev-tools/arm-none-eabi-gcc/14.2.1-1.1.1/.content/bin/../lib/gcc/arm-none-eabi/14.2.1/../../../../arm-none-eabi/lib/thumb/v7e-m+fp/hard\libc_nano.a(libc_a-memset.o)
                              c:/Users/P Ngubo/AppData/Roaming/Code/User/globalStorage/bmd.stm32-for-vscode/@xpack-dev-tools/arm-none-eabi-gcc/14.2.1-1.1.1/.content/bin/../lib/gcc/arm-none-eabi/14.2.1/../../../../arm-none-eabi/lib/thumb/v7e-m+fp/hard/crt0.o (memset)
c:/Users/P Ngubo/AppData/Roaming/Code/User/globalStorage/bmd.stm32-for-vscode/@xpack-dev-tools/arm-none-eabi-gcc/14.2.1-1.1.1/.content/bin/../lib/gcc/arm-none-eabi/14.2.1/../../../../arm-none-eabi/lib/thumb/v7e-m+fp/hard\libc_nano.a(libc_a-closer.o)
                              c:/Users/P Ngubo/AppData/Roaming/Code/User/globalStorage/bmd.stm32-for-vscode/@xpack-dev-tools/arm-none-eabi-gcc/14.2.1-1.1.1/.content/bin/../lib/gcc/arm-none-eabi/14.2.1/../../../../arm-none-eabi/lib/thumb/v7e-m+fp/hard\libc_nano.a(libc_a-stdio.o) (_close_r)
c:/Users/P Ngubo/AppData/Roaming/Code/User/globalStorage/bmd.stm32-for-vscode/@xpack-dev-tools/arm-none-eabi-gcc/14.2.1-1.1.1/.content/bin/../lib/gcc/arm-none-eabi/14.2.1/../../../../arm-none-eabi/lib/thumb/v7e-m+fp/hard\libc_nano.a(libc_a-reent.o)
                              c:/Users/P Ngubo/AppData/Roaming/Code/User/globalStorage/bmd.stm32-for-vscode/@xpack-dev-tools/arm-none-eabi-gcc/14.2.1-1.1.1/.content/bin/../lib/gcc/arm-none-eabi/14.2.1/../../../../arm-none-eabi/lib/thumb/v7e-m+fp/hard\libc_nano.a(libc_a-closer.o) (errno)
c:/Users/P Ngubo/AppData/Roaming/Code/User/globalStorage/bmd.stm32-for-vscode/@xpack-dev-tools/arm-none-eabi-gcc/14.2.1-1.1.1/.content/bin/../lib/gcc/arm-none-eabi/14.2.1/../../../../arm-none-eabi/lib/thumb/v7e-m+fp/hard\libc_nano.a(libc_a-impure.o)
[...]
Memory Configuration

Name             Origin             Length             Attributes
RAM              0x20000000         0x00020000         xrw
FLASH            0x08000000         0x00040000         xr
*default*        0x00000000         0xffffffff

Linker script and memory map

LOAD c:/Users/P Ngubo/AppData/Roaming/Code/User/globalStorage/bmd.stm32-for-vscode/@xpack-dev-tools/arm-none-eabi-gcc/14.2.1-1.1.1/.content/bin/../lib/gcc/arm-none-eabi/14.2.1/thumb/v7e-m+fp/hard/crti.o
LOAD c:/Users/P Ngubo/AppData/Roaming/Code/User/globalStorage/bmd.stm32-for-vscode/@xpack-dev-tools/arm-none-eabi-gcc/14.2.1-1.1.1/.content/bin/../lib/gcc/arm-none-eabi/14.2.1/thumb/v7e-m+fp/hard/crtbegin.o
LOAD c:/Users/P Ngubo/AppData/Roaming/Code/User/globalStorage/bmd.stm32-for-vscode/@xpack-dev-tools/arm-none-eabi-gcc/14.2.1-1.1.1/.content/bin/../lib/gcc/arm-none-eabi/14.2.1/../../../../arm-none-eabi/lib/thumb/v7e-m+fp/hard/crt0.o
LOAD build/debug/lcd_stm32f4.o
LOAD build/debug/main.o
LOAD build/debug/stm32f4xx_hal.o
LOAD build/debug/stm32f4xx_hal_adc.o
LOAD build/debug/stm32f4xx_hal_adc_ex.o
LOAD build/debug/stm32f4xx_hal_cortex.o
LOAD build/debug/stm32f4xx_hal_dma.o
LOAD build/debug/stm32f4xx_hal_dma_ex.o
LOAD build/debug/stm32f4xx_hal_exti.o
LOAD build/debug/stm32f4xx_hal_flash.o
LOAD build/debug/stm32f4xx_hal_flash_ex.o
LOAD build/debug/stm32f4xx_hal_flash_ramfunc.o
LOAD build/debug/stm32f4xx_hal_gpio.o
LOAD build/debug/stm32f4xx_hal_msp.o
LOAD build/debug/stm32f4xx_hal_pwr.o
LOAD build/debug/stm32f4xx_hal_pwr_ex.o
LOAD build/debug/stm32f4xx_hal_rcc.o
LOAD build/debug/stm32f4xx_hal_rcc_ex.o
LOAD build/debug/stm32f4xx_hal_tim.o
LOAD build/debug/stm32f4xx_hal_tim_ex.o
LOAD build/debug/stm32f4xx_hal_uart.o
LOAD build/debug/stm32f4xx_it.o
LOAD build/debug/syscalls.o
LOAD build/debug/sysmem.o
LOAD build/debug/system_stm32f4xx.o
LOAD build/debug/startup_stm32f446xx.o
LOAD c:/Users/P Ngubo/AppData/Roaming/Code/User/globalStorage/bmd.stm32-for-vscode/@xpack-dev-tools/arm-none-eabi-gcc/14.2.1-1.1.1/.content/bin/../lib/gcc/arm-none-eabi/14.2.1/../../../../arm-none-eabi/lib/thumb/v7e-m+fp/hard\libc_nano.a
LOAD c:/Users/P Ngubo/AppData/Roaming/Code/User/globalStorage/bmd.stm32-for-vscode/@xpack-dev-tools/arm-none-eabi-gcc/14.2.1-1.1.1/.content/bin/../lib/gcc/arm-none-eabi/14.2.1/../../../../arm-none-eabi/lib/thumb/v7e-m+fp/hard\libm.a
LOAD c:/Users/P Ngubo/AppData/Roaming/Code/User/globalStorage/bmd.stm32-for-vscode/@xpack-dev-tools/arm-none-eabi-gcc/14.2.1-1.1.1/.content/bin/../lib/gcc/arm-none-eabi/14.2.1/../../../../arm-none-eabi/lib/thumb/v7e-m+fp/hard\libnosys.a
START GROUP
LOAD c:/Users/P Ngubo/AppData/Roaming/Code/User/globalStorage/bmd.stm32-for-vscode/@xpack-dev-tools/arm-none-eabi-gcc/14.2.1-1.1.1/.content/bin/../lib/gcc/arm-none-eabi/14.2.1/thumb/v7e-m+fp/hard\libgcc.a
LOAD c:/Users/P Ngubo/AppData/Roaming/Code/User/globalStorage/bmd.stm32-for-vscode/@xpack-dev-tools/arm-none-eabi-gcc/14.2.1-1.1.1/.content/bin/../lib/gcc/arm-none-eabi/14.2.1/../../../../arm-none-eabi/lib/thumb/v7e-m+fp/hard\libc_nano.a
END GROUP
START GROUP
LOAD c:/Users/P Ngubo/AppData/Roaming/Code/User/globalStorage/bmd.stm32-for-vscode/@xpack-dev-tools/arm-none-eabi-gcc/14.2.1-1.1.1/.content/bin/../lib/gcc/arm-none-eabi/14.2.1/thumb/v7e-m+fp/hard\libgcc.a
LOAD c:/Users/P Ngubo/AppData/Roaming/Code/User/globalStorage/bmd.stm32-for-vscode/@xpack-dev-tools/arm-none-eabi-gcc/14.2.1-1.1.1/.content/bin/../lib/gcc/arm-none-eabi/14.2.1/../../../../arm-none-eabi/lib/thumb/v7e-m+fp/hard\libc_nano.a
END GROUP
LOAD c:/Users/P Ngubo/AppData/Roaming/Code/User/globalStorage/bmd.stm32-for-vscode/@xpack-dev-tools/arm-none-eabi-gcc/14.2.1-1.1.1/.content/bin/../lib/gcc/arm-none-eabi/14.2.1/thumb/v7e-m+fp/hard/crtend.o
LOAD c:/Users/P Ngubo/AppData/Roaming/Code/User/globalStorage/bmd.stm32-for-vscode/@xpack-dev-tools/arm-none-eabi-gcc/14.2.1-1.1.1/.content/bin/../lib/gcc/arm-none-eabi/14.2.1/thumb/v7e-m+fp/hard/crtn.o
                0x20020000                        _estack = (ORIGIN (RAM) + LENGTH (RAM))
                0x00000200                        _Min_Heap_Size = 0x200
                0x00000400                        _Min_Stack_Size = 0x400

.isr_vector     0x08000000      0x1c4
                0x08000000                        . = ALIGN (0x4)
 *(.isr_vector)
 .isr_vector    0x08000000      0x1c4 build/debug/startup_stm32f446xx.o
                0x08000000                g_pfnVectors
                0x080001c4                        . = ALIGN (0x4)

.text           0x080001d0     0x2598
                0x080001d0                        . = ALIGN (0x4)
 *(.text)
 .text          0x080001d0       0x10 c:/Users/P Ngubo/AppData/Roaming/Code/User/globalStorage/bmd.stm32-for-vscode/@xpack-dev-tools/arm-none-eabi-gcc/14.2.1-1.1.1/.content/bin/../lib/gcc/arm-none-eabi/14.2.1/../../../../arm-none-eabi/lib/thumb/v7e-m+fp/hard\libc_nano.a(libc_a-strlen.o)
                0x080001d0                strlen
 .text          0x080001e0       0xa0 c:/Users/P Ngubo/AppData/Roaming/Code/User/globalStorage/bmd.stm32-for-vscode/@xpack-dev-tools/arm-none-eabi-gcc/14.2.1-1.1.1/.content/bin/../lib/gcc/arm-none-eabi/14.2.1/../../../../arm-none-eabi/lib/thumb/v7e-m+fp/hard\libc_nano.a(libc_a-memchr.o)
                0x080001e0                memchr
 .text          0x08000280       0x30 c:/Users/P Ngubo/AppData/Roaming/Code/User/globalStorage/bmd.stm32-for-vscode/@xpack-dev-tools/arm-none-eabi-gcc/14.2.1-1.1.1/.content/bin/../lib/gcc/arm-none-eabi/14.2.1/thumb/v7e-m+fp/hard\libgcc.a(_aeabi_uldivmod.o)
                0x08000280                __aeabi_uldivmod
 .text          0x080002b0        0x4 c:/Users/P Ngubo/AppData/Roaming/Code/User/globalStorage/bmd.stm32-for-vscode/@xpack-dev-tools/arm-none-eabi-gcc/14.2.1-1.1.1/.content/bin/../lib/gcc/arm-none-eabi/14.2.1/thumb/v7e-m+fp/hard\libgcc.a(_dvmd_tls.o)
                0x080002b0                __aeabi_idiv0
                0x080002b0                __aeabi_ldiv0
 *(.text*)
 .text.__do_global_dtors_aux
                0x080002b4       0x24 c:/Users/P Ngubo/AppData/Roaming/Code/User/globalStorage/bmd.stm32-for-vscode/@xpack-dev-tools/arm-none-eabi-gcc/14.2.1-1.1.1/.content/bin/../lib/gcc/arm-none-eabi/14.2.1/thumb/v7e-m+fp/hard/crtbegin.o
 .text.frame_dummy
                0x080002d8       0x1c c:/Users/P Ngubo/AppData/Roaming/Code/User/globalStorage/bmd.stm32-for-vscode/@xpack-dev-tools/arm-none-eabi-gcc/14.2.1-1.1.1/.content/bin/../lib/gcc/arm-none-eabi/14.2.1/thumb/v7e-m+fp/hard/crtbegin.o
 .text.delay    0x080002f4       0x20 build/debug/lcd_stm32f4.o
                0x080002f4                delay
 .text.pulse_strobe
                0x08000314       0x34 build/debug/lcd_stm32f4.o
                0x08000314                pulse_strobe
 .text.lcd_command
                0x08000348      0x110 build/debug/lcd_stm32f4.o
                0x08000348                lcd_command
 .text.init_LCD
                0x08000458       0x70 build/debug/lcd_stm32f4.o
                0x08000458                init_LCD
 .text.MX_GPIO_Init
                0x080004c8      0x15c build/debug/main.o
 .text.MX_DMA_Init
                0x08000624       0x34 build/debug/main.o
 .text.EXTI0_IRQHandler
                0x08000658        0xa build/debug/main.o
                0x08000658                EXTI0_IRQHandler
 .text.EXTI1_IRQHandler
                0x08000662        0xa build/debug/main.o
                0x08000662                EXTI1_IRQHandler
 .text.EXTI2_IRQHandler
                0x0800066c        0xa build/debug/main.o
                0x0800066c                EXTI2_IRQHandler
 .text.EXTI3_IRQHandler
                0x08000676        0xa build/debug/main.o
                0x08000676                EXTI3_IRQHandler
 .text.HAL_GPIO_EXTI_Callback
                0x08000680      0x110 build/debug/main.o
                0x08000680                HAL_GPIO_EXTI_Callback
 .text.ADC1_Start
                0x08000790       0x18 build/debug/main.o
                0x08000790                ADC1_Start
 .text.ADC_IRQHandler
                0x080007a8       0x4c build/debug/main.o
                0x080007a8                ADC_IRQHandler
 .text.ADC1_Init
                0x080007f4       0x5c build/debug/main.o
                0x080007f4                ADC1_Init
 .text.Error_Handler
                0x08000850        0x4 build/debug/main.o
                0x08000850                Error_Handler
 .text.UART1_Init
                0x08000854       0x8c build/debug/main.o
 .text.SystemClock_Config
                0x080008e0       0x8c build/debug/main.o
                0x080008e0                SystemClock_Config
 .text.main     0x0800096c       0xd8 build/debug/main.o
                0x0800096c                main
 .text.HAL_InitTick
                0x08000a44       0x4c build/debug/stm32f4xx_hal.o
                0x08000a44                HAL_InitTick
 .text.HAL_Init
                0x08000a90       0x34 build/debug/stm32f4xx_hal.o
                0x08000a90                HAL_Init
 .text.HAL_IncTick
                0x08000ac4       0x18 build/debug/stm32f4xx_hal.o
                0x08000ac4                HAL_IncTick
 .text.HAL_GetTick
                0x08000adc        0xc build/debug/stm32f4xx_hal.o
                0x08000adc                HAL_GetTick
 .text.__NVIC_EnableIRQ
                0x08000ae8       0x1c build/debug/stm32f4xx_hal_cortex.o
 .text.__NVIC_SetPriority
                0x08000b04       0x28 build/debug/stm32f4xx_hal_cortex.o
 .text.NVIC_EncodePriority
                0x08000b2c       0x3e build/debug/stm32f4xx_hal_cortex.o
 *fill*         0x08000b6a        0x2 
 .text.HAL_NVIC_SetPriorityGrouping
                0x08000b6c       0x24 build/debug/stm32f4xx_hal_cortex.o
                0x08000b6c                HAL_NVIC_SetPriorityGrouping
 .text.HAL_NVIC_SetPriority
                0x08000b90       0x20 build/debug/stm32f4xx_hal_cortex.o
                0x08000b90                HAL_NVIC_SetPriority
 .text.HAL_NVIC_EnableIRQ
                0x08000bb0        0x8 build/debug/stm32f4xx_hal_cortex.o
                0x08000bb0                HAL_NVIC_EnableIRQ
 .text.HAL_SYSTICK_Config
                0x08000bb8       0x28 build/debug/stm32f4xx_hal_cortex.o
                0x08000bb8                HAL_SYSTICK_Config
 .text.HAL_DMA_IRQHandler
                0x08000be0      0x1dc build/debug/stm32f4xx_hal_dma.o
                0x08000be0                HAL_DMA_IRQHandler
 .text.HAL_GPIO_Init
                0x08000dbc      0x1e0 build/debug/stm32f4xx_hal_gpio.o
                0x08000dbc                HAL_GPIO_Init
 .text.HAL_GPIO_WritePin
                0x08000f9c        0xc build/debug/stm32f4xx_hal_gpio.o
                0x08000f9c                HAL_GPIO_WritePin
 .text.HAL_GPIO_EXTI_IRQHandler
                0x08000fa8       0x1c build/debug/stm32f4xx_hal_gpio.o
                0x08000fa8                HAL_GPIO_EXTI_IRQHandler
 .text.HAL_MspInit
                0x08000fc4       0x38 build/debug/stm32f4xx_hal_msp.o
                0x08000fc4                HAL_MspInit
 .text.HAL_RCC_ClockConfig
                0x08000ffc      0x160 build/debug/stm32f4xx_hal_rcc.o
                0x08000ffc                HAL_RCC_ClockConfig
 .text.HAL_RCC_GetHCLKFreq
                0x0800115c        0xc build/debug/stm32f4xx_hal_rcc.o
                0x0800115c                HAL_RCC_GetHCLKFreq
 .text.HAL_RCC_GetPCLK1Freq
                0x08001168       0x20 build/debug/stm32f4xx_hal_rcc.o
                0x08001168                HAL_RCC_GetPCLK1Freq
 .text.HAL_RCC_GetPCLK2Freq
                0x08001188       0x20 build/debug/stm32f4xx_hal_rcc.o
                0x08001188                HAL_RCC_GetPCLK2Freq
 .text.HAL_RCC_GetSysClockFreq
                0x080011a8      0x128 build/debug/stm32f4xx_hal_rcc_ex.o
                0x080011a8                HAL_RCC_GetSysClockFreq
 .text.HAL_RCC_OscConfig
                0x080012d0      0x444 build/debug/stm32f4xx_hal_rcc_ex.o
                0x080012d0                HAL_RCC_OscConfig
 .text.UART_EndRxTransfer
                0x08001714       0x5c build/debug/stm32f4xx_hal_uart.o
 .text.UART_SetConfig
                0x08001770      0x110 build/debug/stm32f4xx_hal_uart.o
 .text.UART_WaitOnFlagUntilTimeout
                0x08001880       0x86 build/debug/stm32f4xx_hal_uart.o
 .text.HAL_UART_MspInit
                0x08001906        0x2 build/debug/stm32f4xx_hal_uart.o
                0x08001906                HAL_UART_MspInit
 .text.HAL_UART_Init
                0x08001908       0x60 build/debug/stm32f4xx_hal_uart.o
                0x08001908                HAL_UART_Init
 .text.HAL_UART_Transmit
                0x08001968       0xca build/debug/stm32f4xx_hal_uart.o
                0x08001968                HAL_UART_Transmit
 .text.NMI_Handler
                0x08001a32        0x2 build/debug/stm32f4xx_it.o
                0x08001a32                NMI_Handler
 .text.HardFault_Handler
                0x08001a34        0x2 build/debug/stm32f4xx_it.o
                0x08001a34                HardFault_Handler
 .text.MemManage_Handler
                0x08001a36        0x2 build/debug/stm32f4xx_it.o
                0x08001a36                MemManage_Handler
 .text.BusFault_Handler
                0x08001a38        0x2 build/debug/stm32f4xx_it.o
                0x08001a38                BusFault_Handler
 .text.UsageFault_Handler
                0x08001a3a        0x2 build/debug/stm32f4xx_it.o
                0x08001a3a                UsageFault_Handler
 .text.SVC_Handler
                0x08001a3c        0x2 build/debug/stm32f4xx_it.o
                0x08001a3c                SVC_Handler
 .text.DebugMon_Handler
                0x08001a3e        0x2 build/debug/stm32f4xx_it.o
                0x08001a3e                DebugMon_Handler
 .text.PendSV_Handler
                0x08001a40        0x2 build/debug/stm32f4xx_it.o
                0x08001a40                PendSV_Handler
 .text.SysTick_Handler
                0x08001a42        0x8 build/debug/stm32f4xx_it.o
                0x08001a42                SysTick_Handler
 *fill*         0x08001a4a        0x2 
 .text.DMA1_Stream5_IRQHandler
                0x08001a4c       0x10 build/debug/stm32f4xx_it.o
                0x08001a4c                DMA1_Stream5_IRQHandler
 .text._sbrk    0x08001a5c       0x48 build/debug/sysmem.o
                0x08001a5c                _sbrk
 .text.SystemInit
                0x08001aa4       0x14 build/debug/system_stm32f4xx.o
                0x08001aa4                SystemInit
 .text.Reset_Handler
                0x08001ab8       0x50 build/debug/startup_stm32f446xx.o
                0x08001ab8                Reset_Handler
 .text.Default_Handler
                0x08001b08        0x2 build/debug/startup_stm32f446xx.o
                0x08001b08                RTC_Alarm_IRQHandler
                0x08001b08                TIM8_CC_IRQHandler
                0x08001b08                FMPI2C1_EV_IRQHandler
                0x08001b08                SPI4_IRQHandler
                0x08001b08                TIM1_CC_IRQHandler
                0x08001b08                DMA2_Stream5_IRQHandler
                0x08001b08                PVD_IRQHandler
                0x08001b08                SDIO_IRQHandler
                0x08001b08                TAMP_STAMP_IRQHandler
                0x08001b08                CAN2_RX1_IRQHandler
                0x08001b08                TIM8_TRG_COM_TIM14_IRQHandler
                0x08001b08                TIM1_UP_TIM10_IRQHandler
                0x08001b08                TIM8_UP_TIM13_IRQHandler
                0x08001b08                I2C3_ER_IRQHandler
                0x08001b08                I2C2_EV_IRQHandler
                0x08001b08                DMA1_Stream2_IRQHandler
                0x08001b08                CAN1_RX0_IRQHandler
                0x08001b08                FPU_IRQHandler
                0x08001b08                OTG_HS_WKUP_IRQHandler
                0x08001b08                CAN2_SCE_IRQHandler
                0x08001b08                DMA2_Stream2_IRQHandler
                0x08001b08                SPI1_IRQHandler
                0x08001b08                TIM6_DAC_IRQHandler
                0x08001b08                TIM1_BRK_TIM9_IRQHandler
                0x08001b08                DCMI_IRQHandler
                0x08001b08                CAN2_RX0_IRQHandler
                0x08001b08                DMA2_Stream3_IRQHandler
                0x08001b08                SAI2_IRQHandler
                0x08001b08                USART6_IRQHandler
                0x08001b08                USART3_IRQHandler
                0x08001b08                CAN1_RX1_IRQHandler
                0x08001b08                UART5_IRQHandler
                0x08001b08                DMA2_Stream0_IRQHandler
                0x08001b08                TIM4_IRQHandler
                0x08001b08                QUADSPI_IRQHandler
                0x08001b08                I2C1_EV_IRQHandler
                0x08001b08                DMA1_Stream6_IRQHandler
                0x08001b08                DMA1_Stream1_IRQHandler
                0x08001b08                UART4_IRQHandler
                0x08001b08                TIM3_IRQHandler
                0x08001b08                RCC_IRQHandler
                0x08001b08                TIM8_BRK_TIM12_IRQHandler
                0x08001b08                Default_Handler
                0x08001b08                CEC_IRQHandler
                0x08001b08                EXTI15_10_IRQHandler
                0x08001b08                DMA1_Stream7_IRQHandler
                0x08001b08                TIM7_IRQHandler
                0x08001b08                CAN2_TX_IRQHandler
                0x08001b08                TIM5_IRQHandler
                0x08001b08                DMA2_Stream7_IRQHandler
                0x08001b08                I2C3_EV_IRQHandler
                0x08001b08                EXTI9_5_IRQHandler
                0x08001b08                RTC_WKUP_IRQHandler
                0x08001b08                SPDIF_RX_IRQHandler
                0x08001b08                SPI2_IRQHandler
                0x08001b08                OTG_HS_EP1_IN_IRQHandler
                0x08001b08                DMA1_Stream0_IRQHandler
                0x08001b08                CAN1_TX_IRQHandler
                0x08001b08                FMPI2C1_ER_IRQHandler
                0x08001b08                EXTI4_IRQHandler
                0x08001b08                OTG_HS_EP1_OUT_IRQHandler
                0x08001b08                WWDG_IRQHandler
                0x08001b08                TIM2_IRQHandler
                0x08001b08                OTG_FS_WKUP_IRQHandler
                0x08001b08                TIM1_TRG_COM_TIM11_IRQHandler
                0x08001b08                OTG_HS_IRQHandler
                0x08001b08                USART2_IRQHandler
                0x08001b08                I2C2_ER_IRQHandler
                0x08001b08                DMA2_Stream1_IRQHandler
                0x08001b08                CAN1_SCE_IRQHandler
                0x08001b08                FLASH_IRQHandler
                0x08001b08                DMA2_Stream4_IRQHandler
                0x08001b08                USART1_IRQHandler
                0x08001b08                OTG_FS_IRQHandler
                0x08001b08                SPI3_IRQHandler
                0x08001b08                DMA1_Stream4_IRQHandler
                0x08001b08                I2C1_ER_IRQHandler
                0x08001b08                FMC_IRQHandler
                0x08001b08                DMA2_Stream6_IRQHandler
                0x08001b08                SAI1_IRQHandler
                0x08001b08                DMA1_Stream3_IRQHandler
 *fill*         0x08001b0a        0x2 
 .text.sprintf  0x08001b0c       0x44 c:/Users/P Ngubo/AppData/Roaming/Code/User/globalStorage/bmd.stm32-for-vscode/@xpack-dev-tools/arm-none-eabi-gcc/14.2.1-1.1.1/.content/bin/../lib/gcc/arm-none-eabi/14.2.1/../../../../arm-none-eabi/lib/thumb/v7e-m+fp/hard\libc_nano.a(libc_a-sprintf.o)
                0x08001b0c                siprintf
                0x08001b0c                sprintf
 .text.memset   0x08001b50       0x10 c:/Users/P Ngubo/AppData/Roaming/Code/User/globalStorage/bmd.stm32-for-vscode/@xpack-dev-tools/arm-none-eabi-gcc/14.2.1-1.1.1/.content/bin/../lib/gcc/arm-none-eabi/14.2.1/../../../../arm-none-eabi/lib/thumb/v7e-m+fp/hard\libc_nano.a(libc_a-memset.o)
                0x08001b50                memset
 .text.__errno  0x08001b60        0xc c:/Users/P Ngubo/AppData/Roaming/Code/User/globalStorage/bmd.stm32-for-vscode/@xpack-dev-tools/arm-none-eabi-gcc/14.2.1-1.1.1/.content/bin/../lib/gcc/arm-none-eabi/14.2.1/../../../../arm-none-eabi/lib/thumb/v7e-m+fp/hard\libc_nano.a(libc_a-errno.o)
                0x08001b60                __errno
 .text.__libc_init_array
                0x08001b6c       0x48 c:/Users/P Ngubo/AppData/Roaming/Code/User/globalStorage/bmd.stm32-for-vscode/@xpack-dev-tools/arm-none-eabi-gcc/14.2.1-1.1.1/.content/bin/../lib/gcc/arm-none-eabi/14.2.1/../../../../arm-none-eabi/lib/thumb/v7e-m+fp/hard\libc_nano.a(libc_a-init.o)
                0x08001b6c                __libc_init_array
 .text.__retarget_lock_acquire_recursive
                0x08001bb4        0x2 c:/Users/P Ngubo/AppData/Roaming/Code/User/globalStorage/bmd.stm32-for-vscode/@xpack-dev-tools/arm-none-eabi-gcc/14.2.1-1.1.1/.content/bin/../lib/gcc/arm-none-eabi/14.2.1/../../../../arm-none-eabi/lib/thumb/v7e-m+fp/hard\libc_nano.a(libc_a-lock.o)
                0x08001bb4                __retarget_lock_acquire_recursive
 .text.__retarget_lock_release_recursive
                0x08001bb6        0x2 c:/Users/P Ngubo/AppData/Roaming/Code/User/globalStorage/bmd.stm32-for-vscode/@xpack-dev-tools/arm-none-eabi-gcc/14.2.1-1.1.1/.content/bin/../lib/gcc/arm-none-eabi/14.2.1/../../../../arm-none-eabi/lib/thumb/v7e-m+fp/hard\libc_nano.a(libc_a-lock.o)
                0x08001bb6                __retarget_lock_release_recursive
 .text._free_r  0x08001bb8       0x94 c:/Users/P Ngubo/AppData/Roaming/Code/User/globalStorage/bmd.stm32-for-vscode/@xpack-dev-tools/arm-none-eabi-gcc/14.2.1-1.1.1/.content/bin/../lib/gcc/arm-none-eabi/14.2.1/../../../../arm-none-eabi/lib/thumb/v7e-m+fp/hard\libc_nano.a(libc_a-freer.o)
                0x08001bb8                _free_r
 .text.sbrk_aligned
                0x08001c4c       0x44 c:/Users/P Ngubo/AppData/Roaming/Code/User/globalStorage/bmd.stm32-for-vscode/@xpack-dev-tools/arm-none-eabi-gcc/14.2.1-1.1.1/.content/bin/../lib/gcc/arm-none-eabi/14.2.1/../../../../arm-none-eabi/lib/thumb/v7e-m+fp/hard\libc_nano.a(libc_a-mallocr.o)
 .text._malloc_r
                0x08001c90      0x100 c:/Users/P Ngubo/AppData/Roaming/Code/User/globalStorage/bmd.stm32-for-vscode/@xpack-dev-tools/arm-none-eabi-gcc/14.2.1-1.1.1/.content/bin/../lib/gcc/arm-none-eabi/14.2.1/../../../../arm-none-eabi/lib/thumb/v7e-m+fp/hard\libc_nano.a(libc_a-mallocr.o)
                0x08001c90                _malloc_r
 .text.__malloc_lock
                0x08001d90        0xc c:/Users/P Ngubo/AppData/Roaming/Code/User/globalStorage/bmd.stm32-for-vscode/@xpack-dev-tools/arm-none-eabi-gcc/14.2.1-1.1.1/.content/bin/../lib/gcc/arm-none-eabi/14.2.1/../../../../arm-none-eabi/lib/thumb/v7e-m+fp/hard\libc_nano.a(libc_a-mlock.o)
                0x08001d90                __malloc_lock
 .text.__malloc_unlock
                0x08001d9c        0xc c:/Users/P Ngubo/AppData/Roaming/Code/User/globalStorage/bmd.stm32-for-vscode/@xpack-dev-tools/arm-none-eabi-gcc/14.2.1-1.1.1/.content/bin/../lib/gcc/arm-none-eabi/14.2.1/../../../../arm-none-eabi/lib/thumb/v7e-m+fp/hard\libc_nano.a(libc_a-mlock.o)
                0x08001d9c                __malloc_unlock
 .text.__ssputs_r
                0x08001da8       0xc0 c:/Users/P Ngubo/AppData/Roaming/Code/User/globalStorage/bmd.stm32-for-vscode/@xpack-dev-tools/arm-none-eabi-gcc/14.2.1-1.1.1/.content/bin/../lib/gcc/arm-none-eabi/14.2.1/../../../../arm-none-eabi/lib/thumb/v7e-m+fp/hard\libc_nano.a(libc_a-nano-svfprintf.o)
                0x08001da8                __ssputs_r
 .text._svfprintf_r
                0x08001e68      0x1f8 c:/Users/P Ngubo/AppData/Roaming/Code/User/globalStorage/bmd.stm32-for-vscode/@xpack-dev-tools/arm-none-eabi-gcc/14.2.1-1.1.1/.content/bin/../lib/gcc/arm-none-eabi/14.2.1/../../../../arm-none-eabi/lib/thumb/v7e-m+fp/hard\libc_nano.a(libc_a-nano-svfprintf.o)
                0x08001e68                _svfiprintf_r
                0x08001e68                _svfprintf_r
 .text._printf_common
                0x08002060       0xda c:/Users/P Ngubo/AppData/Roaming/Code/User/globalStorage/bmd.stm32-for-vscode/@xpack-dev-tools/arm-none-eabi-gcc/14.2.1-1.1.1/.content/bin/../lib/gcc/arm-none-eabi/14.2.1/../../../../arm-none-eabi/lib/thumb/v7e-m+fp/hard\libc_nano.a(libc_a-nano-vfprintf_i.o)
                0x08002060                _printf_common
 *fill*         0x0800213a        0x2 
 .text._printf_i
                0x0800213c      0x240 c:/Users/P Ngubo/AppData/Roaming/Code/User/globalStorage/bmd.stm32-for-vscode/@xpack-dev-tools/arm-none-eabi-gcc/14.2.1-1.1.1/.content/bin/../lib/gcc/arm-none-eabi/14.2.1/../../../../arm-none-eabi/lib/thumb/v7e-m+fp/hard\libc_nano.a(libc_a-nano-vfprintf_i.o)
                0x0800213c                _printf_i
 .text.memmove  0x0800237c       0x32 c:/Users/P Ngubo/AppData/Roaming/Code/User/globalStorage/bmd.stm32-for-vscode/@xpack-dev-tools/arm-none-eabi-gcc/14.2.1-1.1.1/.content/bin/../lib/gcc/arm-none-eabi/14.2.1/../../../../arm-none-eabi/lib/thumb/v7e-m+fp/hard\libc_nano.a(libc_a-memmove.o)
                0x0800237c                memmove
 *fill*         0x080023ae        0x2 
 .text._sbrk_r  0x080023b0       0x20 c:/Users/P Ngubo/AppData/Roaming/Code/User/globalStorage/bmd.stm32-for-vscode/@xpack-dev-tools/arm-none-eabi-gcc/14.2.1-1.1.1/.content/bin/../lib/gcc/arm-none-eabi/14.2.1/../../../../arm-none-eabi/lib/thumb/v7e-m+fp/hard\libc_nano.a(libc_a-sbrkr.o)
                0x080023b0                _sbrk_r
 .text.memcpy   0x080023d0       0x1c c:/Users/P Ngubo/AppData/Roaming/Code/User/globalStorage/bmd.stm32-for-vscode/@xpack-dev-tools/arm-none-eabi-gcc/14.2.1-1.1.1/.content/bin/../lib/gcc/arm-none-eabi/14.2.1/../../../../arm-none-eabi/lib/thumb/v7e-m+fp/hard\libc_nano.a(libc_a-memcpy-stub.o)
                0x080023d0                memcpy
 .text._realloc_r
                0x080023ec       0x5c c:/Users/P Ngubo/AppData/Roaming/Code/User/globalStorage/bmd.stm32-for-vscode/@xpack-dev-tools/arm-none-eabi-gcc/14.2.1-1.1.1/.content/bin/../lib/gcc/arm-none-eabi/14.2.1/../../../../arm-none-eabi/lib/thumb/v7e-m+fp/hard\libc_nano.a(libc_a-reallocr.o)
                0x080023ec                _realloc_r
 .text._malloc_usable_size_r
                0x08002448       0x10 c:/Users/P Ngubo/AppData/Roaming/Code/User/globalStorage/bmd.stm32-for-vscode/@xpack-dev-tools/arm-none-eabi-gcc/14.2.1-1.1.1/.content/bin/../lib/gcc/arm-none-eabi/14.2.1/../../../../arm-none-eabi/lib/thumb/v7e-m+fp/hard\libc_nano.a(libc_a-msizer.o)
                0x08002448                _malloc_usable_size_r
 .text.__udivmoddi4
                0x08002458      0x2f8 c:/Users/P Ngubo/AppData/Roaming/Code/User/globalStorage/bmd.stm32-for-vscode/@xpack-dev-tools/arm-none-eabi-gcc/14.2.1-1.1.1/.content/bin/../lib/gcc/arm-none-eabi/14.2.1/thumb/v7e-m+fp/hard\libgcc.a(_udivmoddi4.o)
                0x08002458                __udivmoddi4
 *(.glue_7)
 .glue_7        0x08002750        0x0 linker stubs
 *(.glue_7t)
 .glue_7t       0x08002750        0x0 linker stubs
 *(.eh_frame)
 .eh_frame      0x08002750        0x0 c:/Users/P Ngubo/AppData/Roaming/Code/User/globalStorage/bmd.stm32-for-vscode/@xpack-dev-tools/arm-none-eabi-gcc/14.2.1-1.1.1/.content/bin/../lib/gcc/arm-none-eabi/14.2.1/thumb/v7e-m+fp/hard/crtbegin.o
 *(.init)
 .init          0x08002750        0x4 c:/Users/P Ngubo/AppData/Roaming/Code/User/globalStorage/bmd.stm32-for-vscode/@xpack-dev-tools/arm-none-eabi-gcc/14.2.1-1.1.1/.content/bin/../lib/gcc/arm-none-eabi/14.2.1/thumb/v7e-m+fp/hard/crti.o
                0x08002750                _init
 .init          0x08002754        0x8 c:/Users/P Ngubo/AppData/Roaming/Code/User/globalStorage/bmd.stm32-for-vscode/@xpack-dev-tools/arm-none-eabi-gcc/14.2.1-1.1.1/.content/bin/../lib/gcc/arm-none-eabi/14.2.1/thumb/v7e-m+fp/hard/crtn.o
 *(.fini)
 .fini          0x0800275c        0x4 c:/Users/P Ngubo/AppData/Roaming/Code/User/globalStorage/bmd.stm32-for-vscode/@xpack-dev-tools/arm-none-eabi-gcc/14.2.1-1.1.1/.content/bin/../lib/gcc/arm-none-eabi/14.2.1/thumb/v7e-m+fp/hard/crti.o
                0x0800275c                _fini
 .fini          0x08002760        0x8 c:/Users/P Ngubo/AppData/Roaming/Code/User/globalStorage/bmd.stm32-for-vscode/@xpack-dev-tools/arm-none-eabi-gcc/14.2.1-1.1.1/.content/bin/../lib/gcc/arm-none-eabi/14.2.1/thumb/v7e-m+fp/hard/crtn.o
                0x08002768                        . = ALIGN (0x4)
                0x08002768                        _etext = .

.vfp11_veneer   0x08002768        0x0
 .vfp11_veneer  0x08002768        0x0 linker stubs

.v4_bx          0x08002768        0x0
 .v4_bx         0x08002768        0x0 linker stubs

.iplt           0x08002768        0x0
 .iplt          0x08002768        0x0 c:/Users/P Ngubo/AppData/Roaming/Code/User/globalStorage/bmd.stm32-for-vscode/@xpack-dev-tools/arm-none-eabi-gcc/14.2.1-1.1.1/.content/bin/../lib/gcc/arm-none-eabi/14.2.1/thumb/v7e-m+fp/hard/crtbegin.o

.rodata         0x08002768       0x84
                0x08002768                        . = ALIGN (0x4)
 *(.rodata)
 *(.rodata*)
 .rodata.HAL_GPIO_EXTI_Callback.str1.4
                0x08002768       0x37 build/debug/main.o
                                 0x1f (size before relaxing)
 .rodata.main.str1.4
                0x0800279f       0x17 build/debug/main.o
 *fill*         0x0800279f        0x1 
 .rodata.APBPrescTable
                0x080027a0        0x8 build/debug/system_stm32f4xx.o
                0x080027a0                APBPrescTable
 .rodata.AHBPrescTable
                0x080027a8       0x10 build/debug/system_stm32f4xx.o
                0x080027a8                AHBPrescTable
 .rodata._svfprintf_r.str1.1
                0x080027b8       0x33 c:/Users/P Ngubo/AppData/Roaming/Code/User/globalStorage/bmd.stm32-for-vscode/@xpack-dev-tools/arm-none-eabi-gcc/14.2.1-1.1.1/.content/bin/../lib/gcc/arm-none-eabi/14.2.1/../../../../arm-none-eabi/lib/thumb/v7e-m+fp/hard\libc_nano.a(libc_a-nano-svfprintf.o)
                                 0x11 (size before relaxing)
 .rodata._printf_i.str1.1
                0x080027eb       0x22 c:/Users/P Ngubo/AppData/Roaming/Code/User/globalStorage/bmd.stm32-for-vscode/@xpack-dev-tools/arm-none-eabi-gcc/14.2.1-1.1.1/.content/bin/../lib/gcc/arm-none-eabi/14.2.1/../../../../arm-none-eabi/lib/thumb/v7e-m+fp/hard\libc_nano.a(libc_a-nano-vfprintf_i.o)
                0x08002810                        . = ALIGN (0x4)
 *fill*         0x080027eb        0x1 

.ARM.extab      0x080027ec        0x0
                0x080027ec                        . = ALIGN (0x4)
 *(.ARM.extab* .gnu.linkonce.armextab.*)
                0x080027ec                        . = ALIGN (0x4)

.ARM            0x080027ec        0x8
                0x080027ec                        . = ALIGN (0x4)
                0x080027ec                        __exidx_start = .
 *(.ARM.exidx*)
 .ARM.exidx     0x080027ec        0x8 c:/Users/P Ngubo/AppData/Roaming/Code/User/globalStorage/bmd.stm32-for-vscode/@xpack-dev-tools/arm-none-eabi-gcc/14.2.1-1.1.1/.content/bin/../lib/gcc/arm-none-eabi/14.2.1/../../../../arm-none-eabi/lib/thumb/v7e-m+fp/hard\libc_nano.a(libc_a-strlen.o)
 .ARM.exidx     0x080027f4        0x0 c:/Users/P Ngubo/AppData/Roaming/Code/User/globalStorage/bmd.stm32-for-vscode/@xpack-dev-tools/arm-none-eabi-gcc/14.2.1-1.1.1/.content/bin/../lib/gcc/arm-none-eabi/14.2.1/../../../../arm-none-eabi/lib/thumb/v7e-m+fp/hard\libc_nano.a(libc_a-memchr.o)
                                  0x8 (size before relaxing)
 .ARM.exidx.text.__udivmoddi4
                0x080027f4        0x0 c:/Users/P Ngubo/AppData/Roaming/Code/User/globalStorage/bmd.stm32-for-vscode/@xpack-dev-tools/arm-none-eabi-gcc/14.2.1-1.1.1/.content/bin/../lib/gcc/arm-none-eabi/14.2.1/thumb/v7e-m+fp/hard\libgcc.a(_udivmoddi4.o)
                                  0x8 (size before relaxing)
                0x080027f4                        __exidx_end = .
                0x080027f4                        . = ALIGN (0x4)

.preinit_array  0x080027f4        0x0
                0x080027f4                        . = ALIGN (0x4)
                0x080027f4                        PROVIDE (__preinit_array_start = .)
 *(.preinit_array*)
                0x080027f4                        PROVIDE (__preinit_array_end = .)
                0x080027f4                        . = ALIGN (0x4)

.init_array     0x080027f4        0x4
                0x080027f4                        . = ALIGN (0x4)
                0x080027f4                        PROVIDE (__init_array_start = .)
 *(SORT_BY_NAME(.init_array.*))
 *(.init_array*)
 .init_array    0x080027f4        0x4 c:/Users/P Ngubo/AppData/Roaming/Code/User/globalStorage/bmd.stm32-for-vscode/@xpack-dev-tools/arm-none-eabi-gcc/14.2.1-1.1.1/.content/bin/../lib/gcc/arm-none-eabi/14.2.1/thumb/v7e-m+fp/hard/crtbegin.o
                0x080027f8                        PROVIDE (__init_array_end = .)
                0x080027f8                        . = ALIGN (0x4)

.fini_array     0x080027f8        0x4
                0x080027f8                        . = ALIGN (0x4)
                0x080027f8                        PROVIDE (__fini_array_start = .)
 *(SORT_BY_NAME(.fini_array.*))
 *(.fini_array*)
 .fini_array    0x080027f8        0x4 c:/Users/P Ngubo/AppData/Roaming/Code/User/globalStorage/bmd.stm32-for-vscode/@xpack-dev-tools/arm-none-eabi-gcc/14.2.1-1.1.1/.content/bin/../lib/gcc/arm-none-eabi/14.2.1/thumb/v7e-m+fp/hard/crtbegin.o
                0x080027fc                        PROVIDE (__fini_array_end = .)
                0x080027fc                        . = ALIGN (0x4)
                0x080027fc                        _sidata = LOADADDR (.data)

.rel.dyn        0x080027fc        0x0
 .rel.iplt      0x080027fc        0x0 c:/Users/P Ngubo/AppData/Roaming/Code/User/globalStorage/bmd.stm32-for-vscode/@xpack-dev-tools/arm-none-eabi-gcc/14.2.1-1.1.1/.content/bin/../lib/gcc/arm-none-eabi/14.2.1/thumb/v7e-m+fp/hard/crtbegin.o

.data           0x20000000       0x5c load address 0x080027fc
                0x20000000                        . = ALIGN (0x4)
                0x20000000                        _sdata = .
 *(.data)
 *(.data*)
 .data.current_channel.0
                0x20000000        0x1 build/debug/main.o
 .data.uwTickFreq
                0x20000001        0x1 build/debug/stm32f4xx_hal.o
                0x20000001                uwTickFreq
 *fill*         0x20000002        0x2 
 .data.uwTickPrio
                0x20000004        0x4 build/debug/stm32f4xx_hal.o
                0x20000004                uwTickPrio
 .data.SystemCoreClock
                0x20000008        0x4 build/debug/system_stm32f4xx.o
                0x20000008                SystemCoreClock
 .data._impure_ptr
                0x2000000c        0x4 c:/Users/P Ngubo/AppData/Roaming/Code/User/globalStorage/bmd.stm32-for-vscode/@xpack-dev-tools/arm-none-eabi-gcc/14.2.1-1.1.1/.content/bin/../lib/gcc/arm-none-eabi/14.2.1/../../../../arm-none-eabi/lib/thumb/v7e-m+fp/hard\libc_nano.a(libc_a-impure.o)
                0x2000000c                _impure_ptr
 .data._impure_data
                0x20000010       0x4c c:/Users/P Ngubo/AppData/Roaming/Code/User/globalStorage/bmd.stm32-for-vscode/@xpack-dev-tools/arm-none-eabi-gcc/14.2.1-1.1.1/.content/bin/../lib/gcc/arm-none-eabi/14.2.1/../../../../arm-none-eabi/lib/thumb/v7e-m+fp/hard\libc_nano.a(libc_a-impure.o)
                0x20000010                _impure_data
 *(.RamFunc)
 *(.RamFunc*)
                0x2000005c                        . = ALIGN (0x4)
                0x2000005c                        _edata = .

.igot.plt       0x2000005c        0x0 load address 0x08002858
 .igot.plt      0x2000005c        0x0 c:/Users/P Ngubo/AppData/Roaming/Code/User/globalStorage/bmd.stm32-for-vscode/@xpack-dev-tools/arm-none-eabi-gcc/14.2.1-1.1.1/.content/bin/../lib/gcc/arm-none-eabi/14.2.1/thumb/v7e-m+fp/hard/crtbegin.o
                0x2000005c                        . = ALIGN (0x4)

.bss            0x2000005c      0x22c load address 0x08002858
                0x2000005c                        _sbss = .
                0x2000005c                        __bss_start__ = _sbss
 *(.bss)
 *(.bss*)
 .bss.completed.1
                0x2000005c        0x1 c:/Users/P Ngubo/AppData/Roaming/Code/User/globalStorage/bmd.stm32-for-vscode/@xpack-dev-tools/arm-none-eabi-gcc/14.2.1-1.1.1/.content/bin/../lib/gcc/arm-none-eabi/14.2.1/thumb/v7e-m+fp/hard/crtbegin.o
 *fill*         0x2000005d        0x3 
 .bss.object.0  0x20000060       0x18 c:/Users/P Ngubo/AppData/Roaming/Code/User/globalStorage/bmd.stm32-for-vscode/@xpack-dev-tools/arm-none-eabi-gcc/14.2.1-1.1.1/.content/bin/../lib/gcc/arm-none-eabi/14.2.1/thumb/v7e-m+fp/hard/crtbegin.o
 .bss.lastInterruptTime
                0x20000078       0x10 build/debug/main.o
                0x20000078                lastInterruptTime
 .bss.old_pot1_value
                0x20000088        0x2 build/debug/main.o
                0x20000088                old_pot1_value
 .bss.old_pot0_value
                0x2000008a        0x2 build/debug/main.o
                0x2000008a                old_pot0_value
 .bss.pot1_value
                0x2000008c        0x2 build/debug/main.o
                0x2000008c                pot1_value
 .bss.pot0_value
                0x2000008e        0x2 build/debug/main.o
                0x2000008e                pot0_value
 .bss.huart1    0x20000090       0x48 build/debug/main.o
                0x20000090                huart1
 .bss.hdma_tim2_ch1
                0x200000d8       0x60 build/debug/main.o
                0x200000d8                hdma_tim2_ch1
 .bss.uwTick    0x20000138        0x4 build/debug/stm32f4xx_hal.o
                0x20000138                uwTick
 .bss.__sbrk_heap_end
                0x2000013c        0x4 build/debug/sysmem.o
 .bss.__sf      0x20000140      0x138 c:/Users/P Ngubo/AppData/Roaming/Code/User/globalStorage/bmd.stm32-for-vscode/@xpack-dev-tools/arm-none-eabi-gcc/14.2.1-1.1.1/.content/bin/../lib/gcc/arm-none-eabi/14.2.1/../../../../arm-none-eabi/lib/thumb/v7e-m+fp/hard\libc_nano.a(libc_a-findfp.o)
                0x20000140                __sf
 .bss.errno     0x20000278        0x4 c:/Users/P Ngubo/AppData/Roaming/Code/User/globalStorage/bmd.stm32-for-vscode/@xpack-dev-tools/arm-none-eabi-gcc/14.2.1-1.1.1/.content/bin/../lib/gcc/arm-none-eabi/14.2.1/../../../../arm-none-eabi/lib/thumb/v7e-m+fp/hard\libc_nano.a(libc_a-reent.o)
                0x20000278                errno
 .bss.__lock___malloc_recursive_mutex
                0x2000027c        0x1 c:/Users/P Ngubo/AppData/Roaming/Code/User/globalStorage/bmd.stm32-for-vscode/@xpack-dev-tools/arm-none-eabi-gcc/14.2.1-1.1.1/.content/bin/../lib/gcc/arm-none-eabi/14.2.1/../../../../arm-none-eabi/lib/thumb/v7e-m+fp/hard\libc_nano.a(libc_a-lock.o)
                0x2000027c                __lock___malloc_recursive_mutex
 *fill*         0x2000027d        0x3 
 .bss.__malloc_sbrk_start
                0x20000280        0x4 c:/Users/P Ngubo/AppData/Roaming/Code/User/globalStorage/bmd.stm32-for-vscode/@xpack-dev-tools/arm-none-eabi-gcc/14.2.1-1.1.1/.content/bin/../lib/gcc/arm-none-eabi/14.2.1/../../../../arm-none-eabi/lib/thumb/v7e-m+fp/hard\libc_nano.a(libc_a-mallocr.o)
                0x20000280                __malloc_sbrk_start
 .bss.__malloc_free_list
                0x20000284        0x4 c:/Users/P Ngubo/AppData/Roaming/Code/User/globalStorage/bmd.stm32-for-vscode/@xpack-dev-tools/arm-none-eabi-gcc/14.2.1-1.1.1/.content/bin/../lib/gcc/arm-none-eabi/14.2.1/../../../../arm-none-eabi/lib/thumb/v7e-m+fp/hard\libc_nano.a(libc_a-mallocr.o)
                0x20000284                __malloc_free_list
 *(COMMON)
                0x20000288                        . = ALIGN (0x4)
                0x20000288                        _ebss = .
                0x20000288                        __bss_end__ = _ebss

._user_heap_stack
                0x20000288      0x600 load address 0x08002858
                0x20000288                        . = ALIGN (0x8)
                [!provide]                        PROVIDE (end = .)
                0x20000288                        PROVIDE (_end = .)
                0x20000488                        . = (. + _Min_Heap_Size)
 *fill*         0x20000288      0x200 
                0x20000888                        . = (. + _Min_Stack_Size)
 *fill*         0x20000488      0x400 
                0x20000888                        . = ALIGN (0x8)

/DISCARD/
 libc.a(*)
 libm.a(*)
 libgcc.a(*)
OUTPUT(build/debug/Practical_4.elf elf32-littlearm)
LOAD linker stubs
LOAD c:/Users/P Ngubo/AppData/Roaming/Code/User/globalStorage/bmd.stm32-for-vscode/@xpack-dev-tools/arm-none-eabi-gcc/14.2.1-1.1.1/.content/bin/../lib/gcc/arm-none-eabi/14.2.1/../../../../arm-none-eabi/lib/thumb/v7e-m+fp/hard\libc.a
LOAD c:/Users/P Ngubo/AppData/Roaming/Code/User/globalStorage/bmd.stm32-for-vscode/@xpack-dev-tools/arm-none-eabi-gcc/14.2.1-1.1.1/.content/bin/../lib/gcc/arm-none-eabi/14.2.1/../../../../arm-none-eabi/lib/thumb/v7e-m+fp/hard\libm.a
LOAD c:/Users/P Ngubo/AppData/Roaming/Code/User/globalStorage/bmd.stm32-for-vscode/@xpack-dev-tools/arm-none-eabi-gcc/14.2.1-1.1.1/.content/bin/../lib/gcc/arm-none-eabi/14.2.1/thumb/v7e-m+fp/hard\libgcc.a

.ARM.attributes
                0x00000000       0x30
 .ARM.attributes
                0x00000000       0x22 c:/Users/P Ngubo/AppData/Roaming/Code/User/globalStorage/bmd.stm32-for-vscode/@xpack-dev-tools/arm-none-eabi-gcc/14.2.1-1.1.1/.content/bin/../lib/gcc/arm-none-eabi/14.2.1/thumb/v7e-m+fp/hard/crti.o
 .ARM.attributes
                0x00000022       0x34 c:/Users/P Ngubo/AppData/Roaming/Code/User/globalStorage/bmd.stm32-for-vscode/@xpack-dev-tools/arm-none-eabi-gcc/14.2.1-1.1.1/.content/bin/../lib/gcc/arm-none-eabi/14.2.1/thumb/v7e-m+fp/hard/crtbegin.o
 .ARM.attributes
                0x00000056       0x34 build/debug/lcd_stm32f4.o
 .ARM.attributes
                0x0000008a       0x34 build/debug/main.o
 .ARM.attributes
                0x000000be       0x34 build/debug/stm32f4xx_hal.o
 .ARM.attributes
                0x000000f2       0x34 build/debug/stm32f4xx_hal_cortex.o
 .ARM.attributes
                0x00000126       0x34 build/debug/stm32f4xx_hal_dma.o
 .ARM.attributes
                0x0000015a       0x34 build/debug/stm32f4xx_hal_gpio.o
 .ARM.attributes
                0x0000018e       0x34 build/debug/stm32f4xx_hal_msp.o
 .ARM.attributes
                0x000001c2       0x34 build/debug/stm32f4xx_hal_rcc.o
 .ARM.attributes
                0x000001f6       0x34 build/debug/stm32f4xx_hal_rcc_ex.o
 .ARM.attributes
                0x0000022a       0x34 build/debug/stm32f4xx_hal_uart.o
 .ARM.attributes
                0x0000025e       0x34 build/debug/stm32f4xx_it.o
 .ARM.attributes
                0x00000292       0x34 build/debug/sysmem.o
 .ARM.attributes
                0x000002c6       0x34 build/debug/system_stm32f4xx.o
 .ARM.attributes
                0x000002fa       0x21 build/debug/startup_stm32f446xx.o
 .ARM.attributes
                0x0000031b       0x34 c:/Users/P Ngubo/AppData/Roaming/Code/User/globalStorage/bmd.stm32-for-vscode/@xpack-dev-tools/arm-none-eabi-gcc/14.2.1-1.1.1/.content/bin/../lib/gcc/arm-none-eabi/14.2.1/../../../../arm-none-eabi/lib/thumb/v7e-m+fp/hard\libc_nano.a(libc_a-findfp.o)
 .ARM.attributes
                0x0000034f       0x34 c:/Users/P Ngubo/AppData/Roaming/Code/User/globalStorage/bmd.stm32-for-vscode/@xpack-dev-tools/arm-none-eabi-gcc/14.2.1-1.1.1/.content/bin/../lib/gcc/arm-none-eabi/14.2.1/../../../../arm-none-eabi/lib/thumb/v7e-m+fp/hard\libc_nano.a(libc_a-sprintf.o)
 .ARM.attributes
                0x00000383       0x34 c:/Users/P Ngubo/AppData/Roaming/Code/User/globalStorage/bmd.stm32-for-vscode/@xpack-dev-tools/arm-none-eabi-gcc/14.2.1-1.1.1/.content/bin/../lib/gcc/arm-none-eabi/14.2.1/../../../../arm-none-eabi/lib/thumb/v7e-m+fp/hard\libc_nano.a(libc_a-memset.o)
 .ARM.attributes
                0x000003b7       0x34 c:/Users/P Ngubo/AppData/Roaming/Code/User/globalStorage/bmd.stm32-for-vscode/@xpack-dev-tools/arm-none-eabi-gcc/14.2.1-1.1.1/.content/bin/../lib/gcc/arm-none-eabi/14.2.1/../../../../arm-none-eabi/lib/thumb/v7e-m+fp/hard\libc_nano.a(libc_a-reent.o)
 .ARM.attributes
                0x000003eb       0x34 c:/Users/P Ngubo/AppData/Roaming/Code/User/globalStorage/bmd.stm32-for-vscode/@xpack-dev-tools/arm-none-eabi-gcc/14.2.1-1.1.1/.content/bin/../lib/gcc/arm-none-eabi/14.2.1/../../../../arm-none-eabi/lib/thumb/v7e-m+fp/hard\libc_nano.a(libc_a-impure.o)
 .ARM.attributes
                0x0000041f       0x34 c:/Users/P Ngubo/AppData/Roaming/Code/User/globalStorage/bmd.stm32-for-vscode/@xpack-dev-tools/arm-none-eabi-gcc/14.2.1-1.1.1/.content/bin/../lib/gcc/arm-none-eabi/14.2.1/../../../../arm-none-eabi/lib/thumb/v7e-m+fp/hard\libc_nano.a(libc_a-errno.o)
 .ARM.attributes
                0x00000453       0x34 c:/Users/P Ngubo/AppData/Roaming/Code/User/globalStorage/bmd.stm32-for-vscode/@xpack-dev-tools/arm-none-eabi-gcc/14.2.1-1.1.1/.content/bin/../lib/gcc/arm-none-eabi/14.2.1/../../../../arm-none-eabi/lib/thumb/v7e-m+fp/hard\libc_nano.a(libc_a-init.o)
 .ARM.attributes
                0x00000487       0x34 c:/Users/P Ngubo/AppData/Roaming/Code/User/globalStorage/bmd.stm32-for-vscode/@xpack-dev-tools/arm-none-eabi-gcc/14.2.1-1.1.1/.content/bin/../lib/gcc/arm-none-eabi/14.2.1/../../../../arm-none-eabi/lib/thumb/v7e-m+fp/hard\libc_nano.a(libc_a-lock.o)
 .ARM.attributes
                0x000004bb       0x17 c:/Users/P Ngubo/AppData/Roaming/Code/User/globalStorage/bmd.stm32-for-vscode/@xpack-dev-tools/arm-none-eabi-gcc/14.2.1-1.1.1/.content/bin/../lib/gcc/arm-none-eabi/14.2.1/../../../../arm-none-eabi/lib/thumb/v7e-m+fp/hard\libc_nano.a(libc_a-strlen.o)
 .ARM.attributes
                0x000004d2       0x34 c:/Users/P Ngubo/AppData/Roaming/Code/User/globalStorage/bmd.stm32-for-vscode/@xpack-dev-tools/arm-none-eabi-gcc/14.2.1-1.1.1/.content/bin/../lib/gcc/arm-none-eabi/14.2.1/../../../../arm-none-eabi/lib/thumb/v7e-m+fp/hard\libc_nano.a(libc_a-freer.o)
 .ARM.attributes
                0x00000506       0x34 c:/Users/P Ngubo/AppData/Roaming/Code/User/globalStorage/bmd.stm32-for-vscode/@xpack-dev-tools/arm-none-eabi-gcc/14.2.1-1.1.1/.content/bin/../lib/gcc/arm-none-eabi/14.2.1/../../../../arm-none-eabi/lib/thumb/v7e-m+fp/hard\libc_nano.a(libc_a-mallocr.o)
 .ARM.attributes
                0x0000053a       0x34 c:/Users/P Ngubo/AppData/Roaming/Code/User/globalStorage/bmd.stm32-for-vscode/@xpack-dev-tools/arm-none-eabi-gcc/14.2.1-1.1.1/.content/bin/../lib/gcc/arm-none-eabi/14.2.1/../../../../arm-none-eabi/lib/thumb/v7e-m+fp/hard\libc_nano.a(libc_a-mlock.o)
 .ARM.attributes
                0x0000056e       0x34 c:/Users/P Ngubo/AppData/Roaming/Code/User/globalStorage/bmd.stm32-for-vscode/@xpack-dev-tools/arm-none-eabi-gcc/14.2.1-1.1.1/.content/bin/../lib/gcc/arm-none-eabi/14.2.1/../../../../arm-none-eabi/lib/thumb/v7e-m+fp/hard\libc_nano.a(libc_a-nano-svfprintf.o)
 .ARM.attributes
                0x000005a2       0x34 c:/Users/P Ngubo/AppData/Roaming/Code/User/globalStorage/bmd.stm32-for-vscode/@xpack-dev-tools/arm-none-eabi-gcc/14.2.1-1.1.1/.content/bin/../lib/gcc/arm-none-eabi/14.2.1/../../../../arm-none-eabi/lib/thumb/v7e-m+fp/hard\libc_nano.a(libc_a-nano-vfprintf_i.o)
 .ARM.attributes
                0x000005d6       0x34 c:/Users/P Ngubo/AppData/Roaming/Code/User/globalStorage/bmd.stm32-for-vscode/@xpack-dev-tools/arm-none-eabi-gcc/14.2.1-1.1.1/.content/bin/../lib/gcc/arm-none-eabi/14.2.1/../../../../arm-none-eabi/lib/thumb/v7e-m+fp/hard\libc_nano.a(libc_a-memmove.o)
 .ARM.attributes
                0x0000060a       0x34 c:/Users/P Ngubo/AppData/Roaming/Code/User/globalStorage/bmd.stm32-for-vscode/@xpack-dev-tools/arm-none-eabi-gcc/14.2.1-1.1.1/.content/bin/../lib/gcc/arm-none-eabi/14.2.1/../../../../arm-none-eabi/lib/thumb/v7e-m+fp/hard\libc_nano.a(libc_a-sbrkr.o)
 .ARM.attributes
                0x0000063e       0x1c c:/Users/P Ngubo/AppData/Roaming/Code/User/globalStorage/bmd.stm32-for-vscode/@xpack-dev-tools/arm-none-eabi-gcc/14.2.1-1.1.1/.content/bin/../lib/gcc/arm-none-eabi/14.2.1/../../../../arm-none-eabi/lib/thumb/v7e-m+fp/hard\libc_nano.a(libc_a-memchr.o)
 .ARM.attributes
                0x0000065a       0x34 c:/Users/P Ngubo/AppData/Roaming/Code/User/globalStorage/bmd.stm32-for-vscode/@xpack-dev-tools/arm-none-eabi-gcc/14.2.1-1.1.1/.content/bin/../lib/gcc/arm-none-eabi/14.2.1/../../../../arm-none-eabi/lib/thumb/v7e-m+fp/hard\libc_nano.a(libc_a-memcpy-stub.o)
 .ARM.attributes
                0x0000068e       0x34 c:/Users/P Ngubo/AppData/Roaming/Code/User/globalStorage/bmd.stm32-for-vscode/@xpack-dev-tools/arm-none-eabi-gcc/14.2.1-1.1.1/.content/bin/../lib/gcc/arm-none-eabi/14.2.1/../../../../arm-none-eabi/lib/thumb/v7e-m+fp/hard\libc_nano.a(libc_a-reallocr.o)
 .ARM.attributes
                0x000006c2       0x34 c:/Users/P Ngubo/AppData/Roaming/Code/User/globalStorage/bmd.stm32-for-vscode/@xpack-dev-tools/arm-none-eabi-gcc/14.2.1-1.1.1/.content/bin/../lib/gcc/arm-none-eabi/14.2.1/../../../../arm-none-eabi/lib/thumb/v7e-m+fp/hard\libc_nano.a(libc_a-msizer.o)
 .ARM.attributes
                0x000006f6       0x22 c:/Users/P Ngubo/AppData/Roaming/Code/User/globalStorage/bmd.stm32-for-vscode/@xpack-dev-tools/arm-none-eabi-gcc/14.2.1-1.1.1/.content/bin/../lib/gcc/arm-none-eabi/14.2.1/thumb/v7e-m+fp/hard\libgcc.a(_aeabi_uldivmod.o)
 .ARM.attributes
                0x00000718       0x34 c:/Users/P Ngubo/AppData/Roaming/Code/User/globalStorage/bmd.stm32-for-vscode/@xpack-dev-tools/arm-none-eabi-gcc/14.2.1-1.1.1/.content/bin/../lib/gcc/arm-none-eabi/14.2.1/thumb/v7e-m+fp/hard\libgcc.a(_udivmoddi4.o)
 .ARM.attributes
                0x0000074c       0x22 c:/Users/P Ngubo/AppData/Roaming/Code/User/globalStorage/bmd.stm32-for-vscode/@xpack-dev-tools/arm-none-eabi-gcc/14.2.1-1.1.1/.content/bin/../lib/gcc/arm-none-eabi/14.2.1/thumb/v7e-m+fp/hard\libgcc.a(_dvmd_tls.o)
 .ARM.attributes
                0x0000076e       0x22 c:/Users/P Ngubo/AppData/Roaming/Code/User/globalStorage/bmd.stm32-for-vscode/@xpack-dev-tools/arm-none-eabi-gcc/14.2.1-1.1.1/.content/bin/../lib/gcc/arm-none-eabi/14.2.1/thumb/v7e-m+fp/hard/crtn.o

.comment        0x00000000       0x39
 .comment       0x00000000       0x39 c:/Users/P Ngubo/AppData/Roaming/Code/User/globalStorage/bmd.stm32-for-vscode/@xpack-dev-tools/arm-none-eabi-gcc/14.2.1-1.1.1/.content/bin/../lib/gcc/arm-none-eabi/14.2.1/thumb/v7e-m+fp/hard/crtbegin.o
                                 0x3a (size before relaxing)
 .comment       0x00000039       0x3a build/debug/lcd_stm32f4.o
 .comment       0x00000039       0x3a build/debug/main.o
 .comment       0x00000039       0x3a build/debug/stm32f4xx_hal.o
 .comment       0x00000039       0x3a build/debug/stm32f4xx_hal_cortex.o
 .comment       0x00000039       0x3a build/debug/stm32f4xx_hal_dma.o
 .comment       0x00000039       0x3a build/debug/stm32f4xx_hal_gpio.o
 .comment       0x00000039       0x3a build/debug/stm32f4xx_hal_msp.o
 .comment       0x00000039       0x3a build/debug/stm32f4xx_hal_rcc.o
 .comment       0x00000039       0x3a build/debug/stm32f4xx_hal_rcc_ex.o
 .comment       0x00000039       0x3a build/debug/stm32f4xx_hal_uart.o
 .comment       0x00000039       0x3a build/debug/stm32f4xx_it.o
 .comment       0x00000039       0x3a build/debug/sysmem.o
 .comment       0x00000039       0x3a build/debug/system_stm32f4xx.o
 .comment       0x00000039       0x3a c:/Users/P Ngubo/AppData/Roaming/Code/User/globalStorage/bmd.stm32-for-vscode/@xpack-dev-tools/arm-none-eabi-gcc/14.2.1-1.1.1/.content/bin/../lib/gcc/arm-none-eabi/14.2.1/../../../../arm-none-eabi/lib/thumb/v7e-m+fp/hard\libc_nano.a(libc_a-findfp.o)
 .comment       0x00000039       0x3a c:/Users/P Ngubo/AppData/Roaming/Code/User/globalStorage/bmd.stm32-for-vscode/@xpack-dev-tools/arm-none-eabi-gcc/14.2.1-1.1.1/.content/bin/../lib/gcc/arm-none-eabi/14.2.1/../../../../arm-none-eabi/lib/thumb/v7e-m+fp/hard\libc_nano.a(libc_a-sprintf.o)
 .comment       0x00000039       0x3a c:/Users/P Ngubo/AppData/Roaming/Code/User/globalStorage/bmd.stm32-for-vscode/@xpack-dev-tools/arm-none-eabi-gcc/14.2.1-1.1.1/.content/bin/../lib/gcc/arm-none-eabi/14.2.1/../../../../arm-none-eabi/lib/thumb/v7e-m+fp/hard\libc_nano.a(libc_a-memset.o)
 .comment       0x00000039       0x3a c:/Users/P Ngubo/AppData/Roaming/Code/User/globalStorage/bmd.stm32-for-vscode/@xpack-dev-tools/arm-none-eabi-gcc/14.2.1-1.1.1/.content/bin/../lib/gcc/arm-none-eabi/14.2.1/../../../../arm-none-eabi/lib/thumb/v7e-m+fp/hard\libc_nano.a(libc_a-reent.o)
 .comment       0x00000039       0x3a c:/Users/P Ngubo/AppData/Roaming/Code/User/globalStorage/bmd.stm32-for-vscode/@xpack-dev-tools/arm-none-eabi-gcc/14.2.1-1.1.1/.content/bin/../lib/gcc/arm-none-eabi/14.2.1/../../../../arm-none-eabi/lib/thumb/v7e-m+fp/hard\libc_nano.a(libc_a-impure.o)
 .comment       0x00000039       0x3a c:/Users/P Ngubo/AppData/Roaming/Code/User/globalStorage/bmd.stm32-for-vscode/@xpack-dev-tools/arm-none-eabi-gcc/14.2.1-1.1.1/.content/bin/../lib/gcc/arm-none-eabi/14.2.1/../../../../arm-none-eabi/lib/thumb/v7e-m+fp/hard\libc_nano.a(libc_a-errno.o)
 .comment       0x00000039       0x3a c:/Users/P Ngubo/AppData/Roaming/Code/User/globalStorage/bmd.stm32-for-vscode/@xpack-dev-tools/arm-none-eabi-gcc/14.2.1-1.1.1/.content/bin/../lib/gcc/arm-none-eabi/14.2.1/../../../../arm-none-eabi/lib/thumb/v7e-m+fp/hard\libc_nano.a(libc_a-init.o)
 .comment       0x00000039       0x3a c:/Users/P Ngubo/AppData/Roaming/Code/User/globalStorage/bmd.stm32-for-vscode/@xpack-dev-tools/arm-none-eabi-gcc/14.2.1-1.1.1/.content/bin/../lib/gcc/arm-none-eabi/14.2.1/../../../../arm-none-eabi/lib/thumb/v7e-m+fp/hard\libc_nano.a(libc_a-lock.o)
 .comment       0x00000039       0x3a c:/Users/P Ngubo/AppData/Roaming/Code/User/globalStorage/bmd.stm32-for-vscode/@xpack-dev-tools/arm-none-eabi-gcc/14.2.1-1.1.1/.content/bin/../lib/gcc/arm-none-eabi/14.2.1/../../../../arm-none-eabi/lib/thumb/v7e-m+fp/hard\libc_nano.a(libc_a-freer.o)
 .comment       0x00000039       0x3a c:/Users/P Ngubo/AppData/Roaming/Code/User/globalStorage/bmd.stm32-for-vscode/@xpack-dev-tools/arm-none-eabi-gcc/14.2.1-1.1.1/.content/bin/../lib/gcc/arm-none-eabi/14.2.1/../../../../arm-none-eabi/lib/thumb/v7e-m+fp/hard\libc_nano.a(libc_a-mallocr.o)
 .comment       0x00000039       0x3a c:/Users/P Ngubo/AppData/Roaming/Code/User/globalStorage/bmd.stm32-for-vscode/@xpack-dev-tools/arm-none-eabi-gcc/14.2.1-1.1.1/.content/bin/../lib/gcc/arm-none-eabi/14.2.1/../../../../arm-none-eabi/lib/thumb/v7e-m+fp/hard\libc_nano.a(libc_a-mlock.o)
 .comment       0x00000039       0x3a c:/Users/P Ngubo/AppData/Roaming/Code/User/globalStorage/bmd.stm32-for-vscode/@xpack-dev-tools/arm-none-eabi-gcc/14.2.1-1.1.1/.content/bin/../lib/gcc/arm-none-eabi/14.2.1/../../../../arm-none-eabi/lib/thumb/v7e-m+fp/hard\libc_nano.a(libc_a-nano-svfprintf.o)
 .comment       0x00000039       0x3a c:/Users/P Ngubo/AppData/Roaming/Code/User/globalStorage/bmd.stm32-for-vscode/@xpack-dev-tools/arm-none-eabi-gcc/14.2.1-1.1.1/.content/bin/../lib/gcc/arm-none-eabi/14.2.1/../../../../arm-none-eabi/lib/thumb/v7e-m+fp/hard\libc_nano.a(libc_a-nano-vfprintf_i.o)
 .comment       0x00000039       0x3a c:/Users/P Ngubo/AppData/Roaming/Code/User/globalStorage/bmd.stm32-for-vscode/@xpack-dev-tools/arm-none-eabi-gcc/14.2.1-1.1.1/.content/bin/../lib/gcc/arm-none-eabi/14.2.1/../../../../arm-none-eabi/lib/thumb/v7e-m+fp/hard\libc_nano.a(libc_a-memmove.o)
 .comment       0x00000039       0x3a c:/Users/P Ngubo/AppData/Roaming/Code/User/globalStorage/bmd.stm32-for-vscode/@xpack-dev-tools/arm-none-eabi-gcc/14.2.1-1.1.1/.content/bin/../lib/gcc/arm-none-eabi/14.2.1/../../../../arm-none-eabi/lib/thumb/v7e-m+fp/hard\libc_nano.a(libc_a-sbrkr.o)
 .comment       0x00000039       0x3a c:/Users/P Ngubo/AppData/Roaming/Code/User/globalStorage/bmd.stm32-for-vscode/@xpack-dev-tools/arm-none-eabi-gcc/14.2.1-1.1.1/.content/bin/../lib/gcc/arm-none-eabi/14.2.1/../../../../arm-none-eabi/lib/thumb/v7e-m+fp/hard\libc_nano.a(libc_a-memcpy-stub.o)
 .comment       0x00000039       0x3a c:/Users/P Ngubo/AppData/Roaming/Code/User/globalStorage/bmd.stm32-for-vscode/@xpack-dev-tools/arm-none-eabi-gcc/14.2.1-1.1.1/.content/bin/../lib/gcc/arm-none-eabi/14.2.1/../../../../arm-none-eabi/lib/thumb/v7e-m+fp/hard\libc_nano.a(libc_a-reallocr.o)
 .comment       0x00000039       0x3a c:/Users/P Ngubo/AppData/Roaming/Code/User/globalStorage/bmd.stm32-for-vscode/@xpack-dev-tools/arm-none-eabi-gcc/14.2.1-1.1.1/.content/bin/../lib/gcc/arm-none-eabi/14.2.1/../../../../arm-none-eabi/lib/thumb/v7e-m+fp/hard\libc_nano.a(libc_a-msizer.o)
 .comment       0x00000039       0x3a c:/Users/P Ngubo/AppData/Roaming/Code/User/globalStorage/bmd.stm32-for-vscode/@xpack-dev-tools/arm-none-eabi-gcc/14.2.1-1.1.1/.content/bin/../lib/gcc/arm-none-eabi/14.2.1/thumb/v7e-m+fp/hard\libgcc.a(_udivmoddi4.o)

.debug_info     0x00000000     0xc339
 .debug_info    0x00000000      0x55f build/debug/lcd_stm32f4.o
 .debug_info    0x0000055f     0x1cfa build/debug/main.o
 .debug_info    0x00002259      0xa38 build/debug/stm32f4xx_hal.o
 .debug_info    0x00002c91     0x1013 build/debug/stm32f4xx_hal_cortex.o
 .debug_info    0x00003ca4      0xad9 build/debug/stm32f4xx_hal_dma.o
 .debug_info    0x0000477d      0x74c build/debug/stm32f4xx_hal_gpio.o
 .debug_info    0x00004ec9      0xb1e build/debug/stm32f4xx_hal_msp.o
 .debug_info    0x000059e7      0xabd build/debug/stm32f4xx_hal_rcc.o
 .debug_info    0x000064a4      0xc59 build/debug/stm32f4xx_hal_rcc_ex.o
 .debug_info    0x000070fd     0x4018 build/debug/stm32f4xx_hal_uart.o
 .debug_info    0x0000b115      0x3c1 build/debug/stm32f4xx_it.o
 .debug_info    0x0000b4d6      0x171 build/debug/sysmem.o
 .debug_info    0x0000b647      0x55f build/debug/system_stm32f4xx.o
 .debug_info    0x0000bba6       0x30 build/debug/startup_stm32f446xx.o
 .debug_info    0x0000bbd6       0x24 c:/Users/P Ngubo/AppData/Roaming/Code/User/globalStorage/bmd.stm32-for-vscode/@xpack-dev-tools/arm-none-eabi-gcc/14.2.1-1.1.1/.content/bin/../lib/gcc/arm-none-eabi/14.2.1/thumb/v7e-m+fp/hard\libgcc.a(_aeabi_uldivmod.o)
 .debug_info    0x0000bbfa      0x703 c:/Users/P Ngubo/AppData/Roaming/Code/User/globalStorage/bmd.stm32-for-vscode/@xpack-dev-tools/arm-none-eabi-gcc/14.2.1-1.1.1/.content/bin/../lib/gcc/arm-none-eabi/14.2.1/thumb/v7e-m+fp/hard\libgcc.a(_udivmoddi4.o)
 .debug_info    0x0000c2fd       0x3c c:/Users/P Ngubo/AppData/Roaming/Code/User/globalStorage/bmd.stm32-for-vscode/@xpack-dev-tools/arm-none-eabi-gcc/14.2.1-1.1.1/.content/bin/../lib/gcc/arm-none-eabi/14.2.1/thumb/v7e-m+fp/hard\libgcc.a(_dvmd_tls.o)

.debug_abbrev   0x00000000     0x1f6f
 .debug_abbrev  0x00000000      0x16b build/debug/lcd_stm32f4.o
 .debug_abbrev  0x0000016b      0x3dc build/debug/main.o
 .debug_abbrev  0x00000547      0x240 build/debug/stm32f4xx_hal.o
 .debug_abbrev  0x00000787      0x391 build/debug/stm32f4xx_hal_cortex.o
 .debug_abbrev  0x00000b18      0x2c0 build/debug/stm32f4xx_hal_dma.o
 .debug_abbrev  0x00000dd8      0x202 build/debug/stm32f4xx_hal_gpio.o
 .debug_abbrev  0x00000fda      0x210 build/debug/stm32f4xx_hal_msp.o
 .debug_abbrev  0x000011ea      0x2c7 build/debug/stm32f4xx_hal_rcc.o
 .debug_abbrev  0x000014b1      0x256 build/debug/stm32f4xx_hal_rcc_ex.o
 .debug_abbrev  0x00001707      0x326 build/debug/stm32f4xx_hal_uart.o
 .debug_abbrev  0x00001a2d      0x172 build/debug/stm32f4xx_it.o
 .debug_abbrev  0x00001b9f       0xea build/debug/sysmem.o
 .debug_abbrev  0x00001c89      0x11e build/debug/system_stm32f4xx.o
 .debug_abbrev  0x00001da7       0x24 build/debug/startup_stm32f446xx.o
 .debug_abbrev  0x00001dcb       0x14 c:/Users/P Ngubo/AppData/Roaming/Code/User/globalStorage/bmd.stm32-for-vscode/@xpack-dev-tools/arm-none-eabi-gcc/14.2.1-1.1.1/.content/bin/../lib/gcc/arm-none-eabi/14.2.1/thumb/v7e-m+fp/hard\libgcc.a(_aeabi_uldivmod.o)
 .debug_abbrev  0x00001ddf      0x16a c:/Users/P Ngubo/AppData/Roaming/Code/User/globalStorage/bmd.stm32-for-vscode/@xpack-dev-tools/arm-none-eabi-gcc/14.2.1-1.1.1/.content/bin/../lib/gcc/arm-none-eabi/14.2.1/thumb/v7e-m+fp/hard\libgcc.a(_udivmoddi4.o)
 .debug_abbrev  0x00001f49       0x26 c:/Users/P Ngubo/AppData/Roaming/Code/User/globalStorage/bmd.stm32-for-vscode/@xpack-dev-tools/arm-none-eabi-gcc/14.2.1-1.1.1/.content/bin/../lib/gcc/arm-none-eabi/14.2.1/thumb/v7e-m+fp/hard\libgcc.a(_dvmd_tls.o)

.debug_loclists
                0x00000000     0x5a95
 .debug_loclists
                0x00000000       0xbb build/debug/lcd_stm32f4.o
 .debug_loclists
                0x000000bb       0xe1 build/debug/main.o
 .debug_loclists
                0x0000019c       0xe1 build/debug/stm32f4xx_hal.o
 .debug_loclists
                0x0000027d      0x54d build/debug/stm32f4xx_hal_cortex.o
 .debug_loclists
                0x000007ca      0x88a build/debug/stm32f4xx_hal_dma.o
 .debug_loclists
                0x00001054      0x386 build/debug/stm32f4xx_hal_gpio.o
 .debug_loclists
                0x000013da       0xae build/debug/stm32f4xx_hal_msp.o
 .debug_loclists
                0x00001488      0x3db build/debug/stm32f4xx_hal_rcc.o
 .debug_loclists
                0x00001863      0x981 build/debug/stm32f4xx_hal_rcc_ex.o
 .debug_loclists
                0x000021e4     0x2cda build/debug/stm32f4xx_hal_uart.o
 .debug_loclists
                0x00004ebe       0x52 build/debug/sysmem.o
 .debug_loclists
                0x00004f10       0x70 build/debug/system_stm32f4xx.o
 .debug_loclists
                0x00004f80      0xb15 c:/Users/P Ngubo/AppData/Roaming/Code/User/globalStorage/bmd.stm32-for-vscode/@xpack-dev-tools/arm-none-eabi-gcc/14.2.1-1.1.1/.content/bin/../lib/gcc/arm-none-eabi/14.2.1/thumb/v7e-m+fp/hard\libgcc.a(_udivmoddi4.o)

.debug_aranges  0x00000000      0x828
 .debug_aranges
                0x00000000       0x58 build/debug/lcd_stm32f4.o
 .debug_aranges
                0x00000058       0x88 build/debug/main.o
 .debug_aranges
                0x000000e0       0xf0 build/debug/stm32f4xx_hal.o
 .debug_aranges
                0x000001d0       0xf8 build/debug/stm32f4xx_hal_cortex.o
 .debug_aranges
                0x000002c8       0x90 build/debug/stm32f4xx_hal_dma.o
 .debug_aranges
                0x00000358       0x58 build/debug/stm32f4xx_hal_gpio.o
 .debug_aranges
                0x000003b0       0x38 build/debug/stm32f4xx_hal_msp.o
 .debug_aranges
                0x000003e8       0x88 build/debug/stm32f4xx_hal_rcc.o
 .debug_aranges
                0x00000470       0x78 build/debug/stm32f4xx_hal_rcc_ex.o
 .debug_aranges
                0x000004e8      0x208 build/debug/stm32f4xx_hal_uart.o
 .debug_aranges
                0x000006f0       0x68 build/debug/stm32f4xx_it.o
 .debug_aranges
                0x00000758       0x20 build/debug/sysmem.o
 .debug_aranges
                0x00000778       0x28 build/debug/system_stm32f4xx.o
 .debug_aranges
                0x000007a0       0x28 build/debug/startup_stm32f446xx.o
 .debug_aranges
                0x000007c8       0x20 c:/Users/P Ngubo/AppData/Roaming/Code/User/globalStorage/bmd.stm32-for-vscode/@xpack-dev-tools/arm-none-eabi-gcc/14.2.1-1.1.1/.content/bin/../lib/gcc/arm-none-eabi/14.2.1/thumb/v7e-m+fp/hard\libgcc.a(_aeabi_uldivmod.o)
 .debug_aranges
                0x000007e8       0x20 c:/Users/P Ngubo/AppData/Roaming/Code/User/globalStorage/bmd.stm32-for-vscode/@xpack-dev-tools/arm-none-eabi-gcc/14.2.1-1.1.1/.content/bin/../lib/gcc/arm-none-eabi/14.2.1/thumb/v7e-m+fp/hard\libgcc.a(_udivmoddi4.o)
 .debug_aranges
                0x00000808       0x20 c:/Users/P Ngubo/AppData/Roaming/Code/User/globalStorage/bmd.stm32-for-vscode/@xpack-dev-tools/arm-none-eabi-gcc/14.2.1-1.1.1/.content/bin/../lib/gcc/arm-none-eabi/14.2.1/thumb/v7e-m+fp/hard\libgcc.a(_dvmd_tls.o)

.debug_rnglists
                0x00000000      0x683
 .debug_rnglists
                0x00000000       0x3f build/debug/lcd_stm32f4.o
 .debug_rnglists
                0x0000003f       0x72 build/debug/main.o
 .debug_rnglists
                0x000000b1       0xaf build/debug/stm32f4xx_hal.o
 .debug_rnglists
                0x00000160       0xb5 build/debug/stm32f4xx_hal_cortex.o
 .debug_rnglists
                0x00000215       0x6c build/debug/stm32f4xx_hal_dma.o
 .debug_rnglists
                0x00000281       0x3f build/debug/stm32f4xx_hal_gpio.o
 .debug_rnglists
                0x000002c0       0x26 build/debug/stm32f4xx_hal_msp.o
 .debug_rnglists
                0x000002e6       0x75 build/debug/stm32f4xx_hal_rcc.o
 .debug_rnglists
                0x0000035b       0x6b build/debug/stm32f4xx_hal_rcc_ex.o
 .debug_rnglists
                0x000003c6      0x195 build/debug/stm32f4xx_hal_uart.o
 .debug_rnglists
                0x0000055b       0x49 build/debug/stm32f4xx_it.o
 .debug_rnglists
                0x000005a4       0x13 build/debug/sysmem.o
 .debug_rnglists
                0x000005b7       0x1a build/debug/system_stm32f4xx.o
 .debug_rnglists
                0x000005d1       0x19 build/debug/startup_stm32f446xx.o
 .debug_rnglists
                0x000005ea       0x99 c:/Users/P Ngubo/AppData/Roaming/Code/User/globalStorage/bmd.stm32-for-vscode/@xpack-dev-tools/arm-none-eabi-gcc/14.2.1-1.1.1/.content/bin/../lib/gcc/arm-none-eabi/14.2.1/thumb/v7e-m+fp/hard\libgcc.a(_udivmoddi4.o)

.debug_line     0x00000000     0x9f9f
 .debug_line    0x00000000      0x574 build/debug/lcd_stm32f4.o
 .debug_line    0x00000574      0x9b3 build/debug/main.o
 .debug_line    0x00000f27      0x613 build/debug/stm32f4xx_hal.o
 .debug_line    0x0000153a      0x8d6 build/debug/stm32f4xx_hal_cortex.o
 .debug_line    0x00001e10      0xecc build/debug/stm32f4xx_hal_dma.o
 .debug_line    0x00002cdc      0x78d build/debug/stm32f4xx_hal_gpio.o
 .debug_line    0x00003469      0x3dd build/debug/stm32f4xx_hal_msp.o
 .debug_line    0x00003846      0xc7c build/debug/stm32f4xx_hal_rcc.o
 .debug_line    0x000044c2     0x1523 build/debug/stm32f4xx_hal_rcc_ex.o
 .debug_line    0x000059e5     0x35a6 build/debug/stm32f4xx_hal_uart.o
 .debug_line    0x00008f8b      0x326 build/debug/stm32f4xx_it.o
 .debug_line    0x000092b1      0x2c2 build/debug/sysmem.o
 .debug_line    0x00009573      0x2f9 build/debug/system_stm32f4xx.o
 .debug_line    0x0000986c       0x76 build/debug/startup_stm32f446xx.o
 .debug_line    0x000098e2       0x4e c:/Users/P Ngubo/AppData/Roaming/Code/User/globalStorage/bmd.stm32-for-vscode/@xpack-dev-tools/arm-none-eabi-gcc/14.2.1-1.1.1/.content/bin/../lib/gcc/arm-none-eabi/14.2.1/thumb/v7e-m+fp/hard\libgcc.a(_aeabi_uldivmod.o)
 .debug_line    0x00009930      0x625 c:/Users/P Ngubo/AppData/Roaming/Code/User/globalStorage/bmd.stm32-for-vscode/@xpack-dev-tools/arm-none-eabi-gcc/14.2.1-1.1.1/.content/bin/../lib/gcc/arm-none-eabi/14.2.1/thumb/v7e-m+fp/hard\libgcc.a(_udivmoddi4.o)
 .debug_line    0x00009f55       0x4a c:/Users/P Ngubo/AppData/Roaming/Code/User/globalStorage/bmd.stm32-for-vscode/@xpack-dev-tools/arm-none-eabi-gcc/14.2.1-1.1.1/.content/bin/../lib/gcc/arm-none-eabi/14.2.1/thumb/v7e-m+fp/hard\libgcc.a(_dvmd_tls.o)

.debug_str      0x00000000     0x34fe
 .debug_str     0x00000000     0x34fe build/debug/lcd_stm32f4.o
                                0x39c (size before relaxing)
 .debug_str     0x000034fe     0x1459 build/debug/main.o
 .debug_str     0x000034fe      0xbc6 build/debug/stm32f4xx_hal.o
 .debug_str     0x000034fe      0xcb2 build/debug/stm32f4xx_hal_cortex.o
 .debug_str     0x000034fe      0x772 build/debug/stm32f4xx_hal_dma.o
 .debug_str     0x000034fe      0x501 build/debug/stm32f4xx_hal_gpio.o
 .debug_str     0x000034fe      0x958 build/debug/stm32f4xx_hal_msp.o
 .debug_str     0x000034fe      0x72c build/debug/stm32f4xx_hal_rcc.o
 .debug_str     0x000034fe      0x813 build/debug/stm32f4xx_hal_rcc_ex.o
 .debug_str     0x000034fe      0xd97 build/debug/stm32f4xx_hal_uart.o
 .debug_str     0x000034fe      0x4c4 build/debug/stm32f4xx_it.o
 .debug_str     0x000034fe      0x221 build/debug/sysmem.o
 .debug_str     0x000034fe      0x396 build/debug/system_stm32f4xx.o
 .debug_str     0x000034fe       0x7a build/debug/startup_stm32f446xx.o
 .debug_str     0x000034fe      0x13a c:/Users/P Ngubo/AppData/Roaming/Code/User/globalStorage/bmd.stm32-for-vscode/@xpack-dev-tools/arm-none-eabi-gcc/14.2.1-1.1.1/.content/bin/../lib/gcc/arm-none-eabi/14.2.1/thumb/v7e-m+fp/hard\libgcc.a(_aeabi_uldivmod.o)
 .debug_str     0x000034fe      0x753 c:/Users/P Ngubo/AppData/Roaming/Code/User/globalStorage/bmd.stm32-for-vscode/@xpack-dev-tools/arm-none-eabi-gcc/14.2.1-1.1.1/.content/bin/../lib/gcc/arm-none-eabi/14.2.1/thumb/v7e-m+fp/hard\libgcc.a(_udivmoddi4.o)
 .debug_str     0x000034fe      0x15a c:/Users/P Ngubo/AppData/Roaming/Code/User/globalStorage/bmd.stm32-for-vscode/@xpack-dev-tools/arm-none-eabi-gcc/14.2.1-1.1.1/.content/bin/../lib/gcc/arm-none-eabi/14.2.1/thumb/v7e-m+fp/hard\libgcc.a(_dvmd_tls.o)

.debug_frame    0x00000000     0x13a8
 .debug_frame   0x00000000       0xd4 build/debug/lcd_stm32f4.o
 .debug_frame   0x000000d4      0x178 build/debug/main.o
 .debug_frame   0x0000024c      0x1ec build/debug/stm32f4xx_hal.o
 .debug_frame   0x00000438      0x214 build/debug/stm32f4xx_hal_cortex.o
 .debug_frame   0x0000064c      0x188 build/debug/stm32f4xx_hal_dma.o
 .debug_frame   0x000007d4       0xd8 build/debug/stm32f4xx_hal_gpio.o
 .debug_frame   0x000008ac       0x80 build/debug/stm32f4xx_hal_msp.o
 .debug_frame   0x0000092c      0x16c build/debug/stm32f4xx_hal_rcc.o
 .debug_frame   0x00000a98      0x14c build/debug/stm32f4xx_hal_rcc_ex.o
 .debug_frame   0x00000be4      0x5e0 build/debug/stm32f4xx_hal_uart.o
 .debug_frame   0x000011c4       0xc0 build/debug/stm32f4xx_it.o
 .debug_frame   0x00001284       0x28 build/debug/sysmem.o
 .debug_frame   0x000012ac       0x30 build/debug/system_stm32f4xx.o
 .debug_frame   0x000012dc       0x20 c:/Users/P Ngubo/AppData/Roaming/Code/User/globalStorage/bmd.stm32-for-vscode/@xpack-dev-tools/arm-none-eabi-gcc/14.2.1-1.1.1/.content/bin/../lib/gcc/arm-none-eabi/14.2.1/../../../../arm-none-eabi/lib/thumb/v7e-m+fp/hard\libc_nano.a(libc_a-strlen.o)
 .debug_frame   0x000012fc       0x4c c:/Users/P Ngubo/AppData/Roaming/Code/User/globalStorage/bmd.stm32-for-vscode/@xpack-dev-tools/arm-none-eabi-gcc/14.2.1-1.1.1/.content/bin/../lib/gcc/arm-none-eabi/14.2.1/../../../../arm-none-eabi/lib/thumb/v7e-m+fp/hard\libc_nano.a(libc_a-memchr.o)
 .debug_frame   0x00001348       0x2c c:/Users/P Ngubo/AppData/Roaming/Code/User/globalStorage/bmd.stm32-for-vscode/@xpack-dev-tools/arm-none-eabi-gcc/14.2.1-1.1.1/.content/bin/../lib/gcc/arm-none-eabi/14.2.1/thumb/v7e-m+fp/hard\libgcc.a(_aeabi_uldivmod.o)
 .debug_frame   0x00001374       0x34 c:/Users/P Ngubo/AppData/Roaming/Code/User/globalStorage/bmd.stm32-for-vscode/@xpack-dev-tools/arm-none-eabi-gcc/14.2.1-1.1.1/.content/bin/../lib/gcc/arm-none-eabi/14.2.1/thumb/v7e-m+fp/hard\libgcc.a(_udivmoddi4.o)

.debug_line_str
                0x00000000      0x196
 .debug_line_str
                0x00000000      0x196 build/debug/startup_stm32f446xx.o
                                 0x5e (size before relaxing)
 .debug_line_str
                0x00000196      0x12c c:/Users/P Ngubo/AppData/Roaming/Code/User/globalStorage/bmd.stm32-for-vscode/@xpack-dev-tools/arm-none-eabi-gcc/14.2.1-1.1.1/.content/bin/../lib/gcc/arm-none-eabi/14.2.1/thumb/v7e-m+fp/hard\libgcc.a(_aeabi_uldivmod.o)
 .debug_line_str
                0x00000196      0x130 c:/Users/P Ngubo/AppData/Roaming/Code/User/globalStorage/bmd.stm32-for-vscode/@xpack-dev-tools/arm-none-eabi-gcc/14.2.1-1.1.1/.content/bin/../lib/gcc/arm-none-eabi/14.2.1/thumb/v7e-m+fp/hard\libgcc.a(_dvmd_tls.o)

Cross Reference Table

Symbol                                            File
ADC1_Init                                         build/debug/main.o
ADC1_Start                                        build/debug/main.o
ADC_IRQHandler                                    build/debug/main.o
AHBPrescTable                                     build/debug/system_stm32f4xx.o
                                                  build/debug/stm32f4xx_hal_rcc.o
APBPrescTable                                     build/debug/system_stm32f4xx.o
                                                  build/debug/stm32f4xx_hal_rcc.o
BusFault_Handler                                  build/debug/stm32f4xx_it.o
CAN1_RX0_IRQHandler                               build/debug/startup_stm32f446xx.o
CAN1_RX1_IRQHandler                               build/debug/startup_stm32f446xx.o
CAN1_SCE_IRQHandler                               build/debug/startup_stm32f446xx.o
CAN1_TX_IRQHandler                                build/debug/startup_stm32f446xx.o
CAN2_RX0_IRQHandler                               build/debug/startup_stm32f446xx.o
CAN2_RX1_IRQHandler                               build/debug/startup_stm32f446xx.o
CAN2_SCE_IRQHandler                               build/debug/startup_stm32f446xx.o
CAN2_TX_IRQHandler                                build/debug/startup_stm32f446xx.o
CEC_IRQHandler                                    build/debug/startup_stm32f446xx.o
DCMI_IRQHandler                                   build/debug/startup_stm32f446xx.o
DMA1_Stream0_IRQHandler                           build/debug/startup_stm32f446xx.o
DMA1_Stream1_IRQHandler                           build/debug/startup_stm32f446xx.o
DMA1_Stream2_IRQHandler                           build/debug/startup_stm32f446xx.o
DMA1_Stream3_IRQHandler                           build/debug/startup_stm32f446xx.o
DMA1_Stream4_IRQHandler                           build/debug/startup_stm32f446xx.o
DMA1_Stream5_IRQHandler                           build/debug/stm32f4xx_it.o
DMA1_Stream6_IRQHandler                           build/debug/startup_stm32f446xx.o
DMA1_Stream7_IRQHandler                           build/debug/startup_stm32f446xx.o
DMA2_Stream0_IRQHandler                           build/debug/startup_stm32f446xx.o
DMA2_Stream1_IRQHandler                           build/debug/startup_stm32f446xx.o
DMA2_Stream2_IRQHandler                           build/debug/startup_stm32f446xx.o
DMA2_Stream3_IRQHandler                           build/debug/startup_stm32f446xx.o
DMA2_Stream4_IRQHandler                           build/debug/startup_stm32f446xx.o
DMA2_Stream5_IRQHandler                           build/debug/startup_stm32f446xx.o
DMA2_Stream6_IRQHandler                           build/debug/startup_stm32f446xx.o
DMA2_Stream7_IRQHandler                           build/debug/startup_stm32f446xx.o
DebugMon_Handler                                  build/debug/stm32f4xx_it.o
Default_Handler                                   build/debug/startup_stm32f446xx.o
EXTI0_IRQHandler                                  build/debug/main.o
EXTI15_10_IRQHandler                              build/debug/startup_stm32f446xx.o
EXTI1_IRQHandler                                  build/debug/main.o
EXTI2_IRQHandler                                  build/debug/main.o
EXTI3_IRQHandler                                  build/debug/main.o
EXTI4_IRQHandler                                  build/debug/startup_stm32f446xx.o
EXTI9_5_IRQHandler                                build/debug/startup_stm32f446xx.o
Error_Handler                                     build/debug/main.o
                                                  build/debug/stm32f4xx_hal_msp.o
FLASH_Erase_Sector                                build/debug/stm32f4xx_hal_flash_ex.o
                                                  build/debug/stm32f4xx_hal_flash.o
FLASH_FlushCaches                                 build/debug/stm32f4xx_hal_flash_ex.o
                                                  build/debug/stm32f4xx_hal_flash.o
FLASH_IRQHandler                                  build/debug/startup_stm32f446xx.o
FLASH_WaitForLastOperation                        build/debug/stm32f4xx_hal_flash.o
                                                  build/debug/stm32f4xx_hal_flash_ex.o
FMC_IRQHandler                                    build/debug/startup_stm32f446xx.o
FMPI2C1_ER_IRQHandler                             build/debug/startup_stm32f446xx.o
FMPI2C1_EV_IRQHandler                             build/debug/startup_stm32f446xx.o
FPU_IRQHandler                                    build/debug/startup_stm32f446xx.o
HAL_ADCEx_InjectedConfigChannel                   build/debug/stm32f4xx_hal_adc_ex.o
HAL_ADCEx_InjectedConvCpltCallback                build/debug/stm32f4xx_hal_adc_ex.o
                                                  build/debug/stm32f4xx_hal_adc.o
HAL_ADCEx_InjectedGetValue                        build/debug/stm32f4xx_hal_adc_ex.o
HAL_ADCEx_InjectedPollForConversion               build/debug/stm32f4xx_hal_adc_ex.o
HAL_ADCEx_InjectedStart                           build/debug/stm32f4xx_hal_adc_ex.o
HAL_ADCEx_InjectedStart_IT                        build/debug/stm32f4xx_hal_adc_ex.o
HAL_ADCEx_InjectedStop                            build/debug/stm32f4xx_hal_adc_ex.o
HAL_ADCEx_InjectedStop_IT                         build/debug/stm32f4xx_hal_adc_ex.o
HAL_ADCEx_MultiModeConfigChannel                  build/debug/stm32f4xx_hal_adc_ex.o
HAL_ADCEx_MultiModeGetValue                       build/debug/stm32f4xx_hal_adc_ex.o
HAL_ADCEx_MultiModeStart_DMA                      build/debug/stm32f4xx_hal_adc_ex.o
HAL_ADCEx_MultiModeStop_DMA                       build/debug/stm32f4xx_hal_adc_ex.o
HAL_ADC_AnalogWDGConfig                           build/debug/stm32f4xx_hal_adc.o
HAL_ADC_ConfigChannel                             build/debug/stm32f4xx_hal_adc.o
HAL_ADC_ConvCpltCallback                          build/debug/stm32f4xx_hal_adc.o
                                                  build/debug/stm32f4xx_hal_adc_ex.o
HAL_ADC_ConvHalfCpltCallback                      build/debug/stm32f4xx_hal_adc.o
                                                  build/debug/stm32f4xx_hal_adc_ex.o
HAL_ADC_DeInit                                    build/debug/stm32f4xx_hal_adc.o
HAL_ADC_ErrorCallback                             build/debug/stm32f4xx_hal_adc.o
                                                  build/debug/stm32f4xx_hal_adc_ex.o
HAL_ADC_GetError                                  build/debug/stm32f4xx_hal_adc.o
HAL_ADC_GetState                                  build/debug/stm32f4xx_hal_adc.o
HAL_ADC_GetValue                                  build/debug/stm32f4xx_hal_adc.o
HAL_ADC_IRQHandler                                build/debug/stm32f4xx_hal_adc.o
HAL_ADC_Init                                      build/debug/stm32f4xx_hal_adc.o
HAL_ADC_LevelOutOfWindowCallback                  build/debug/stm32f4xx_hal_adc.o
HAL_ADC_MspDeInit                                 build/debug/stm32f4xx_hal_adc.o
HAL_ADC_MspInit                                   build/debug/stm32f4xx_hal_adc.o
HAL_ADC_PollForConversion                         build/debug/stm32f4xx_hal_adc.o
HAL_ADC_PollForEvent                              build/debug/stm32f4xx_hal_adc.o
HAL_ADC_Start                                     build/debug/stm32f4xx_hal_adc.o
HAL_ADC_Start_DMA                                 build/debug/stm32f4xx_hal_adc.o
HAL_ADC_Start_IT                                  build/debug/stm32f4xx_hal_adc.o
HAL_ADC_Stop                                      build/debug/stm32f4xx_hal_adc.o
HAL_ADC_Stop_DMA                                  build/debug/stm32f4xx_hal_adc.o
HAL_ADC_Stop_IT                                   build/debug/stm32f4xx_hal_adc.o
HAL_CORTEX_ClearEvent                             build/debug/stm32f4xx_hal_cortex.o
HAL_DBGMCU_DisableDBGSleepMode                    build/debug/stm32f4xx_hal.o
HAL_DBGMCU_DisableDBGStandbyMode                  build/debug/stm32f4xx_hal.o
HAL_DBGMCU_DisableDBGStopMode                     build/debug/stm32f4xx_hal.o
HAL_DBGMCU_EnableDBGSleepMode                     build/debug/stm32f4xx_hal.o
HAL_DBGMCU_EnableDBGStandbyMode                   build/debug/stm32f4xx_hal.o
HAL_DBGMCU_EnableDBGStopMode                      build/debug/stm32f4xx_hal.o
HAL_DMAEx_ChangeMemory                            build/debug/stm32f4xx_hal_dma_ex.o
HAL_DMAEx_MultiBufferStart                        build/debug/stm32f4xx_hal_dma_ex.o
HAL_DMAEx_MultiBufferStart_IT                     build/debug/stm32f4xx_hal_dma_ex.o
HAL_DMA_Abort                                     build/debug/stm32f4xx_hal_dma.o
                                                  build/debug/stm32f4xx_hal_uart.o
                                                  build/debug/stm32f4xx_hal_adc_ex.o
                                                  build/debug/stm32f4xx_hal_adc.o
HAL_DMA_Abort_IT                                  build/debug/stm32f4xx_hal_dma.o
                                                  build/debug/stm32f4xx_hal_uart.o
                                                  build/debug/stm32f4xx_hal_tim_ex.o
                                                  build/debug/stm32f4xx_hal_tim.o
HAL_DMA_DeInit                                    build/debug/stm32f4xx_hal_dma.o
                                                  build/debug/stm32f4xx_hal_msp.o
HAL_DMA_GetError                                  build/debug/stm32f4xx_hal_dma.o
                                                  build/debug/stm32f4xx_hal_uart.o
HAL_DMA_GetState                                  build/debug/stm32f4xx_hal_dma.o
HAL_DMA_IRQHandler                                build/debug/stm32f4xx_hal_dma.o
                                                  build/debug/stm32f4xx_it.o
HAL_DMA_Init                                      build/debug/stm32f4xx_hal_dma.o
                                                  build/debug/stm32f4xx_hal_msp.o
HAL_DMA_PollForTransfer                           build/debug/stm32f4xx_hal_dma.o
HAL_DMA_RegisterCallback                          build/debug/stm32f4xx_hal_dma.o
HAL_DMA_Start                                     build/debug/stm32f4xx_hal_dma.o
HAL_DMA_Start_IT                                  build/debug/stm32f4xx_hal_dma.o
                                                  build/debug/stm32f4xx_hal_uart.o
                                                  build/debug/stm32f4xx_hal_tim_ex.o
                                                  build/debug/stm32f4xx_hal_tim.o
                                                  build/debug/stm32f4xx_hal_adc_ex.o
                                                  build/debug/stm32f4xx_hal_adc.o
HAL_DMA_UnRegisterCallback                        build/debug/stm32f4xx_hal_dma.o
HAL_DeInit                                        build/debug/stm32f4xx_hal.o
HAL_Delay                                         build/debug/stm32f4xx_hal.o
HAL_DisableCompensationCell                       build/debug/stm32f4xx_hal.o
HAL_EXTI_ClearConfigLine                          build/debug/stm32f4xx_hal_exti.o
HAL_EXTI_ClearPending                             build/debug/stm32f4xx_hal_exti.o
HAL_EXTI_GenerateSWI                              build/debug/stm32f4xx_hal_exti.o
HAL_EXTI_GetConfigLine                            build/debug/stm32f4xx_hal_exti.o
HAL_EXTI_GetHandle                                build/debug/stm32f4xx_hal_exti.o
HAL_EXTI_GetPending                               build/debug/stm32f4xx_hal_exti.o
HAL_EXTI_IRQHandler                               build/debug/stm32f4xx_hal_exti.o
HAL_EXTI_RegisterCallback                         build/debug/stm32f4xx_hal_exti.o
HAL_EXTI_SetConfigLine                            build/debug/stm32f4xx_hal_exti.o
HAL_EnableCompensationCell                        build/debug/stm32f4xx_hal.o
HAL_FLASHEx_AdvOBGetConfig                        build/debug/stm32f4xx_hal_flash_ex.o
HAL_FLASHEx_AdvOBProgram                          build/debug/stm32f4xx_hal_flash_ex.o
HAL_FLASHEx_DisableFlashSleepMode                 build/debug/stm32f4xx_hal_flash_ramfunc.o
HAL_FLASHEx_EnableFlashSleepMode                  build/debug/stm32f4xx_hal_flash_ramfunc.o
HAL_FLASHEx_Erase                                 build/debug/stm32f4xx_hal_flash_ex.o
HAL_FLASHEx_Erase_IT                              build/debug/stm32f4xx_hal_flash_ex.o
HAL_FLASHEx_OBGetConfig                           build/debug/stm32f4xx_hal_flash_ex.o
HAL_FLASHEx_OBProgram                             build/debug/stm32f4xx_hal_flash_ex.o
HAL_FLASHEx_OB_DeSelectPCROP                      build/debug/stm32f4xx_hal_flash_ex.o
HAL_FLASHEx_OB_SelectPCROP                        build/debug/stm32f4xx_hal_flash_ex.o
HAL_FLASHEx_StartFlashInterfaceClk                build/debug/stm32f4xx_hal_flash_ramfunc.o
HAL_FLASHEx_StopFlashInterfaceClk                 build/debug/stm32f4xx_hal_flash_ramfunc.o
HAL_FLASH_EndOfOperationCallback                  build/debug/stm32f4xx_hal_flash.o
HAL_FLASH_GetError                                build/debug/stm32f4xx_hal_flash.o
HAL_FLASH_IRQHandler                              build/debug/stm32f4xx_hal_flash.o
HAL_FLASH_Lock                                    build/debug/stm32f4xx_hal_flash.o
HAL_FLASH_OB_Launch                               build/debug/stm32f4xx_hal_flash.o
HAL_FLASH_OB_Lock                                 build/debug/stm32f4xx_hal_flash.o
HAL_FLASH_OB_Unlock                               build/debug/stm32f4xx_hal_flash.o
HAL_FLASH_OperationErrorCallback                  build/debug/stm32f4xx_hal_flash.o
HAL_FLASH_Program                                 build/debug/stm32f4xx_hal_flash.o
HAL_FLASH_Program_IT                              build/debug/stm32f4xx_hal_flash.o
HAL_FLASH_Unlock                                  build/debug/stm32f4xx_hal_flash.o
HAL_GPIO_DeInit                                   build/debug/stm32f4xx_hal_gpio.o
HAL_GPIO_EXTI_Callback                            build/debug/main.o
HAL_GPIO_EXTI_IRQHandler                          build/debug/stm32f4xx_hal_gpio.o
                                                  build/debug/main.o
HAL_GPIO_Init                                     build/debug/stm32f4xx_hal_gpio.o
                                                  build/debug/stm32f4xx_hal_rcc.o
                                                  build/debug/stm32f4xx_hal_msp.o
                                                  build/debug/main.o
HAL_GPIO_LockPin                                  build/debug/stm32f4xx_hal_gpio.o
HAL_GPIO_ReadPin                                  build/debug/stm32f4xx_hal_gpio.o
HAL_GPIO_TogglePin                                build/debug/stm32f4xx_hal_gpio.o
HAL_GPIO_WritePin                                 build/debug/stm32f4xx_hal_gpio.o
                                                  build/debug/main.o
HAL_GetDEVID                                      build/debug/stm32f4xx_hal.o
HAL_GetHalVersion                                 build/debug/stm32f4xx_hal.o
HAL_GetREVID                                      build/debug/stm32f4xx_hal.o
HAL_GetTick                                       build/debug/stm32f4xx_hal.o
                                                  build/debug/stm32f4xx_hal_uart.o
                                                  build/debug/stm32f4xx_hal_rcc_ex.o
                                                  build/debug/stm32f4xx_hal_rcc.o
                                                  build/debug/stm32f4xx_hal_pwr_ex.o
                                                  build/debug/stm32f4xx_hal_flash.o
                                                  build/debug/stm32f4xx_hal_dma.o
                                                  build/debug/stm32f4xx_hal_adc_ex.o
                                                  build/debug/stm32f4xx_hal_adc.o
                                                  build/debug/main.o
HAL_GetTickFreq                                   build/debug/stm32f4xx_hal.o
HAL_GetTickPrio                                   build/debug/stm32f4xx_hal.o
HAL_GetUIDw0                                      build/debug/stm32f4xx_hal.o
HAL_GetUIDw1                                      build/debug/stm32f4xx_hal.o
HAL_GetUIDw2                                      build/debug/stm32f4xx_hal.o
HAL_HalfDuplex_EnableReceiver                     build/debug/stm32f4xx_hal_uart.o
HAL_HalfDuplex_EnableTransmitter                  build/debug/stm32f4xx_hal_uart.o
HAL_HalfDuplex_Init                               build/debug/stm32f4xx_hal_uart.o
HAL_IncTick                                       build/debug/stm32f4xx_hal.o
                                                  build/debug/stm32f4xx_it.o
HAL_Init                                          build/debug/stm32f4xx_hal.o
                                                  build/debug/main.o
HAL_InitTick                                      build/debug/stm32f4xx_hal.o
                                                  build/debug/stm32f4xx_hal_rcc_ex.o
                                                  build/debug/stm32f4xx_hal_rcc.o
HAL_LIN_Init                                      build/debug/stm32f4xx_hal_uart.o
HAL_LIN_SendBreak                                 build/debug/stm32f4xx_hal_uart.o
HAL_MPU_ConfigRegion                              build/debug/stm32f4xx_hal_cortex.o
HAL_MPU_Disable                                   build/debug/stm32f4xx_hal_cortex.o
HAL_MPU_DisableRegion                             build/debug/stm32f4xx_hal_cortex.o
HAL_MPU_Enable                                    build/debug/stm32f4xx_hal_cortex.o
HAL_MPU_EnableRegion                              build/debug/stm32f4xx_hal_cortex.o
HAL_MspDeInit                                     build/debug/stm32f4xx_hal.o
HAL_MspInit                                       build/debug/stm32f4xx_hal_msp.o
                                                  build/debug/stm32f4xx_hal.o
HAL_MultiProcessor_EnterMuteMode                  build/debug/stm32f4xx_hal_uart.o
HAL_MultiProcessor_ExitMuteMode                   build/debug/stm32f4xx_hal_uart.o
HAL_MultiProcessor_Init                           build/debug/stm32f4xx_hal_uart.o
HAL_NVIC_ClearPendingIRQ                          build/debug/stm32f4xx_hal_cortex.o
HAL_NVIC_DisableIRQ                               build/debug/stm32f4xx_hal_cortex.o
HAL_NVIC_EnableIRQ                                build/debug/stm32f4xx_hal_cortex.o
                                                  build/debug/main.o
HAL_NVIC_GetActive                                build/debug/stm32f4xx_hal_cortex.o
HAL_NVIC_GetPendingIRQ                            build/debug/stm32f4xx_hal_cortex.o
HAL_NVIC_GetPriority                              build/debug/stm32f4xx_hal_cortex.o
HAL_NVIC_GetPriorityGrouping                      build/debug/stm32f4xx_hal_cortex.o
HAL_NVIC_SetPendingIRQ                            build/debug/stm32f4xx_hal_cortex.o
HAL_NVIC_SetPriority                              build/debug/stm32f4xx_hal_cortex.o
                                                  build/debug/stm32f4xx_hal.o
                                                  build/debug/main.o
HAL_NVIC_SetPriorityGrouping                      build/debug/stm32f4xx_hal_cortex.o
                                                  build/debug/stm32f4xx_hal.o
HAL_NVIC_SystemReset                              build/debug/stm32f4xx_hal_cortex.o
HAL_PWREx_ControlVoltageScaling                   build/debug/stm32f4xx_hal_pwr_ex.o
HAL_PWREx_DisableBkUpReg                          build/debug/stm32f4xx_hal_pwr_ex.o
HAL_PWREx_DisableFlashPowerDown                   build/debug/stm32f4xx_hal_pwr_ex.o
HAL_PWREx_DisableOverDrive                        build/debug/stm32f4xx_hal_pwr_ex.o
HAL_PWREx_EnableBkUpReg                           build/debug/stm32f4xx_hal_pwr_ex.o
HAL_PWREx_EnableFlashPowerDown                    build/debug/stm32f4xx_hal_pwr_ex.o
HAL_PWREx_EnableOverDrive                         build/debug/stm32f4xx_hal_pwr_ex.o
HAL_PWREx_EnterUnderDriveSTOPMode                 build/debug/stm32f4xx_hal_pwr_ex.o
HAL_PWREx_GetVoltageRange                         build/debug/stm32f4xx_hal_pwr_ex.o
HAL_PWR_ConfigPVD                                 build/debug/stm32f4xx_hal_pwr.o
HAL_PWR_DeInit                                    build/debug/stm32f4xx_hal_pwr.o
HAL_PWR_DisableBkUpAccess                         build/debug/stm32f4xx_hal_pwr.o
HAL_PWR_DisablePVD                                build/debug/stm32f4xx_hal_pwr.o
HAL_PWR_DisableSEVOnPend                          build/debug/stm32f4xx_hal_pwr.o
HAL_PWR_DisableSleepOnExit                        build/debug/stm32f4xx_hal_pwr.o
HAL_PWR_DisableWakeUpPin                          build/debug/stm32f4xx_hal_pwr.o
HAL_PWR_EnableBkUpAccess                          build/debug/stm32f4xx_hal_pwr.o
HAL_PWR_EnablePVD                                 build/debug/stm32f4xx_hal_pwr.o
HAL_PWR_EnableSEVOnPend                           build/debug/stm32f4xx_hal_pwr.o
HAL_PWR_EnableSleepOnExit                         build/debug/stm32f4xx_hal_pwr.o
HAL_PWR_EnableWakeUpPin                           build/debug/stm32f4xx_hal_pwr.o
HAL_PWR_EnterSLEEPMode                            build/debug/stm32f4xx_hal_pwr.o
HAL_PWR_EnterSTANDBYMode                          build/debug/stm32f4xx_hal_pwr.o
HAL_PWR_EnterSTOPMode                             build/debug/stm32f4xx_hal_pwr.o
HAL_PWR_PVDCallback                               build/debug/stm32f4xx_hal_pwr.o
HAL_PWR_PVD_IRQHandler                            build/debug/stm32f4xx_hal_pwr.o
HAL_RCCEx_DisablePLLI2S                           build/debug/stm32f4xx_hal_rcc_ex.o
HAL_RCCEx_DisablePLLSAI                           build/debug/stm32f4xx_hal_rcc_ex.o
HAL_RCCEx_EnablePLLI2S                            build/debug/stm32f4xx_hal_rcc_ex.o
HAL_RCCEx_EnablePLLSAI                            build/debug/stm32f4xx_hal_rcc_ex.o
HAL_RCCEx_GetPeriphCLKConfig                      build/debug/stm32f4xx_hal_rcc_ex.o
HAL_RCCEx_GetPeriphCLKFreq                        build/debug/stm32f4xx_hal_rcc_ex.o
HAL_RCCEx_PeriphCLKConfig                         build/debug/stm32f4xx_hal_rcc_ex.o
HAL_RCCEx_SelectLSEMode                           build/debug/stm32f4xx_hal_rcc_ex.o
HAL_RCC_CSSCallback                               build/debug/stm32f4xx_hal_rcc.o
HAL_RCC_ClockConfig                               build/debug/stm32f4xx_hal_rcc.o
                                                  build/debug/main.o
HAL_RCC_DeInit                                    build/debug/stm32f4xx_hal_rcc_ex.o
                                                  build/debug/stm32f4xx_hal_rcc.o
HAL_RCC_DisableCSS                                build/debug/stm32f4xx_hal_rcc.o
HAL_RCC_EnableCSS                                 build/debug/stm32f4xx_hal_rcc.o